04-26 12:37:16.558 21843-21849/no.uio.ifi.viettt.mscosa W/art: Suspending all threads took: 6.944ms
04-26 12:37:18.021 21843-21853/no.uio.ifi.viettt.mscosa I/art: Background partial concurrent mark sweep GC freed 550420(17MB) AllocSpace objects, 0(0B) LOS objects, 15% free, 88MB/104MB, paused 450us total 111.599ms
04-26 12:37:18.201 21843-24270/no.uio.ifi.viettt.mscosa I/System.out: buffer waiting in list: 2, curr size: 44454
04-26 12:37:18.201 21843-24270/no.uio.ifi.viettt.mscosa I/DB SERVICE: 1669 request saving
04-26 12:37:18.448 21843-27593/no.uio.ifi.viettt.mscosa I/System.out: buffer waiting in list: 8, curr size: 2658
04-26 12:37:18.449 21843-27593/no.uio.ifi.viettt.mscosa I/DB SERVICE: 1679 request saving
04-26 12:37:18.707 21843-28917/no.uio.ifi.viettt.mscosa I/System.out: buffer waiting in list: 8, curr size: 2658
04-26 12:37:18.708 21843-28917/no.uio.ifi.viettt.mscosa I/DB SERVICE: 1681 request saving
04-26 12:37:19.649 21843-21849/no.uio.ifi.viettt.mscosa W/art: Suspending all threads took: 92.897ms
04-26 12:37:19.696 21843-21853/no.uio.ifi.viettt.mscosa I/art: Background partial concurrent mark sweep GC freed 566325(17MB) AllocSpace objects, 2(56KB) LOS objects, 15% free, 86MB/102MB, paused 388us total 145.422ms
04-26 12:37:21.109 21843-21849/no.uio.ifi.viettt.mscosa W/art: Suspending all threads took: 49.115ms
04-26 12:37:21.152 21843-21853/no.uio.ifi.viettt.mscosa I/art: Background partial concurrent mark sweep GC freed 511137(15MB) AllocSpace objects, 0(0B) LOS objects, 15% free, 87MB/103MB, paused 480us total 112.679ms
04-26 12:37:22.630 21843-21849/no.uio.ifi.viettt.mscosa W/art: Suspending all threads took: 67.346ms
04-26 12:37:22.649 21843-21853/no.uio.ifi.viettt.mscosa W/art: Suspending all threads took: 18.947ms
04-26 12:37:22.720 21843-21853/no.uio.ifi.viettt.mscosa I/art: Background partial concurrent mark sweep GC freed 519101(16MB) AllocSpace objects, 0(0B) LOS objects, 15% free, 89MB/105MB, paused 20.629ms total 164.449ms
04-26 12:37:24.327 21843-21853/no.uio.ifi.viettt.mscosa I/art: Background partial concurrent mark sweep GC freed 605785(18MB) AllocSpace objects, 0(0B) LOS objects, 15% free, 89MB/105MB, paused 811us total 134.348ms
04-26 12:37:25.099 21843-21849/no.uio.ifi.viettt.mscosa W/art: Suspending all threads took: 29.234ms
04-26 12:37:26.640 21843-21849/no.uio.ifi.viettt.mscosa W/art: Suspending all threads took: 54.167ms
04-26 12:37:26.656 21843-21853/no.uio.ifi.viettt.mscosa W/art: Suspending all threads took: 16.122ms
04-26 12:37:26.717 21843-21853/no.uio.ifi.viettt.mscosa I/art: Background partial concurrent mark sweep GC freed 537183(16MB) AllocSpace objects, 0(0B) LOS objects, 14% free, 90MB/106MB, paused 17.303ms total 174.811ms
04-26 12:37:29.800 21843-21853/no.uio.ifi.viettt.mscosa I/art: Background partial concurrent mark sweep GC freed 553527(17MB) AllocSpace objects, 0(0B) LOS objects, 14% free, 91MB/107MB, paused 451us total 120.807ms
04-26 12:37:31.404 21843-21853/no.uio.ifi.viettt.mscosa I/art: Background partial concurrent mark sweep GC freed 594547(18MB) AllocSpace objects, 0(0B) LOS objects, 14% free, 91MB/107MB, paused 1.518ms total 131.763ms
04-26 12:37:32.004 21843-30472/no.uio.ifi.viettt.mscosa I/System.out: ---------> DONE DB JOB 18994 milliseconds
04-26 12:37:32.004 21843-30472/no.uio.ifi.viettt.mscosa I/System.out: BUFF FOR DB 4
04-26 12:37:32.126 21843-21849/no.uio.ifi.viettt.mscosa W/art: Suspending all threads took: 16.713ms
04-26 12:37:32.137 21843-21853/no.uio.ifi.viettt.mscosa W/art: Suspending all threads took: 10.984ms
04-26 12:37:32.229 21843-21853/no.uio.ifi.viettt.mscosa I/art: Background sticky concurrent mark sweep GC freed 490298(15MB) AllocSpace objects, 0(0B) LOS objects, 11% free, 94MB/107MB, paused 12.613ms total 138.913ms
04-26 12:37:32.234 21843-21853/no.uio.ifi.viettt.mscosa W/art: Suspending all threads took: 5.116ms
04-26 12:37:32.665 21843-21849/no.uio.ifi.viettt.mscosa W/art: Suspending all threads took: 55.069ms
04-26 12:37:32.681 21843-21853/no.uio.ifi.viettt.mscosa W/art: Suspending all threads took: 15.914ms
04-26 12:37:32.757 21843-21853/no.uio.ifi.viettt.mscosa I/art: Background partial concurrent mark sweep GC freed 493911(16MB) AllocSpace objects, 0(0B) LOS objects, 14% free, 93MB/109MB, paused 16.473ms total 169.085ms
04-26 12:37:32.801 21843-30472/no.uio.ifi.viettt.mscosa I/System.out: DONE BUFF 797 milliseconds
04-26 12:37:32.801 21843-30472/no.uio.ifi.viettt.mscosa I/System.out: ---------> CONNECT TO DB 4
04-26 12:37:34.235 21843-26362/no.uio.ifi.viettt.mscosa I/System.out: buffer waiting in list: 11, curr size: 21960
04-26 12:37:34.235 21843-26362/no.uio.ifi.viettt.mscosa I/DB SERVICE: 1674 request saving
04-26 12:37:35.912 21843-21853/no.uio.ifi.viettt.mscosa I/art: Background partial concurrent mark sweep GC freed 612236(19MB) AllocSpace objects, 0(0B) LOS objects, 14% free, 92MB/108MB, paused 1.094ms total 149.735ms
04-26 12:37:36.640 21843-21849/no.uio.ifi.viettt.mscosa W/art: Suspending all threads took: 22.110ms
04-26 12:37:36.653 21843-21853/no.uio.ifi.viettt.mscosa W/art: Suspending all threads took: 13.619ms
04-26 12:37:36.726 21843-21853/no.uio.ifi.viettt.mscosa I/art: Background sticky concurrent mark sweep GC freed 523298(16MB) AllocSpace objects, 0(0B) LOS objects, 13% free, 93MB/108MB, paused 14.466ms total 111.556ms
04-26 12:37:37.548 21843-21853/no.uio.ifi.viettt.mscosa I/art: Background partial concurrent mark sweep GC freed 609899(18MB) AllocSpace objects, 0(0B) LOS objects, 14% free, 92MB/108MB, paused 671us total 151.458ms
04-26 12:37:38.338 21843-24270/no.uio.ifi.viettt.mscosa I/System.out: buffer waiting in list: 3, curr size: 45330
04-26 12:37:38.338 21843-24270/no.uio.ifi.viettt.mscosa I/DB SERVICE: 1669 request saving
04-26 12:37:38.606 21843-27593/no.uio.ifi.viettt.mscosa I/System.out: buffer waiting in list: 11, curr size: 2646
04-26 12:37:38.606 21843-27593/no.uio.ifi.viettt.mscosa I/DB SERVICE: 1679 request saving
04-26 12:37:38.885 21843-28917/no.uio.ifi.viettt.mscosa I/System.out: buffer waiting in list: 11, curr size: 2646
04-26 12:37:38.885 21843-28917/no.uio.ifi.viettt.mscosa I/DB SERVICE: 1681 request saving
04-26 12:37:40.668 21843-21849/no.uio.ifi.viettt.mscosa W/art: Suspending all threads took: 25.338ms
04-26 12:37:40.689 21843-21853/no.uio.ifi.viettt.mscosa I/art: Background partial concurrent mark sweep GC freed 636528(19MB) AllocSpace objects, 0(0B) LOS objects, 14% free, 91MB/107MB, paused 1.693ms total 160.850ms
04-26 12:37:42.170 21843-21849/no.uio.ifi.viettt.mscosa W/art: Suspending all threads took: 27.104ms
04-26 12:37:42.186 21843-21853/no.uio.ifi.viettt.mscosa W/art: Suspending all threads took: 15.980ms
04-26 12:37:42.250 21843-21853/no.uio.ifi.viettt.mscosa I/art: Background partial concurrent mark sweep GC freed 536679(16MB) AllocSpace objects, 0(0B) LOS objects, 14% free, 93MB/109MB, paused 17.148ms total 169.552ms
04-26 12:37:43.888 21843-21853/no.uio.ifi.viettt.mscosa I/art: Background partial concurrent mark sweep GC freed 628684(19MB) AllocSpace objects, 0(0B) LOS objects, 14% free, 93MB/109MB, paused 2.210ms total 158.976ms
04-26 12:37:44.675 21843-21853/no.uio.ifi.viettt.mscosa I/art: Background sticky concurrent mark sweep GC freed 557075(17MB) AllocSpace objects, 0(0B) LOS objects, 14% free, 93MB/109MB, paused 750us total 105.216ms
04-26 12:37:45.525 21843-21853/no.uio.ifi.viettt.mscosa I/art: Background partial concurrent mark sweep GC freed 612800(18MB) AllocSpace objects, 0(0B) LOS objects, 14% free, 94MB/110MB, paused 1.102ms total 165.902ms
04-26 12:37:47.148 21843-21853/no.uio.ifi.viettt.mscosa I/art: Background partial concurrent mark sweep GC freed 599249(18MB) AllocSpace objects, 0(0B) LOS objects, 14% free, 94MB/110MB, paused 1.641ms total 161.418ms
04-26 12:37:48.707 21843-21849/no.uio.ifi.viettt.mscosa W/art: Suspending all threads took: 39.960ms
04-26 12:37:48.717 21843-21853/no.uio.ifi.viettt.mscosa W/art: Suspending all threads took: 10.372ms
04-26 12:37:48.788 21843-21853/no.uio.ifi.viettt.mscosa I/art: Background partial concurrent mark sweep GC freed 568145(17MB) AllocSpace objects, 0(0B) LOS objects, 14% free, 96MB/112MB, paused 10.943ms total 170.986ms
04-26 12:37:50.436 21843-21853/no.uio.ifi.viettt.mscosa I/art: Background partial concurrent mark sweep GC freed 613868(18MB) AllocSpace objects, 0(0B) LOS objects, 14% free, 95MB/111MB, paused 1.811ms total 172.779ms
04-26 12:37:51.206 21843-21849/no.uio.ifi.viettt.mscosa W/art: Suspending all threads took: 28.932ms
04-26 12:37:52.355 21843-30472/no.uio.ifi.viettt.mscosa I/System.out: ---------> DONE DB JOB 19554 milliseconds
04-26 12:37:52.355 21843-30472/no.uio.ifi.viettt.mscosa I/System.out: BUFF FOR DB 5
04-26 12:37:52.701 21843-21849/no.uio.ifi.viettt.mscosa W/art: Suspending all threads took: 16.592ms
04-26 12:37:52.821 21843-21853/no.uio.ifi.viettt.mscosa I/art: Background partial concurrent mark sweep GC freed 631348(20MB) AllocSpace objects, 0(0B) LOS objects, 14% free, 97MB/113MB, paused 3.362ms total 243.760ms
04-26 12:37:53.003 21843-30472/no.uio.ifi.viettt.mscosa I/System.out: DONE BUFF 647 milliseconds
04-26 12:37:53.003 21843-30472/no.uio.ifi.viettt.mscosa I/System.out: ---------> CONNECT TO DB 5
04-26 12:37:54.393 21843-21853/no.uio.ifi.viettt.mscosa I/art: Background partial concurrent mark sweep GC freed 590107(18MB) AllocSpace objects, 0(0B) LOS objects, 14% free, 97MB/113MB, paused 616us total 128.904ms
04-26 12:37:54.548 21843-26362/no.uio.ifi.viettt.mscosa I/System.out: buffer waiting in list: 14, curr size: 21762
04-26 12:37:54.548 21843-26362/no.uio.ifi.viettt.mscosa I/DB SERVICE: 1674 request saving
04-26 12:37:58.609 21843-24270/no.uio.ifi.viettt.mscosa I/System.out: buffer waiting in list: 4, curr size: 44472
04-26 12:37:58.609 21843-24270/no.uio.ifi.viettt.mscosa I/DB SERVICE: 1669 request saving
04-26 12:37:58.864 21843-27593/no.uio.ifi.viettt.mscosa I/System.out: buffer waiting in list: 14, curr size: 2664
04-26 12:37:58.864 21843-27593/no.uio.ifi.viettt.mscosa I/DB SERVICE: 1679 request saving
04-26 12:37:59.174 21843-28917/no.uio.ifi.viettt.mscosa I/System.out: buffer waiting in list: 14, curr size: 2670
04-26 12:37:59.174 21843-28917/no.uio.ifi.viettt.mscosa I/DB SERVICE: 1681 request saving
04-26 12:37:59.256 21843-21849/no.uio.ifi.viettt.mscosa W/art: Suspending all threads took: 31.027ms
04-26 12:37:59.270 21843-21853/no.uio.ifi.viettt.mscosa W/art: Suspending all threads took: 14.316ms
04-26 12:37:59.287 21843-21853/no.uio.ifi.viettt.mscosa I/art: Background partial concurrent mark sweep GC freed 142968(5MB) AllocSpace objects, 0(0B) LOS objects, 12% free, 114MB/130MB, paused 15.371ms total 148.125ms
04-26 12:38:02.435 21843-21853/no.uio.ifi.viettt.mscosa I/art: Background partial concurrent mark sweep GC freed 591405(18MB) AllocSpace objects, 0(0B) LOS objects, 12% free, 115MB/131MB, paused 2.039ms total 159.775ms
04-26 12:38:04.083 21843-21853/no.uio.ifi.viettt.mscosa I/art: Background partial concurrent mark sweep GC freed 587566(17MB) AllocSpace objects, 0(0B) LOS objects, 12% free, 116MB/132MB, paused 1.690ms total 136.207ms
04-26 12:38:09.473 21843-21853/no.uio.ifi.viettt.mscosa I/art: Background partial concurrent mark sweep GC freed 566254(17MB) AllocSpace objects, 0(0B) LOS objects, 11% free, 117MB/133MB, paused 496us total 166.454ms
04-26 12:38:12.275 21843-30472/no.uio.ifi.viettt.mscosa I/System.out: ---------> DONE DB JOB 19272 milliseconds
04-26 12:38:12.275 21843-30472/no.uio.ifi.viettt.mscosa I/System.out: BUFF FOR DB 6
04-26 12:38:12.617 21843-21853/no.uio.ifi.viettt.mscosa I/art: Background partial concurrent mark sweep GC freed 662222(21MB) AllocSpace objects, 0(0B) LOS objects, 12% free, 117MB/133MB, paused 2.786ms total 174.005ms
04-26 12:38:12.915 21843-30472/no.uio.ifi.viettt.mscosa I/System.out: DONE BUFF 640 milliseconds
04-26 12:38:12.915 21843-30472/no.uio.ifi.viettt.mscosa I/System.out: ---------> CONNECT TO DB 6
04-26 12:38:14.094 21843-21853/no.uio.ifi.viettt.mscosa I/art: Background partial concurrent mark sweep GC freed 565836(17MB) AllocSpace objects, 0(0B) LOS objects, 11% free, 119MB/135MB, paused 2.085ms total 180.532ms
04-26 12:38:14.338 21843-26362/no.uio.ifi.viettt.mscosa I/System.out: buffer waiting in list: 17, curr size: 21978
04-26 12:38:14.339 21843-26362/no.uio.ifi.viettt.mscosa I/DB SERVICE: 1674 request saving
04-26 12:38:14.832 21843-21849/no.uio.ifi.viettt.mscosa W/art: Suspending all threads took: 15.344ms
04-26 12:38:14.857 21843-21853/no.uio.ifi.viettt.mscosa W/art: Suspending all threads took: 24.914ms
04-26 12:38:14.923 21843-21853/no.uio.ifi.viettt.mscosa I/art: Background sticky concurrent mark sweep GC freed 527669(16MB) AllocSpace objects, 0(0B) LOS objects, 10% free, 120MB/135MB, paused 25.663ms total 114.797ms
04-26 12:38:15.755 21843-21853/no.uio.ifi.viettt.mscosa I/art: Background partial concurrent mark sweep GC freed 647743(20MB) AllocSpace objects, 0(0B) LOS objects, 11% free, 119MB/135MB, paused 960us total 185.066ms
04-26 12:38:17.334 21843-21849/no.uio.ifi.viettt.mscosa W/art: Suspending all threads took: 7.646ms
04-26 12:38:17.359 21843-21853/no.uio.ifi.viettt.mscosa W/art: Suspending all threads took: 6.717ms
04-26 12:38:18.217 21843-21853/no.uio.ifi.viettt.mscosa I/art: Background partial concurrent mark sweep GC freed 599125(18MB) AllocSpace objects, 0(0B) LOS objects, 11% free, 120MB/136MB, paused 1.765ms total 167.840ms
04-26 12:38:18.388 21843-24270/no.uio.ifi.viettt.mscosa I/System.out: buffer waiting in list: 5, curr size: 43956
04-26 12:38:18.388 21843-24270/no.uio.ifi.viettt.mscosa I/DB SERVICE: 1669 request saving
04-26 12:38:18.637 21843-27593/no.uio.ifi.viettt.mscosa I/System.out: buffer waiting in list: 17, curr size: 2670
04-26 12:38:18.637 21843-27593/no.uio.ifi.viettt.mscosa I/DB SERVICE: 1679 request saving
04-26 12:38:18.885 21843-28917/no.uio.ifi.viettt.mscosa I/System.out: buffer waiting in list: 17, curr size: 2694
04-26 12:38:18.885 21843-28917/no.uio.ifi.viettt.mscosa I/DB SERVICE: 1681 request saving
04-26 12:38:22.751 21843-21853/no.uio.ifi.viettt.mscosa I/art: Background partial concurrent mark sweep GC freed 590864(18MB) AllocSpace objects, 0(0B) LOS objects, 11% free, 119MB/135MB, paused 899us total 143.377ms
04-26 12:38:24.389 21843-21849/no.uio.ifi.viettt.mscosa W/art: Suspending all threads took: 24.422ms
04-26 12:38:24.408 21843-21853/no.uio.ifi.viettt.mscosa W/art: Suspending all threads took: 18.363ms
04-26 12:38:24.469 21843-21853/no.uio.ifi.viettt.mscosa I/art: Background partial concurrent mark sweep GC freed 587116(18MB) AllocSpace objects, 0(0B) LOS objects, 11% free, 121MB/137MB, paused 19.408ms total 209.920ms
04-26 12:38:29.608 21843-21843/no.uio.ifi.viettt.mscosa V/BoostFramework: BoostFramework() : mPerf = com.qualcomm.qti.Performance@b73ee4
04-26 12:38:29.609 21843-21843/no.uio.ifi.viettt.mscosa V/BoostFramework: BoostFramework() : mPerf = com.qualcomm.qti.Performance@b876f4d
04-26 12:38:29.931 21843-21849/no.uio.ifi.viettt.mscosa W/art: Suspending all threads took: 30.251ms
04-26 12:38:29.953 21843-21853/no.uio.ifi.viettt.mscosa I/art: Background partial concurrent mark sweep GC freed 587015(18MB) AllocSpace objects, 0(0B) LOS objects, 11% free, 121MB/137MB, paused 1.730ms total 211.727ms
04-26 12:38:30.983 21843-21843/no.uio.ifi.viettt.mscosa I/Timeline: Timeline: Activity_launch_request time:58144079
04-26 12:38:31.086 21843-21843/no.uio.ifi.viettt.mscosa D/ActivityThreadInjector: clearCachedDrawables.
04-26 12:38:31.204 21843-21843/no.uio.ifi.viettt.mscosa E/SpannableStringBuilder: SPAN_EXCLUSIVE_EXCLUSIVE spans cannot have a zero length
04-26 12:38:31.204 21843-21843/no.uio.ifi.viettt.mscosa E/SpannableStringBuilder: SPAN_EXCLUSIVE_EXCLUSIVE spans cannot have a zero length
04-26 12:38:31.208 21843-21843/no.uio.ifi.viettt.mscosa E/SpannableStringBuilder: SPAN_EXCLUSIVE_EXCLUSIVE spans cannot have a zero length
04-26 12:38:31.208 21843-21843/no.uio.ifi.viettt.mscosa E/SpannableStringBuilder: SPAN_EXCLUSIVE_EXCLUSIVE spans cannot have a zero length
04-26 12:38:31.558 21843-21849/no.uio.ifi.viettt.mscosa W/art: Suspending all threads took: 151.528ms
04-26 12:38:31.577 21843-21853/no.uio.ifi.viettt.mscosa I/art: Background partial concurrent mark sweep GC freed 499466(15MB) AllocSpace objects, 2(56KB) LOS objects, 11% free, 122MB/138MB, paused 479us total 177.005ms
04-26 12:38:32.355 21843-30472/no.uio.ifi.viettt.mscosa I/System.out: ---------> DONE DB JOB 19439 milliseconds
04-26 12:38:32.355 21843-30472/no.uio.ifi.viettt.mscosa I/System.out: BUFF FOR DB 7
04-26 12:38:32.957 21843-30472/no.uio.ifi.viettt.mscosa I/System.out: DONE BUFF 602 milliseconds
04-26 12:38:32.958 21843-30472/no.uio.ifi.viettt.mscosa I/System.out: ---------> CONNECT TO DB 7
04-26 12:38:33.442 21843-21853/no.uio.ifi.viettt.mscosa I/art: Background partial concurrent mark sweep GC freed 541124(17MB) AllocSpace objects, 0(0B) LOS objects, 11% free, 123MB/139MB, paused 1.954ms total 171.004ms
04-26 12:38:34.589 21843-26362/no.uio.ifi.viettt.mscosa I/System.out: buffer waiting in list: 20, curr size: 22518
04-26 12:38:34.589 21843-26362/no.uio.ifi.viettt.mscosa I/DB SERVICE: 1674 request saving
04-26 12:38:38.614 21843-24270/no.uio.ifi.viettt.mscosa I/System.out: buffer waiting in list: 6, curr size: 43980
04-26 12:38:38.615 21843-24270/no.uio.ifi.viettt.mscosa I/DB SERVICE: 1669 request saving
04-26 12:38:38.627 21843-21843/no.uio.ifi.viettt.mscosa W/MIUI-BLOCK-MONITOR: The msg { when=0 callback=android.view.View$PerformClick target=android.view.ViewRootImpl$ViewRootHandler planTime=1493203112372 dispatchTime=1493203112372 finishTime=0 } took 6255ms and took 6255ms after dispatch.
04-26 12:38:38.629 21843-21843/no.uio.ifi.viettt.mscosa I/Choreographer: Skipped 374 frames!  The application may be doing too much work on its main thread.
04-26 12:38:38.881 21843-27593/no.uio.ifi.viettt.mscosa I/System.out: buffer waiting in list: 20, curr size: 2682
04-26 12:38:38.882 21843-27593/no.uio.ifi.viettt.mscosa I/DB SERVICE: 1679 request saving
04-26 12:38:39.181 21843-28917/no.uio.ifi.viettt.mscosa I/System.out: buffer waiting in list: 20, curr size: 2682
04-26 12:38:39.182 21843-28917/no.uio.ifi.viettt.mscosa I/DB SERVICE: 1681 request saving
04-26 12:38:40.036 21843-21849/no.uio.ifi.viettt.mscosa W/art: Suspending all threads took: 83.674ms
04-26 12:38:40.052 21843-21853/no.uio.ifi.viettt.mscosa W/art: Suspending all threads took: 15.707ms
04-26 12:38:40.112 21843-21853/no.uio.ifi.viettt.mscosa I/art: Background partial concurrent mark sweep GC freed 526893(17MB) AllocSpace objects, 0(0B) LOS objects, 11% free, 124MB/140MB, paused 17.223ms total 189ms
04-26 12:38:42.476 21843-21849/no.uio.ifi.viettt.mscosa W/art: Suspending all threads took: 12.097ms
04-26 12:38:42.933 21843-21843/no.uio.ifi.viettt.mscosa V/BoostFramework: BoostFramework() : mPerf = com.qualcomm.qti.Performance@4e54dbb
04-26 12:38:42.933 21843-21843/no.uio.ifi.viettt.mscosa V/BoostFramework: BoostFramework() : mPerf = com.qualcomm.qti.Performance@cf342d8
04-26 12:38:43.368 21843-21853/no.uio.ifi.viettt.mscosa I/art: Background partial concurrent mark sweep GC freed 592383(18MB) AllocSpace objects, 0(0B) LOS objects, 11% free, 125MB/141MB, paused 1.935ms total 165.030ms
04-26 12:38:45.010 21843-21849/no.uio.ifi.viettt.mscosa W/art: Suspending all threads took: 35.594ms
04-26 12:38:45.024 21843-21853/no.uio.ifi.viettt.mscosa W/art: Suspending all threads took: 13.766ms
04-26 12:38:45.075 21843-21853/no.uio.ifi.viettt.mscosa I/art: Background partial concurrent mark sweep GC freed 610105(18MB) AllocSpace objects, 0(0B) LOS objects, 11% free, 126MB/142MB, paused 15.219ms total 210.434ms
04-26 12:38:48.286 21843-21853/no.uio.ifi.viettt.mscosa I/art: Background partial concurrent mark sweep GC freed 574245(17MB) AllocSpace objects, 0(0B) LOS objects, 11% free, 126MB/142MB, paused 1.290ms total 159.413ms
04-26 12:38:49.017 21843-21849/no.uio.ifi.viettt.mscosa W/art: Suspending all threads took: 18.209ms
04-26 12:38:49.031 21843-21853/no.uio.ifi.viettt.mscosa W/art: Suspending all threads took: 13.801ms
04-26 12:38:49.092 21843-21853/no.uio.ifi.viettt.mscosa I/art: Background sticky concurrent mark sweep GC freed 530768(16MB) AllocSpace objects, 0(0B) LOS objects, 10% free, 127MB/142MB, paused 14.600ms total 96.382ms
04-26 12:38:49.956 21843-21853/no.uio.ifi.viettt.mscosa I/art: Background partial concurrent mark sweep GC freed 631254(19MB) AllocSpace objects, 0(0B) LOS objects, 11% free, 127MB/143MB, paused 604us total 210.059ms
04-26 12:38:52.217 21843-21843/no.uio.ifi.viettt.mscosa V/BoostFramework: BoostFramework() : mPerf = com.qualcomm.qti.Performance@bb63276
04-26 12:38:52.218 21843-21843/no.uio.ifi.viettt.mscosa V/BoostFramework: BoostFramework() : mPerf = com.qualcomm.qti.Performance@d37a077
04-26 12:38:52.225 21843-21843/no.uio.ifi.viettt.mscosa V/BoostFramework: BoostFramework() : mPerf = com.qualcomm.qti.Performance@34b0002
04-26 12:38:52.226 21843-21843/no.uio.ifi.viettt.mscosa V/BoostFramework: BoostFramework() : mPerf = com.qualcomm.qti.Performance@47bcd13
04-26 12:38:52.393 21843-21843/no.uio.ifi.viettt.mscosa W/IInputConnectionWrapper: finishComposingText on inactive InputConnection
04-26 12:38:52.420 21843-21853/no.uio.ifi.viettt.mscosa I/art: Background partial concurrent mark sweep GC freed 573419(17MB) AllocSpace objects, 0(0B) LOS objects, 11% free, 129MB/145MB, paused 3.485ms total 240.990ms
04-26 12:38:52.470 21843-21843/no.uio.ifi.viettt.mscosa W/IInputConnectionWrapper: finishComposingText on inactive InputConnection
04-26 12:38:52.864 21843-30472/no.uio.ifi.viettt.mscosa I/System.out: ---------> DONE DB JOB 19906 milliseconds
04-26 12:38:52.864 21843-30472/no.uio.ifi.viettt.mscosa I/System.out: BUFF FOR DB 8
04-26 12:38:53.253 21843-21853/no.uio.ifi.viettt.mscosa I/art: Background sticky concurrent mark sweep GC freed 520426(15MB) AllocSpace objects, 0(0B) LOS objects, 7% free, 133MB/145MB, paused 3.278ms total 165.360ms
04-26 12:38:53.503 21843-30472/no.uio.ifi.viettt.mscosa I/System.out: DONE BUFF 639 milliseconds
04-26 12:38:53.503 21843-30472/no.uio.ifi.viettt.mscosa I/System.out: ---------> CONNECT TO DB 8
04-26 12:38:53.884 21843-21853/no.uio.ifi.viettt.mscosa I/art: Background partial concurrent mark sweep GC freed 614305(20MB) AllocSpace objects, 0(0B) LOS objects, 11% free, 129MB/145MB, paused 2.663ms total 227.112ms
04-26 12:38:55.106 21843-26362/no.uio.ifi.viettt.mscosa I/System.out: buffer waiting in list: 23, curr size: 23178
04-26 12:38:55.107 21843-26362/no.uio.ifi.viettt.mscosa I/DB SERVICE: 1674 request saving
04-26 12:38:57.059 21843-21849/no.uio.ifi.viettt.mscosa W/art: Suspending all threads took: 13.807ms
04-26 12:38:59.213 21843-24270/no.uio.ifi.viettt.mscosa I/System.out: buffer waiting in list: 7, curr size: 44172
04-26 12:38:59.214 21843-24270/no.uio.ifi.viettt.mscosa I/DB SERVICE: 1669 request saving
04-26 12:38:59.506 21843-27593/no.uio.ifi.viettt.mscosa I/System.out: buffer waiting in list: 23, curr size: 2682
04-26 12:38:59.506 21843-27593/no.uio.ifi.viettt.mscosa I/DB SERVICE: 1679 request saving
04-26 12:38:59.789 21843-28917/no.uio.ifi.viettt.mscosa I/System.out: buffer waiting in list: 23, curr size: 2676
04-26 12:38:59.790 21843-28917/no.uio.ifi.viettt.mscosa I/DB SERVICE: 1681 request saving
04-26 12:39:04.562 21843-21853/no.uio.ifi.viettt.mscosa I/art: Background partial concurrent mark sweep GC freed 603172(19MB) AllocSpace objects, 0(0B) LOS objects, 10% free, 130MB/146MB, paused 618us total 219.913ms
04-26 12:39:06.113 21843-21849/no.uio.ifi.viettt.mscosa W/art: Suspending all threads took: 19.751ms
04-26 12:39:07.009 21843-21853/no.uio.ifi.viettt.mscosa I/art: Background partial concurrent mark sweep GC freed 606504(18MB) AllocSpace objects, 0(0B) LOS objects, 10% free, 131MB/147MB, paused 1.432ms total 190.914ms
04-26 12:39:10.134 21843-21849/no.uio.ifi.viettt.mscosa W/art: Suspending all threads took: 13.499ms
04-26 12:39:11.015 21843-21853/no.uio.ifi.viettt.mscosa I/art: Background partial concurrent mark sweep GC freed 615279(19MB) AllocSpace objects, 0(0B) LOS objects, 10% free, 132MB/148MB, paused 1.571ms total 211.752ms
04-26 12:39:13.280 21843-30472/no.uio.ifi.viettt.mscosa I/System.out: ---------> DONE DB JOB 19777 milliseconds
04-26 12:39:13.281 21843-30472/no.uio.ifi.viettt.mscosa I/System.out: BUFF FOR DB 9
04-26 12:39:13.417 21843-21853/no.uio.ifi.viettt.mscosa I/art: Background sticky concurrent mark sweep GC freed 526715(15MB) AllocSpace objects, 0(0B) LOS objects, 8% free, 135MB/148MB, paused 3.676ms total 117.878ms
04-26 12:39:13.959 21843-30472/no.uio.ifi.viettt.mscosa I/System.out: DONE BUFF 678 milliseconds
04-26 12:39:13.959 21843-30472/no.uio.ifi.viettt.mscosa I/System.out: ---------> CONNECT TO DB 9
04-26 12:39:14.059 21843-21853/no.uio.ifi.viettt.mscosa I/art: Background partial concurrent mark sweep GC freed 619743(21MB) AllocSpace objects, 0(0B) LOS objects, 10% free, 133MB/149MB, paused 3.262ms total 255.602ms
04-26 12:39:15.475 21843-26362/no.uio.ifi.viettt.mscosa I/System.out: buffer waiting in list: 26, curr size: 22158
04-26 12:39:15.476 21843-26362/no.uio.ifi.viettt.mscosa I/DB SERVICE: 1674 request saving
04-26 12:39:15.660 21843-21849/no.uio.ifi.viettt.mscosa W/art: Suspending all threads took: 9.394ms
04-26 12:39:17.164 21843-21849/no.uio.ifi.viettt.mscosa W/art: Suspending all threads took: 5.808ms
04-26 12:39:17.182 21843-21853/no.uio.ifi.viettt.mscosa W/art: Suspending all threads took: 17.777ms
04-26 12:39:17.257 21843-21853/no.uio.ifi.viettt.mscosa I/art: Background sticky concurrent mark sweep GC freed 526512(16MB) AllocSpace objects, 0(0B) LOS objects, 9% free, 136MB/149MB, paused 18.689ms total 122.077ms
04-26 12:39:18.162 21843-21853/no.uio.ifi.viettt.mscosa I/art: Background partial concurrent mark sweep GC freed 697389(21MB) AllocSpace objects, 0(0B) LOS objects, 10% free, 134MB/150MB, paused 1.434ms total 300.784ms
04-26 12:39:19.613 21843-24270/no.uio.ifi.viettt.mscosa I/System.out: buffer waiting in list: 8, curr size: 44022
04-26 12:39:19.613 21843-24270/no.uio.ifi.viettt.mscosa I/DB SERVICE: 1669 request saving
04-26 12:39:19.931 21843-27593/no.uio.ifi.viettt.mscosa I/System.out: buffer waiting in list: 26, curr size: 2688
04-26 12:39:19.931 21843-27593/no.uio.ifi.viettt.mscosa I/DB SERVICE: 1679 request saving
04-26 12:39:20.198 21843-28917/no.uio.ifi.viettt.mscosa I/System.out: buffer waiting in list: 26, curr size: 2682
04-26 12:39:20.198 21843-28917/no.uio.ifi.viettt.mscosa I/DB SERVICE: 1681 request saving
04-26 12:39:28.756 21843-21849/no.uio.ifi.viettt.mscosa W/art: Suspending all threads took: 21.211ms
04-26 12:39:31.762 21843-21849/no.uio.ifi.viettt.mscosa W/art: Suspending all threads took: 11.566ms
04-26 12:39:31.786 21843-21853/no.uio.ifi.viettt.mscosa I/art: Background partial concurrent mark sweep GC freed 557215(18MB) AllocSpace objects, 0(0B) LOS objects, 10% free, 137MB/153MB, paused 2.173ms total 274.343ms
04-26 12:39:33.701 21843-30472/no.uio.ifi.viettt.mscosa I/System.out: ---------> DONE DB JOB 19742 milliseconds
04-26 12:39:33.701 21843-30472/no.uio.ifi.viettt.mscosa I/System.out: BUFF FOR DB 10
04-26 12:39:34.102 21843-21853/no.uio.ifi.viettt.mscosa I/art: Background sticky concurrent mark sweep GC freed 443008(14MB) AllocSpace objects, 0(0B) LOS objects, 6% free, 142MB/153MB, paused 5.239ms total 123.979ms
04-26 12:39:34.417 21843-30472/no.uio.ifi.viettt.mscosa I/System.out: DONE BUFF 716 milliseconds
04-26 12:39:34.417 21843-30472/no.uio.ifi.viettt.mscosa I/System.out: ---------> CONNECT TO DB 10
04-26 12:39:34.743 21843-21853/no.uio.ifi.viettt.mscosa I/art: Background partial concurrent mark sweep GC freed 624011(20MB) AllocSpace objects, 0(0B) LOS objects, 10% free, 138MB/154MB, paused 761us total 296.540ms
04-26 12:39:35.792 21843-26362/no.uio.ifi.viettt.mscosa I/System.out: buffer waiting in list: 29, curr size: 22098
04-26 12:39:35.792 21843-26362/no.uio.ifi.viettt.mscosa I/DB SERVICE: 1674 request saving
04-26 12:39:36.431 21843-21853/no.uio.ifi.viettt.mscosa I/art: Background sticky concurrent mark sweep GC freed 545063(16MB) AllocSpace objects, 0(0B) LOS objects, 9% free, 140MB/154MB, paused 606us total 118.025ms
04-26 12:39:37.302 21843-21849/no.uio.ifi.viettt.mscosa W/art: Suspending all threads took: 29.955ms
04-26 12:39:37.318 21843-21853/no.uio.ifi.viettt.mscosa W/art: Suspending all threads took: 16.087ms
04-26 12:39:37.367 21843-21853/no.uio.ifi.viettt.mscosa I/art: Background partial concurrent mark sweep GC freed 677746(20MB) AllocSpace objects, 0(0B) LOS objects, 10% free, 139MB/155MB, paused 16.889ms total 279.535ms
04-26 12:39:39.806 21843-21853/no.uio.ifi.viettt.mscosa I/art: Background sticky concurrent mark sweep GC freed 550689(16MB) AllocSpace objects, 0(0B) LOS objects, 9% free, 139MB/155MB, paused 2.636ms total 101.550ms
04-26 12:39:39.903 21843-24270/no.uio.ifi.viettt.mscosa I/System.out: buffer waiting in list: 9, curr size: 43920
04-26 12:39:39.903 21843-24270/no.uio.ifi.viettt.mscosa I/DB SERVICE: 1669 request saving
04-26 12:39:40.133 21843-27593/no.uio.ifi.viettt.mscosa I/System.out: buffer waiting in list: 29, curr size: 2652
04-26 12:39:40.133 21843-27593/no.uio.ifi.viettt.mscosa I/DB SERVICE: 1679 request saving
04-26 12:39:40.404 21843-28917/no.uio.ifi.viettt.mscosa I/System.out: buffer waiting in list: 29, curr size: 2652
04-26 12:39:40.404 21843-28917/no.uio.ifi.viettt.mscosa I/DB SERVICE: 1681 request saving
04-26 12:39:40.822 21843-21849/no.uio.ifi.viettt.mscosa W/art: Suspending all threads took: 35.008ms
04-26 12:39:40.849 21843-21853/no.uio.ifi.viettt.mscosa I/art: Background partial concurrent mark sweep GC freed 739325(22MB) AllocSpace objects, 0(0B) LOS objects, 10% free, 137MB/153MB, paused 1.601ms total 294.018ms
04-26 12:39:45.416 21843-21849/no.uio.ifi.viettt.mscosa W/art: Suspending all threads took: 110.631ms
04-26 12:39:45.493 21843-21853/no.uio.ifi.viettt.mscosa I/art: Background partial concurrent mark sweep GC freed 502006(15MB) AllocSpace objects, 0(0B) LOS objects, 10% free, 141MB/157MB, paused 539us total 258.077ms
04-26 12:39:51.074 21843-21853/no.uio.ifi.viettt.mscosa I/art: Background partial concurrent mark sweep GC freed 607248(18MB) AllocSpace objects, 0(0B) LOS objects, 10% free, 141MB/157MB, paused 1.618ms total 220.498ms
04-26 12:39:51.860 21843-21849/no.uio.ifi.viettt.mscosa W/art: Suspending all threads took: 20.464ms
04-26 12:39:53.360 21843-21849/no.uio.ifi.viettt.mscosa W/art: Suspending all threads took: 15.862ms
04-26 12:39:53.379 21843-21853/no.uio.ifi.viettt.mscosa W/art: Suspending all threads took: 18.251ms
04-26 12:39:53.435 21843-21853/no.uio.ifi.viettt.mscosa I/art: Background sticky concurrent mark sweep GC freed 504542(15MB) AllocSpace objects, 0(0B) LOS objects, 8% free, 143MB/157MB, paused 19.633ms total 98.808ms
04-26 12:39:54.383 21843-21849/no.uio.ifi.viettt.mscosa W/art: Suspending all threads took: 35.124ms
04-26 12:39:54.406 21843-21853/no.uio.ifi.viettt.mscosa I/art: Background partial concurrent mark sweep GC freed 686628(21MB) AllocSpace objects, 0(0B) LOS objects, 10% free, 142MB/158MB, paused 1.197ms total 320.672ms
04-26 12:39:54.560 21843-30472/no.uio.ifi.viettt.mscosa I/System.out: ---------> DONE DB JOB 20143 milliseconds
04-26 12:39:54.560 21843-30472/no.uio.ifi.viettt.mscosa I/System.out: BUFF FOR DB 11
04-26 12:39:55.070 21843-21853/no.uio.ifi.viettt.mscosa I/art: Background sticky concurrent mark sweep GC freed 396609(12MB) AllocSpace objects, 0(0B) LOS objects, 6% free, 148MB/158MB, paused 2.397ms total 109.906ms
04-26 12:39:55.207 21843-30472/no.uio.ifi.viettt.mscosa I/System.out: DONE BUFF 647 milliseconds
04-26 12:39:55.207 21843-30472/no.uio.ifi.viettt.mscosa I/System.out: ---------> CONNECT TO DB 11
04-26 12:39:55.707 21843-21853/no.uio.ifi.viettt.mscosa I/art: Background partial concurrent mark sweep GC freed 602345(19MB) AllocSpace objects, 0(0B) LOS objects, 10% free, 143MB/159MB, paused 932us total 246.216ms
04-26 12:39:56.781 21843-26362/no.uio.ifi.viettt.mscosa I/System.out: buffer waiting in list: 32, curr size: 22386
04-26 12:39:56.782 21843-26362/no.uio.ifi.viettt.mscosa I/DB SERVICE: 1674 request saving
04-26 12:39:57.372 21843-21849/no.uio.ifi.viettt.mscosa W/art: Suspending all threads took: 16.888ms
04-26 12:39:58.378 21843-21849/no.uio.ifi.viettt.mscosa W/art: Suspending all threads took: 22.095ms
04-26 12:39:58.398 21843-21853/no.uio.ifi.viettt.mscosa W/art: Suspending all threads took: 19.432ms
04-26 12:39:58.463 21843-21853/no.uio.ifi.viettt.mscosa I/art: Background partial concurrent mark sweep GC freed 723272(22MB) AllocSpace objects, 0(0B) LOS objects, 9% free, 144MB/160MB, paused 20.196ms total 369.047ms
04-26 12:40:00.869 21843-21849/no.uio.ifi.viettt.mscosa W/art: Suspending all threads took: 5.084ms
04-26 12:40:00.957 21843-21853/no.uio.ifi.viettt.mscosa I/art: Background sticky concurrent mark sweep GC freed 555174(16MB) AllocSpace objects, 0(0B) LOS objects, 9% free, 145MB/160MB, paused 717us total 124.259ms
04-26 12:40:00.985 21843-24270/no.uio.ifi.viettt.mscosa I/System.out: buffer waiting in list: 10, curr size: 43890
04-26 12:40:00.985 21843-24270/no.uio.ifi.viettt.mscosa I/DB SERVICE: 1669 request saving
04-26 12:40:00.986 21843-21843/no.uio.ifi.viettt.mscosa W/MIUI-BLOCK-MONITOR: The msg { when=-3ms what=-1 obj=no.uio.ifi.viettt.mscosa.EDFExportActivity$5@a058544 target=com.android.internal.app.AlertController$ButtonHandler planTime=1493203133547 dispatchTime=1493203133550 finishTime=0 } took 67439ms and took 67436ms after dispatch.
04-26 12:40:01.013 21843-21843/no.uio.ifi.viettt.mscosa W/InputEventReceiver: Attempted to finish an input event but the input event receiver has already been disposed.
04-26 12:40:01.013 21843-21843/no.uio.ifi.viettt.mscosa W/ViewRootImpl[EDFExportActivity]: Dropping event due to root view being removed: MotionEvent { action=ACTION_MOVE, actionButton=0, id[0]=0, x[0]=540.0, y[0]=876.0, toolType[0]=TOOL_TYPE_FINGER, buttonState=0, metaState=0, flags=0x0, edgeFlags=0x0, pointerCount=1, historySize=13, eventTime=58209817, downTime=58209692, deviceId=8, source=0x1002 }
04-26 12:40:01.013 21843-21843/no.uio.ifi.viettt.mscosa W/InputEventReceiver: Attempted to finish an input event but the input event receiver has already been disposed.
04-26 12:40:01.014 21843-21843/no.uio.ifi.viettt.mscosa W/ViewRootImpl[EDFExportActivity]: Dropping event due to root view being removed: MotionEvent { action=ACTION_UP, actionButton=0, id[0]=0, x[0]=540.0, y[0]=876.0, toolType[0]=TOOL_TYPE_FINGER, buttonState=0, metaState=0, flags=0x0, edgeFlags=0x0, pointerCount=1, historySize=0, eventTime=58209826, downTime=58209692, deviceId=8, source=0x1002 }
04-26 12:40:01.014 21843-21843/no.uio.ifi.viettt.mscosa W/InputEventReceiver: Attempted to finish an input event but the input event receiver has already been disposed.
04-26 12:40:01.015 21843-21843/no.uio.ifi.viettt.mscosa I/Choreographer: Skipped 4047 frames!  The application may be doing too much work on its main thread.
04-26 12:40:01.067 21843-21843/no.uio.ifi.viettt.mscosa W/IInputConnectionWrapper: finishComposingText on inactive InputConnection
04-26 12:40:01.117 21843-21843/no.uio.ifi.viettt.mscosa E/SpannableStringBuilder: SPAN_EXCLUSIVE_EXCLUSIVE spans cannot have a zero length
04-26 12:40:01.117 21843-21843/no.uio.ifi.viettt.mscosa E/SpannableStringBuilder: SPAN_EXCLUSIVE_EXCLUSIVE spans cannot have a zero length
04-26 12:40:01.288 21843-27593/no.uio.ifi.viettt.mscosa I/System.out: buffer waiting in list: 32, curr size: 2664
04-26 12:40:01.288 21843-27593/no.uio.ifi.viettt.mscosa I/DB SERVICE: 1679 request saving
04-26 12:40:01.580 21843-28917/no.uio.ifi.viettt.mscosa I/System.out: buffer waiting in list: 32, curr size: 2658
04-26 12:40:01.580 21843-28917/no.uio.ifi.viettt.mscosa I/DB SERVICE: 1681 request saving
04-26 12:40:01.877 21843-21849/no.uio.ifi.viettt.mscosa W/art: Suspending all threads took: 11.367ms
04-26 12:40:01.895 21843-21853/no.uio.ifi.viettt.mscosa W/art: Suspending all threads took: 18.290ms
04-26 12:40:01.942 21843-21853/no.uio.ifi.viettt.mscosa I/art: Background partial concurrent mark sweep GC freed 696080(21MB) AllocSpace objects, 2(96KB) LOS objects, 10% free, 143MB/159MB, paused 19.236ms total 261.232ms
04-26 12:40:04.382 21843-21849/no.uio.ifi.viettt.mscosa W/art: Suspending all threads took: 14.415ms
04-26 12:40:05.879 21843-21849/no.uio.ifi.viettt.mscosa W/art: Suspending all threads took: 8.604ms
04-26 12:40:05.900 21843-21853/no.uio.ifi.viettt.mscosa W/art: Suspending all threads took: 21.400ms
04-26 12:40:05.953 21843-21853/no.uio.ifi.viettt.mscosa I/art: Background sticky concurrent mark sweep GC freed 512464(15MB) AllocSpace objects, 0(0B) LOS objects, 8% free, 145MB/159MB, paused 23.035ms total 100.647ms
04-26 12:40:06.826 21843-21853/no.uio.ifi.viettt.mscosa I/art: Background partial concurrent mark sweep GC freed 594581(18MB) AllocSpace objects, 0(0B) LOS objects, 9% free, 145MB/161MB, paused 1.742ms total 237.887ms
04-26 12:40:09.315 21843-21853/no.uio.ifi.viettt.mscosa I/art: Background sticky concurrent mark sweep GC freed 562189(17MB) AllocSpace objects, 0(0B) LOS objects, 9% free, 146MB/161MB, paused 2.849ms total 129.428ms
04-26 12:40:09.362 21843-21843/no.uio.ifi.viettt.mscosa W/IInputConnectionWrapper: finishComposingText on inactive InputConnection
04-26 12:40:10.321 21843-21853/no.uio.ifi.viettt.mscosa I/art: Background partial concurrent mark sweep GC freed 710483(22MB) AllocSpace objects, 1(36KB) LOS objects, 9% free, 145MB/161MB, paused 592us total 330.116ms
04-26 12:40:10.649 21843-21843/no.uio.ifi.viettt.mscosa V/BoostFramework: BoostFramework() : mPerf = com.qualcomm.qti.Performance@ad7cc6a
04-26 12:40:10.650 21843-21843/no.uio.ifi.viettt.mscosa V/BoostFramework: BoostFramework() : mPerf = com.qualcomm.qti.Performance@226855b
04-26 12:40:11.108 21843-21853/no.uio.ifi.viettt.mscosa I/art: Background sticky concurrent mark sweep GC freed 535778(16MB) AllocSpace objects, 0(0B) LOS objects, 9% free, 146MB/161MB, paused 2.349ms total 104.025ms
04-26 12:40:11.994 21843-21849/no.uio.ifi.viettt.mscosa W/art: Suspending all threads took: 92.157ms
04-26 12:40:12.012 21843-21853/no.uio.ifi.viettt.mscosa W/art: Suspending all threads took: 17.682ms
04-26 12:40:12.063 21843-21843/no.uio.ifi.viettt.mscosa V/BoostFramework: BoostFramework() : mPerf = com.qualcomm.qti.Performance@2e4f32a
04-26 12:40:12.063 21843-21843/no.uio.ifi.viettt.mscosa V/BoostFramework: BoostFramework() : mPerf = com.qualcomm.qti.Performance@a0e851b
04-26 12:40:12.076 21843-21853/no.uio.ifi.viettt.mscosa I/art: Background partial concurrent mark sweep GC freed 568398(17MB) AllocSpace objects, 0(0B) LOS objects, 9% free, 147MB/163MB, paused 18.641ms total 271.485ms
04-26 12:40:14.435 21843-21853/no.uio.ifi.viettt.mscosa W/art: Suspending all threads took: 17.760ms
04-26 12:40:14.492 21843-21853/no.uio.ifi.viettt.mscosa I/art: Background sticky concurrent mark sweep GC freed 545904(16MB) AllocSpace objects, 0(0B) LOS objects, 9% free, 148MB/163MB, paused 19.012ms total 103.211ms
04-26 12:40:15.438 21843-21849/no.uio.ifi.viettt.mscosa W/art: Suspending all threads took: 16.501ms
04-26 12:40:15.456 21843-21853/no.uio.ifi.viettt.mscosa W/art: Suspending all threads took: 18.057ms
04-26 12:40:15.516 21843-21853/no.uio.ifi.viettt.mscosa I/art: Background partial concurrent mark sweep GC freed 692850(21MB) AllocSpace objects, 2(56KB) LOS objects, 9% free, 148MB/164MB, paused 19.128ms total 358.852ms
04-26 12:40:15.633 21843-30472/no.uio.ifi.viettt.mscosa I/System.out: ---------> DONE DB JOB 20426 milliseconds
04-26 12:40:15.633 21843-30472/no.uio.ifi.viettt.mscosa I/System.out: BUFF FOR DB 12
04-26 12:40:16.176 21843-21853/no.uio.ifi.viettt.mscosa I/art: Background sticky concurrent mark sweep GC freed 416430(13MB) AllocSpace objects, 0(0B) LOS objects, 6% free, 153MB/164MB, paused 4.446ms total 138.089ms
04-26 12:40:16.222 21843-30472/no.uio.ifi.viettt.mscosa I/System.out: DONE BUFF 589 milliseconds
04-26 12:40:16.222 21843-30472/no.uio.ifi.viettt.mscosa I/System.out: ---------> CONNECT TO DB 12
04-26 12:40:16.966 21843-21849/no.uio.ifi.viettt.mscosa W/art: Suspending all threads took: 35.914ms
04-26 12:40:16.995 21843-21853/no.uio.ifi.viettt.mscosa I/art: Background partial concurrent mark sweep GC freed 736067(23MB) AllocSpace objects, 4(136KB) LOS objects, 9% free, 147MB/163MB, paused 1.713ms total 345.299ms
04-26 12:40:17.964 21843-26362/no.uio.ifi.viettt.mscosa I/System.out: buffer waiting in list: 35, curr size: 22110
04-26 12:40:17.964 21843-26362/no.uio.ifi.viettt.mscosa I/DB SERVICE: 1674 request saving
04-26 12:40:19.975 21843-21853/no.uio.ifi.viettt.mscosa W/art: Suspending all threads took: 22.277ms
04-26 12:40:20.048 21843-21853/no.uio.ifi.viettt.mscosa I/art: Background sticky concurrent mark sweep GC freed 490898(15MB) AllocSpace objects, 0(0B) LOS objects, 7% free, 150MB/163MB, paused 23.622ms total 119.570ms
04-26 12:40:20.850 21843-21853/no.uio.ifi.viettt.mscosa I/art: Background partial concurrent mark sweep GC freed 605409(18MB) AllocSpace objects, 0(0B) LOS objects, 9% free, 148MB/164MB, paused 2.034ms total 227.784ms
04-26 12:40:22.257 21843-24270/no.uio.ifi.viettt.mscosa I/System.out: buffer waiting in list: 11, curr size: 44310
04-26 12:40:22.257 21843-24270/no.uio.ifi.viettt.mscosa I/DB SERVICE: 1669 request saving
04-26 12:40:22.641 21843-27593/no.uio.ifi.viettt.mscosa I/System.out: buffer waiting in list: 36, curr size: 2670
04-26 12:40:22.641 21843-27593/no.uio.ifi.viettt.mscosa I/DB SERVICE: 1679 request saving
04-26 12:40:22.913 21843-28917/no.uio.ifi.viettt.mscosa I/System.out: buffer waiting in list: 36, curr size: 2664
04-26 12:40:22.913 21843-28917/no.uio.ifi.viettt.mscosa I/DB SERVICE: 1681 request saving
04-26 12:40:23.987 21843-21849/no.uio.ifi.viettt.mscosa W/art: Suspending all threads took: 17.209ms
04-26 12:40:24.018 21843-21853/no.uio.ifi.viettt.mscosa I/art: Background sticky concurrent mark sweep GC freed 504769(15MB) AllocSpace objects, 0(0B) LOS objects, 8% free, 149MB/164MB, paused 3.634ms total 104.475ms
04-26 12:40:24.960 21843-21853/no.uio.ifi.viettt.mscosa I/art: Background partial concurrent mark sweep GC freed 703564(21MB) AllocSpace objects, 0(0B) LOS objects, 9% free, 148MB/164MB, paused 896us total 298.294ms
04-26 12:40:26.619 21843-21853/no.uio.ifi.viettt.mscosa I/art: Background sticky concurrent mark sweep GC freed 560763(17MB) AllocSpace objects, 0(0B) LOS objects, 9% free, 149MB/164MB, paused 2.016ms total 105.708ms
04-26 12:40:27.529 21843-21849/no.uio.ifi.viettt.mscosa W/art: Suspending all threads took: 36.202ms
04-26 12:40:27.759 21843-21853/no.uio.ifi.viettt.mscosa I/art: Background partial concurrent mark sweep GC freed 641345(19MB) AllocSpace objects, 0(0B) LOS objects, 9% free, 151MB/167MB, paused 2.101ms total 461.897ms
04-26 12:40:28.677 21843-21853/no.uio.ifi.viettt.mscosa I/art: Background sticky concurrent mark sweep GC freed 652327(19MB) AllocSpace objects, 0(0B) LOS objects, 9% free, 150MB/166MB, paused 758us total 104.601ms
04-26 12:40:30.545 21843-21849/no.uio.ifi.viettt.mscosa W/art: Suspending all threads took: 29.787ms
04-26 12:40:30.572 21843-21853/no.uio.ifi.viettt.mscosa I/art: Background sticky concurrent mark sweep GC freed 563589(16MB) AllocSpace objects, 0(0B) LOS objects, 9% free, 149MB/165MB, paused 811us total 102.816ms
04-26 12:40:31.529 21843-21849/no.uio.ifi.viettt.mscosa W/art: Suspending all threads took: 7.984ms
04-26 12:40:31.557 21843-21853/no.uio.ifi.viettt.mscosa I/art: Background sticky concurrent mark sweep GC freed 567724(16MB) AllocSpace objects, 0(0B) LOS objects, 8% free, 151MB/165MB, paused 3.715ms total 138.063ms
04-26 12:40:32.566 21843-21849/no.uio.ifi.viettt.mscosa W/art: Suspending all threads took: 35.732ms
04-26 12:40:32.593 21843-21853/no.uio.ifi.viettt.mscosa W/art: Suspending all threads took: 26.789ms
04-26 12:40:32.708 21843-21853/no.uio.ifi.viettt.mscosa I/art: Background partial concurrent mark sweep GC freed 641590(19MB) AllocSpace objects, 0(0B) LOS objects, 9% free, 152MB/168MB, paused 27.830ms total 407.438ms
04-26 12:40:33.557 21843-21853/no.uio.ifi.viettt.mscosa W/art: Suspending all threads took: 18.384ms
04-26 12:40:33.640 21843-21853/no.uio.ifi.viettt.mscosa I/art: Background sticky concurrent mark sweep GC freed 618241(18MB) AllocSpace objects, 0(0B) LOS objects, 9% free, 152MB/168MB, paused 21.435ms total 138.259ms
04-26 12:40:34.646 21843-21849/no.uio.ifi.viettt.mscosa W/art: Suspending all threads took: 100.544ms
04-26 12:40:34.664 21843-21853/no.uio.ifi.viettt.mscosa W/art: Suspending all threads took: 18.478ms
04-26 12:40:34.785 21843-21853/no.uio.ifi.viettt.mscosa I/art: Background partial concurrent mark sweep GC freed 639833(19MB) AllocSpace objects, 0(0B) LOS objects, 9% free, 154MB/170MB, paused 19.329ms total 352.590ms
04-26 12:40:35.699 21843-21853/no.uio.ifi.viettt.mscosa I/art: Background sticky concurrent mark sweep GC freed 650234(19MB) AllocSpace objects, 0(0B) LOS objects, 9% free, 152MB/168MB, paused 678us total 113.206ms
04-26 12:40:36.588 21843-21853/no.uio.ifi.viettt.mscosa W/art: Suspending all threads took: 25.677ms
04-26 12:40:36.680 21843-21853/no.uio.ifi.viettt.mscosa I/art: Background sticky concurrent mark sweep GC freed 578299(17MB) AllocSpace objects, 0(0B) LOS objects, 8% free, 153MB/168MB, paused 27.420ms total 151.068ms
04-26 12:40:37.685 21843-21849/no.uio.ifi.viettt.mscosa W/art: Suspending all threads took: 117.258ms
04-26 12:40:37.721 21843-21853/no.uio.ifi.viettt.mscosa W/art: Suspending all threads took: 36.072ms
04-26 12:40:37.822 21843-21853/no.uio.ifi.viettt.mscosa I/art: Background partial concurrent mark sweep GC freed 614084(18MB) AllocSpace objects, 0(0B) LOS objects, 9% free, 154MB/170MB, paused 37.080ms total 360.579ms
04-26 12:40:39.617 21843-21849/no.uio.ifi.viettt.mscosa W/art: Suspending all threads took: 36.350ms
04-26 12:40:39.652 21843-21853/no.uio.ifi.viettt.mscosa I/art: Background sticky concurrent mark sweep GC freed 575091(17MB) AllocSpace objects, 0(0B) LOS objects, 9% free, 152MB/168MB, paused 2.435ms total 112.139ms
04-26 12:40:40.692 21843-21849/no.uio.ifi.viettt.mscosa W/art: Suspending all threads took: 102.919ms
04-26 12:40:40.734 21843-21853/no.uio.ifi.viettt.mscosa W/art: Suspending all threads took: 41.226ms
04-26 12:40:40.864 21843-21853/no.uio.ifi.viettt.mscosa I/art: Background partial concurrent mark sweep GC freed 621111(18MB) AllocSpace objects, 0(0B) LOS objects, 9% free, 157MB/173MB, paused 43.004ms total 417.240ms
04-26 12:40:41.771 21843-3610/no.uio.ifi.viettt.mscosa I/System.out: {"id":0,"type":"Raw data","metric":"Raw data","frequency":100,"description":""}
04-26 12:40:41.772 21843-3610/no.uio.ifi.viettt.mscosa I/System.out: {"id":1,"type":"LUX","metric":"Percent","frequency":100,"description":""}
04-26 12:40:41.772 21843-3610/no.uio.ifi.viettt.mscosa I/System.out: {"id":2,"type":"ACC","metric":"G-force","frequency":100,"description":""}
04-26 12:40:41.784 21843-3610/no.uio.ifi.viettt.mscosa I/System.out: {"id":3,"type":"PZT","metric":"Percent","frequency":100,"description":""}
04-26 12:40:41.784 21843-3610/no.uio.ifi.viettt.mscosa I/System.out: {"id":4,"type":"ECG","metric":"Millivolt","frequency":100,"description":""}
04-26 12:40:41.784 21843-3610/no.uio.ifi.viettt.mscosa I/System.out: {"id":5,"type":"EEG","metric":"Microvolt","frequency":100,"description":""}
04-26 12:40:41.885 21843-21853/no.uio.ifi.viettt.mscosa I/art: Background sticky concurrent mark sweep GC freed 682464(20MB) AllocSpace objects, 0(0B) LOS objects, 9% free, 155MB/171MB, paused 2.560ms total 190.769ms
04-26 12:40:42.058 21843-30472/no.uio.ifi.viettt.mscosa I/System.out: ---------> DONE DB JOB 25836 milliseconds
04-26 12:40:42.058 21843-30472/no.uio.ifi.viettt.mscosa I/System.out: BUFF FOR DB 13
04-26 12:40:42.785 21843-21849/no.uio.ifi.viettt.mscosa W/art: Suspending all threads took: 186.422ms
04-26 12:40:42.831 21843-21853/no.uio.ifi.viettt.mscosa I/art: Background partial concurrent mark sweep GC freed 553755(18MB) AllocSpace objects, 0(0B) LOS objects, 9% free, 153MB/169MB, paused 587us total 283.114ms
04-26 12:40:42.979 21843-30472/no.uio.ifi.viettt.mscosa I/System.out: DONE BUFF 921 milliseconds
04-26 12:40:42.979 21843-30472/no.uio.ifi.viettt.mscosa I/System.out: ---------> CONNECT TO DB 13
04-26 12:40:43.629 21843-21849/no.uio.ifi.viettt.mscosa W/art: Suspending all threads took: 21.387ms
04-26 12:40:43.655 21843-21853/no.uio.ifi.viettt.mscosa I/art: Background sticky concurrent mark sweep GC freed 525386(15MB) AllocSpace objects, 0(0B) LOS objects, 8% free, 154MB/169MB, paused 3.008ms total 151.705ms
04-26 12:40:44.571 21843-21853/no.uio.ifi.viettt.mscosa I/art: Background partial concurrent mark sweep GC freed 605531(18MB) AllocSpace objects, 0(0B) LOS objects, 9% free, 154MB/170MB, paused 796us total 286.602ms
04-26 12:40:45.010 21843-26362/no.uio.ifi.viettt.mscosa I/System.out: buffer waiting in list: 40, curr size: 21870
04-26 12:40:45.010 21843-26362/no.uio.ifi.viettt.mscosa I/DB SERVICE: 1674 request saving
04-26 12:40:46.065 21843-21853/no.uio.ifi.viettt.mscosa I/art: Background sticky concurrent mark sweep GC freed 534330(16MB) AllocSpace objects, 0(0B) LOS objects, 8% free, 156MB/170MB, paused 1.449ms total 137.327ms
04-26 12:40:47.000 21843-21853/no.uio.ifi.viettt.mscosa I/art: Background partial concurrent mark sweep GC freed 674538(20MB) AllocSpace objects, 0(0B) LOS objects, 9% free, 155MB/171MB, paused 1.408ms total 296.857ms
04-26 12:40:48.168 21843-21843/no.uio.ifi.viettt.mscosa V/BoostFramework: BoostFramework() : mPerf = com.qualcomm.qti.Performance@424a4a1
04-26 12:40:48.168 21843-21843/no.uio.ifi.viettt.mscosa V/BoostFramework: BoostFramework() : mPerf = com.qualcomm.qti.Performance@34956c6
04-26 12:40:49.324 21843-24270/no.uio.ifi.viettt.mscosa I/System.out: buffer waiting in list: 13, curr size: 44124
