04-26 12:48:25.094 21843-2850/no.uio.ifi.viettt.mscosa W/SQLiteConnectionPool: The connection pool for database '/data/user/0/no.uio.ifi.viettt.mscosa/databases/osamsc.db' has been unable to grant a connection to thread 1686 (Thread-26) with flags 0x1 for 30.000002 seconds.
                                                                               Connections: 1 active, 0 idle, 0 available.
                                                                               
                                                                               Requests in progress:
                                                                                 executeForLastInsertedRowId started 0ms ago - running, sql="INSERT INTO SAMPLE(sample_value,timestamp,r_id) VALUES (?,?,?)"
04-26 12:48:25.505 21843-27593/no.uio.ifi.viettt.mscosa W/SQLiteConnectionPool: The connection pool for database '/data/user/0/no.uio.ifi.viettt.mscosa/databases/osamsc.db' has been unable to grant a connection to thread 1679 (Thread-23) with flags 0x2 for 30.025002 seconds.
                                                                                Connections: 1 active, 0 idle, 0 available.
                                                                                
                                                                                Requests in progress:
                                                                                  executeForLastInsertedRowId started 0ms ago - running, sql="INSERT INTO SAMPLE(sample_value,timestamp,r_id) VALUES (?,?,?)"
04-26 12:48:25.884 21843-21849/no.uio.ifi.viettt.mscosa W/art: Suspending all threads took: 10.577ms
04-26 12:48:26.004 21843-28917/no.uio.ifi.viettt.mscosa W/SQLiteConnectionPool: The connection pool for database '/data/user/0/no.uio.ifi.viettt.mscosa/databases/osamsc.db' has been unable to grant a connection to thread 1681 (Thread-25) with flags 0x2 for 30.090002 seconds.
                                                                                Connections: 1 active, 0 idle, 0 available.
                                                                                
                                                                                Requests in progress:
                                                                                  executeForLastInsertedRowId started 59ms ago - running, sql="INSERT INTO SAMPLE(sample_value,timestamp,r_id) VALUES (?,?,?)"
04-26 12:48:26.227 21843-21843/no.uio.ifi.viettt.mscosa V/BoostFramework: BoostFramework() : mPerf = com.qualcomm.qti.Performance@236702
04-26 12:48:26.227 21843-21843/no.uio.ifi.viettt.mscosa V/BoostFramework: BoostFramework() : mPerf = com.qualcomm.qti.Performance@601a813
04-26 12:48:26.811 21843-26362/no.uio.ifi.viettt.mscosa I/System.out: buffer waiting in list: 120, curr size: 22050
04-26 12:48:26.812 21843-26362/no.uio.ifi.viettt.mscosa I/DB SERVICE: 1674 request saving
04-26 12:48:26.991 21843-21843/no.uio.ifi.viettt.mscosa V/BoostFramework: BoostFramework() : mPerf = com.qualcomm.qti.Performance@3230075
04-26 12:48:26.991 21843-21843/no.uio.ifi.viettt.mscosa V/BoostFramework: BoostFramework() : mPerf = com.qualcomm.qti.Performance@f89080a
04-26 12:48:27.867 21843-21843/no.uio.ifi.viettt.mscosa V/BoostFramework: BoostFramework() : mPerf = com.qualcomm.qti.Performance@72191a8
04-26 12:48:27.867 21843-21843/no.uio.ifi.viettt.mscosa V/BoostFramework: BoostFramework() : mPerf = com.qualcomm.qti.Performance@39c64c1
04-26 12:48:28.653 21843-21843/no.uio.ifi.viettt.mscosa V/BoostFramework: BoostFramework() : mPerf = com.qualcomm.qti.Performance@97cabfa
04-26 12:48:28.653 21843-21843/no.uio.ifi.viettt.mscosa V/BoostFramework: BoostFramework() : mPerf = com.qualcomm.qti.Performance@3d795ab
04-26 12:48:29.920 21843-21849/no.uio.ifi.viettt.mscosa W/art: Suspending all threads took: 535.841ms
04-26 12:48:29.978 21843-21853/no.uio.ifi.viettt.mscosa W/art: Suspending all threads took: 58.717ms
04-26 12:48:30.016 21843-21849/no.uio.ifi.viettt.mscosa W/art: Suspending all threads took: 35.879ms
04-26 12:48:30.083 21843-21853/no.uio.ifi.viettt.mscosa I/art: Background partial concurrent mark sweep GC freed 489126(16MB) AllocSpace objects, 0(0B) LOS objects, 5% free, 286MB/302MB, paused 60.098ms total 851.299ms
04-26 12:48:30.820 21843-21853/no.uio.ifi.viettt.mscosa I/art: Background sticky concurrent mark sweep GC freed 597837(16MB) AllocSpace objects, 0(0B) LOS objects, 4% free, 289MB/302MB, paused 3.465ms total 150.623ms
04-26 12:48:30.826 21843-21853/no.uio.ifi.viettt.mscosa W/art: Suspending all threads took: 5.640ms
04-26 12:48:31.036 21843-21843/no.uio.ifi.viettt.mscosa V/BoostFramework: BoostFramework() : mPerf = com.qualcomm.qti.Performance@531952a
04-26 12:48:31.037 21843-21843/no.uio.ifi.viettt.mscosa V/BoostFramework: BoostFramework() : mPerf = com.qualcomm.qti.Performance@a0b7f1b
04-26 12:48:31.620 21843-21853/no.uio.ifi.viettt.mscosa I/art: Background sticky concurrent mark sweep GC freed 543025(15MB) AllocSpace objects, 0(0B) LOS objects, 4% free, 289MB/302MB, paused 2.740ms total 118.616ms
04-26 12:48:32.425 21843-21849/no.uio.ifi.viettt.mscosa W/art: Suspending all threads took: 33.983ms
04-26 12:48:32.491 21843-21853/no.uio.ifi.viettt.mscosa I/art: Background sticky concurrent mark sweep GC freed 506554(14MB) AllocSpace objects, 0(0B) LOS objects, 4% free, 288MB/302MB, paused 3.172ms total 154.187ms
04-26 12:48:33.307 21843-21853/no.uio.ifi.viettt.mscosa I/art: Background sticky concurrent mark sweep GC freed 507089(14MB) AllocSpace objects, 0(0B) LOS objects, 4% free, 289MB/302MB, paused 3.102ms total 115.761ms
04-26 12:48:34.119 21843-21853/no.uio.ifi.viettt.mscosa I/art: Background sticky concurrent mark sweep GC freed 494231(14MB) AllocSpace objects, 0(0B) LOS objects, 4% free, 289MB/302MB, paused 3.166ms total 100.226ms
04-26 12:48:34.885 21843-21853/no.uio.ifi.viettt.mscosa I/art: Background sticky concurrent mark sweep GC freed 471964(13MB) AllocSpace objects, 0(0B) LOS objects, 3% free, 290MB/302MB, paused 1.406ms total 117.201ms
04-26 12:48:35.088 21843-24270/no.uio.ifi.viettt.mscosa I/System.out: buffer waiting in list: 48, curr size: 44196
04-26 12:48:35.088 21843-24270/no.uio.ifi.viettt.mscosa I/DB SERVICE: 1669 request saving
04-26 12:48:35.528 21843-27593/no.uio.ifi.viettt.mscosa I/System.out: buffer waiting in list: 121, curr size: 2682
04-26 12:48:35.528 21843-27593/no.uio.ifi.viettt.mscosa I/DB SERVICE: 1679 request saving
04-26 12:48:36.041 21843-28917/no.uio.ifi.viettt.mscosa I/System.out: buffer waiting in list: 121, curr size: 2682
04-26 12:48:36.041 21843-28917/no.uio.ifi.viettt.mscosa I/DB SERVICE: 1681 request saving
04-26 12:48:37.161 21843-21853/no.uio.ifi.viettt.mscosa I/art: Background sticky concurrent mark sweep GC freed 440974(12MB) AllocSpace objects, 0(0B) LOS objects, 3% free, 291MB/302MB, paused 4.191ms total 118.074ms
04-26 12:48:38.475 21843-21853/no.uio.ifi.viettt.mscosa W/art: Suspending all threads took: 52.929ms
04-26 12:48:38.539 21843-21853/no.uio.ifi.viettt.mscosa I/art: Background sticky concurrent mark sweep GC freed 408178(12MB) AllocSpace objects, 0(0B) LOS objects, 3% free, 292MB/302MB, paused 54.715ms total 147.668ms
04-26 12:48:39.151 21843-21853/no.uio.ifi.viettt.mscosa I/art: Background sticky concurrent mark sweep GC freed 393964(11MB) AllocSpace objects, 0(0B) LOS objects, 3% free, 292MB/302MB, paused 2.585ms total 101.828ms
04-26 12:48:39.813 21843-21853/no.uio.ifi.viettt.mscosa I/art: Background sticky concurrent mark sweep GC freed 385842(11MB) AllocSpace objects, 0(0B) LOS objects, 3% free, 292MB/302MB, paused 2.363ms total 105.789ms
04-26 12:48:40.434 21843-21853/no.uio.ifi.viettt.mscosa I/art: Background sticky concurrent mark sweep GC freed 383019(11MB) AllocSpace objects, 0(0B) LOS objects, 3% free, 292MB/302MB, paused 3.122ms total 105.477ms
04-26 12:48:41.130 21843-21853/no.uio.ifi.viettt.mscosa I/art: Background sticky concurrent mark sweep GC freed 392879(11MB) AllocSpace objects, 0(0B) LOS objects, 2% free, 293MB/302MB, paused 2.798ms total 123.745ms
04-26 12:48:43.471 21843-21849/no.uio.ifi.viettt.mscosa W/art: Suspending all threads took: 19.415ms
04-26 12:48:44.132 21843-21853/no.uio.ifi.viettt.mscosa I/art: Background sticky concurrent mark sweep GC freed 342720(9MB) AllocSpace objects, 0(0B) LOS objects, 2% free, 295MB/302MB, paused 3.273ms total 110.171ms
04-26 12:48:47.498 21843-21849/no.uio.ifi.viettt.mscosa W/art: Suspending all threads took: 20.947ms
04-26 12:48:51.404 21843-21849/no.uio.ifi.viettt.mscosa W/art: Suspending all threads took: 409.353ms
04-26 12:48:51.459 21843-21853/no.uio.ifi.viettt.mscosa W/art: Suspending all threads took: 54.954ms
04-26 12:48:51.525 21843-21849/no.uio.ifi.viettt.mscosa W/art: Suspending all threads took: 27.301ms
04-26 12:48:51.593 21843-21853/no.uio.ifi.viettt.mscosa I/art: Background partial concurrent mark sweep GC freed 542321(18MB) AllocSpace objects, 10(280KB) LOS objects, 5% free, 292MB/308MB, paused 56.259ms total 1.009s
04-26 12:48:52.404 21843-21853/no.uio.ifi.viettt.mscosa I/art: Background sticky concurrent mark sweep GC freed 614841(16MB) AllocSpace objects, 0(0B) LOS objects, 4% free, 295MB/308MB, paused 3.672ms total 197.370ms
04-26 12:48:53.019 21843-21849/no.uio.ifi.viettt.mscosa W/art: Suspending all threads took: 10.031ms
04-26 12:48:53.299 21843-21853/no.uio.ifi.viettt.mscosa I/art: Background sticky concurrent mark sweep GC freed 584663(16MB) AllocSpace objects, 0(0B) LOS objects, 4% free, 294MB/308MB, paused 3.784ms total 183.783ms
04-26 12:48:54.029 21843-21849/no.uio.ifi.viettt.mscosa W/art: Suspending all threads took: 17.696ms
04-26 12:48:54.090 21843-21853/no.uio.ifi.viettt.mscosa W/art: Suspending all threads took: 60.725ms
04-26 12:48:54.227 21843-21853/no.uio.ifi.viettt.mscosa I/art: Background sticky concurrent mark sweep GC freed 530054(15MB) AllocSpace objects, 0(0B) LOS objects, 3% free, 296MB/308MB, paused 62.030ms total 241.648ms
04-26 12:48:55.609 21843-21849/no.uio.ifi.viettt.mscosa W/art: Suspending all threads took: 589.846ms
04-26 12:48:55.740 21843-21853/no.uio.ifi.viettt.mscosa I/art: Background partial concurrent mark sweep GC freed 635795(19MB) AllocSpace objects, 2(56KB) LOS objects, 5% free, 292MB/308MB, paused 988us total 847.528ms
04-26 12:48:56.515 21843-21853/no.uio.ifi.viettt.mscosa I/art: Background sticky concurrent mark sweep GC freed 596167(16MB) AllocSpace objects, 0(0B) LOS objects, 4% free, 295MB/308MB, paused 2.036ms total 175.802ms
04-26 12:48:56.812 21843-26362/no.uio.ifi.viettt.mscosa W/SQLiteConnectionPool: The connection pool for database '/data/user/0/no.uio.ifi.viettt.mscosa/databases/osamsc.db' has been unable to grant a connection to thread 1674 (Thread-19) with flags 0x2 for 30.000002 seconds.
                                                                                Connections: 0 active, 1 idle, 0 available.
04-26 12:48:57.292 21843-21853/no.uio.ifi.viettt.mscosa I/art: Background sticky concurrent mark sweep GC freed 552838(15MB) AllocSpace objects, 0(0B) LOS objects, 4% free, 296MB/308MB, paused 2.363ms total 192.155ms
04-26 12:48:58.045 21843-21849/no.uio.ifi.viettt.mscosa W/art: Suspending all threads took: 7.411ms
04-26 12:48:58.110 21843-21853/no.uio.ifi.viettt.mscosa I/art: Background sticky concurrent mark sweep GC freed 499897(14MB) AllocSpace objects, 0(0B) LOS objects, 4% free, 295MB/308MB, paused 1.861ms total 175.360ms
04-26 12:48:58.935 21843-21853/no.uio.ifi.viettt.mscosa I/art: Background sticky concurrent mark sweep GC freed 512157(14MB) AllocSpace objects, 0(0B) LOS objects, 4% free, 296MB/308MB, paused 4.053ms total 146.576ms
04-26 12:48:59.770 21843-21853/no.uio.ifi.viettt.mscosa I/art: Background sticky concurrent mark sweep GC freed 502511(14MB) AllocSpace objects, 0(0B) LOS objects, 3% free, 296MB/308MB, paused 3.797ms total 142.647ms
04-26 12:49:00.528 21843-21853/no.uio.ifi.viettt.mscosa I/art: Background sticky concurrent mark sweep GC freed 467746(13MB) AllocSpace objects, 0(0B) LOS objects, 3% free, 297MB/308MB, paused 2.985ms total 137.118ms
04-26 12:49:01.306 21843-21853/no.uio.ifi.viettt.mscosa I/art: Background sticky concurrent mark sweep GC freed 467840(13MB) AllocSpace objects, 0(0B) LOS objects, 3% free, 297MB/308MB, paused 3.108ms total 106.056ms
04-26 12:49:02.129 21843-21853/no.uio.ifi.viettt.mscosa I/art: Background sticky concurrent mark sweep GC freed 466090(13MB) AllocSpace objects, 0(0B) LOS objects, 3% free, 297MB/308MB, paused 3.016ms total 206.246ms
04-26 12:49:02.506 21843-31055/no.uio.ifi.viettt.mscosa I/System.out: ---------> DONE DB JOB 38430 milliseconds
04-26 12:49:02.506 21843-31055/no.uio.ifi.viettt.mscosa I/System.out: BUFF FOR DB 10
04-26 12:49:03.583 21843-21849/no.uio.ifi.viettt.mscosa W/art: Suspending all threads took: 515.198ms
04-26 12:49:03.730 21843-21853/no.uio.ifi.viettt.mscosa I/art: Background partial concurrent mark sweep GC freed 742304(23MB) AllocSpace objects, 0(0B) LOS objects, 5% free, 294MB/310MB, paused 931us total 982.710ms
04-26 12:49:04.381 21843-31055/no.uio.ifi.viettt.mscosa I/System.out: DONE BUFF 1874 milliseconds
04-26 12:49:04.381 21843-31055/no.uio.ifi.viettt.mscosa I/System.out: ---------> CONNECT TO DB 10
04-26 12:49:04.540 21843-21853/no.uio.ifi.viettt.mscosa I/art: Background sticky concurrent mark sweep GC freed 570581(15MB) AllocSpace objects, 0(0B) LOS objects, 3% free, 298MB/310MB, paused 5.308ms total 216.474ms
04-26 12:49:05.703 21843-21849/no.uio.ifi.viettt.mscosa W/art: Suspending all threads took: 630.528ms
04-26 12:49:05.763 21843-21853/no.uio.ifi.viettt.mscosa W/art: Suspending all threads took: 60.416ms
04-26 12:49:05.766 21843-24270/no.uio.ifi.viettt.mscosa W/SQLiteConnectionPool: The connection pool for database '/data/user/0/no.uio.ifi.viettt.mscosa/databases/osamsc.db' has been unable to grant a connection to thread 1669 (Thread-14) with flags 0x2 for 30.677002 seconds.
                                                                                Connections: 0 active, 1 idle, 0 available.
04-26 12:49:05.802 21843-21849/no.uio.ifi.viettt.mscosa W/art: Suspending all threads took: 35.630ms
04-26 12:49:05.873 21843-27593/no.uio.ifi.viettt.mscosa W/SQLiteConnectionPool: The connection pool for database '/data/user/0/no.uio.ifi.viettt.mscosa/databases/osamsc.db' has been unable to grant a connection to thread 1679 (Thread-23) with flags 0x2 for 30.345001 seconds.
                                                                                Connections: 0 active, 1 idle, 0 available.
04-26 12:49:05.876 21843-2850/no.uio.ifi.viettt.mscosa W/SQLiteConnectionPool: The connection pool for database '/data/user/0/no.uio.ifi.viettt.mscosa/databases/osamsc.db' has been unable to grant a connection to thread 1686 (Thread-26) with flags 0x1 for 30.783 seconds.
                                                                               Connections: 0 active, 1 idle, 0 available.
04-26 12:49:05.879 21843-21853/no.uio.ifi.viettt.mscosa I/art: Background partial concurrent mark sweep GC freed 472229(13MB) AllocSpace objects, 0(0B) LOS objects, 5% free, 296MB/312MB, paused 61.681ms total 838.603ms
04-26 12:49:06.043 21843-3610/no.uio.ifi.viettt.mscosa W/SQLiteConnectionPool: The connection pool for database '/data/user/0/no.uio.ifi.viettt.mscosa/databases/osamsc.db' has been unable to grant a connection to thread 1687 (Thread-27) with flags 0x2 for 30.000002 seconds.
                                                                               Connections: 1 active, 0 idle, 0 available.
                                                                               
                                                                               Requests in progress:
                                                                                 executeForLastInsertedRowId started 1ms ago - running, sql="INSERT INTO SAMPLE(sample_value,timestamp,r_id) VALUES (?,?,?)"
04-26 12:49:06.045 21843-28917/no.uio.ifi.viettt.mscosa W/SQLiteConnectionPool: The connection pool for database '/data/user/0/no.uio.ifi.viettt.mscosa/databases/osamsc.db' has been unable to grant a connection to thread 1681 (Thread-25) with flags 0x2 for 30.002 seconds.
                                                                                Connections: 1 active, 0 idle, 0 available.
                                                                                
                                                                                Requests in progress:
                                                                                  executeForLastInsertedRowId started 3ms ago - running, sql="INSERT INTO SAMPLE(sample_value,timestamp,r_id) VALUES (?,?,?)"
04-26 12:49:06.583 21843-21853/no.uio.ifi.viettt.mscosa I/art: Background sticky concurrent mark sweep GC freed 591049(16MB) AllocSpace objects, 0(0B) LOS objects, 4% free, 298MB/312MB, paused 2.664ms total 163.404ms
04-26 12:49:07.491 21843-21853/no.uio.ifi.viettt.mscosa I/art: Background sticky concurrent mark sweep GC freed 567672(15MB) AllocSpace objects, 0(0B) LOS objects, 4% free, 299MB/312MB, paused 2.949ms total 200.032ms
04-26 12:49:08.359 21843-21853/no.uio.ifi.viettt.mscosa I/art: Background sticky concurrent mark sweep GC freed 530804(15MB) AllocSpace objects, 0(0B) LOS objects, 4% free, 299MB/312MB, paused 3.276ms total 126.534ms
04-26 12:49:09.052 21843-26362/no.uio.ifi.viettt.mscosa I/System.out: buffer waiting in list: 127, curr size: 21984
04-26 12:49:09.052 21843-26362/no.uio.ifi.viettt.mscosa I/DB SERVICE: 1674 request saving
04-26 12:49:09.122 21843-21849/no.uio.ifi.viettt.mscosa W/art: Suspending all threads took: 28.428ms
04-26 12:49:09.191 21843-21853/no.uio.ifi.viettt.mscosa I/art: Background sticky concurrent mark sweep GC freed 495273(14MB) AllocSpace objects, 0(0B) LOS objects, 4% free, 298MB/312MB, paused 1.729ms total 155.061ms
04-26 12:49:10.012 21843-21853/no.uio.ifi.viettt.mscosa I/art: Background sticky concurrent mark sweep GC freed 501408(14MB) AllocSpace objects, 0(0B) LOS objects, 4% free, 299MB/312MB, paused 2.111ms total 108.401ms
04-26 12:49:10.938 21843-21853/no.uio.ifi.viettt.mscosa I/art: Background sticky concurrent mark sweep GC freed 507924(14MB) AllocSpace objects, 0(0B) LOS objects, 3% free, 300MB/312MB, paused 4.087ms total 184.588ms
04-26 12:49:11.631 21843-21849/no.uio.ifi.viettt.mscosa W/art: Suspending all threads took: 25.193ms
04-26 12:49:11.700 21843-21853/no.uio.ifi.viettt.mscosa I/art: Background sticky concurrent mark sweep GC freed 455531(13MB) AllocSpace objects, 0(0B) LOS objects, 4% free, 299MB/312MB, paused 2.664ms total 148.837ms
04-26 12:49:12.469 21843-21853/no.uio.ifi.viettt.mscosa I/art: Background sticky concurrent mark sweep GC freed 472800(13MB) AllocSpace objects, 0(0B) LOS objects, 3% free, 301MB/312MB, paused 3.864ms total 128.807ms
04-26 12:49:13.128 21843-21849/no.uio.ifi.viettt.mscosa W/art: Suspending all threads took: 17.583ms
04-26 12:49:13.188 21843-21853/no.uio.ifi.viettt.mscosa W/art: Suspending all threads took: 60.471ms
04-26 12:49:13.256 21843-21853/no.uio.ifi.viettt.mscosa I/art: Background sticky concurrent mark sweep GC freed 422458(12MB) AllocSpace objects, 0(0B) LOS objects, 3% free, 301MB/312MB, paused 61.467ms total 152.893ms
04-26 12:49:13.930 21843-21853/no.uio.ifi.viettt.mscosa I/art: Background sticky concurrent mark sweep GC freed 435682(12MB) AllocSpace objects, 0(0B) LOS objects, 3% free, 301MB/312MB, paused 3.206ms total 108.586ms
04-26 12:49:14.626 21843-21849/no.uio.ifi.viettt.mscosa W/art: Suspending all threads took: 10.102ms
04-26 12:49:15.358 21843-21853/no.uio.ifi.viettt.mscosa I/art: Background sticky concurrent mark sweep GC freed 413573(12MB) AllocSpace objects, 0(0B) LOS objects, 3% free, 302MB/312MB, paused 1.710ms total 112.973ms
04-26 12:49:16.050 21843-21853/no.uio.ifi.viettt.mscosa I/art: Background sticky concurrent mark sweep GC freed 409801(11MB) AllocSpace objects, 0(0B) LOS objects, 3% free, 303MB/312MB, paused 1.394ms total 126.365ms
04-26 12:49:16.613 21843-21853/no.uio.ifi.viettt.mscosa W/art: Suspending all threads took: 7.739ms
04-26 12:49:16.650 21843-21849/no.uio.ifi.viettt.mscosa W/art: Suspending all threads took: 24.389ms
04-26 12:49:16.719 21843-24270/no.uio.ifi.viettt.mscosa I/System.out: buffer waiting in list: 51, curr size: 43776
04-26 12:49:16.719 21843-21853/no.uio.ifi.viettt.mscosa I/art: Background sticky concurrent mark sweep GC freed 382487(11MB) AllocSpace objects, 0(0B) LOS objects, 3% free, 302MB/312MB, paused 10.483ms total 152.513ms
04-26 12:49:16.787 21843-24270/no.uio.ifi.viettt.mscosa I/DB SERVICE: 1669 request saving
04-26 12:49:17.247 21843-27593/no.uio.ifi.viettt.mscosa I/System.out: buffer waiting in list: 129, curr size: 2682
04-26 12:49:17.247 21843-27593/no.uio.ifi.viettt.mscosa I/DB SERVICE: 1679 request saving
04-26 12:49:17.256 21843-3610/no.uio.ifi.viettt.mscosa I/System.out: 30
04-26 12:49:18.013 21843-21849/no.uio.ifi.viettt.mscosa W/art: Suspending all threads took: 383.211ms
04-26 12:49:18.076 21843-21853/no.uio.ifi.viettt.mscosa W/art: Suspending all threads took: 63.115ms
04-26 12:49:18.164 21843-21849/no.uio.ifi.viettt.mscosa W/art: Suspending all threads took: 35.343ms
04-26 12:49:18.234 21843-21853/no.uio.ifi.viettt.mscosa I/art: Background partial concurrent mark sweep GC freed 653811(20MB) AllocSpace objects, 0(0B) LOS objects, 5% free, 299MB/315MB, paused 64.522ms total 954.452ms
04-26 12:49:18.387 21843-28917/no.uio.ifi.viettt.mscosa I/System.out: buffer waiting in list: 129, curr size: 2658
04-26 12:49:18.387 21843-28917/no.uio.ifi.viettt.mscosa I/DB SERVICE: 1681 request saving
04-26 12:49:19.141 21843-21849/no.uio.ifi.viettt.mscosa W/art: Suspending all threads took: 10.585ms
04-26 12:49:19.208 21843-21853/no.uio.ifi.viettt.mscosa I/art: Background sticky concurrent mark sweep GC freed 628157(17MB) AllocSpace objects, 0(0B) LOS objects, 4% free, 302MB/315MB, paused 3.080ms total 243.981ms
04-26 12:49:20.623 21843-21849/no.uio.ifi.viettt.mscosa W/art: Suspending all threads took: 487.952ms
04-26 12:49:20.680 21843-21853/no.uio.ifi.viettt.mscosa W/art: Suspending all threads took: 56.676ms
04-26 12:49:20.736 21843-21849/no.uio.ifi.viettt.mscosa W/art: Suspending all threads took: 54.899ms
04-26 12:49:20.809 21843-21853/no.uio.ifi.viettt.mscosa I/art: Background partial concurrent mark sweep GC freed 758727(22MB) AllocSpace objects, 0(0B) LOS objects, 5% free, 299MB/315MB, paused 57.777ms total 982.480ms
04-26 12:49:21.633 21843-21853/no.uio.ifi.viettt.mscosa I/art: Background sticky concurrent mark sweep GC freed 600039(16MB) AllocSpace objects, 0(0B) LOS objects, 4% free, 302MB/315MB, paused 7.653ms total 226.926ms
04-26 12:49:22.497 21843-21853/no.uio.ifi.viettt.mscosa I/art: Background sticky concurrent mark sweep GC freed 563036(15MB) AllocSpace objects, 0(0B) LOS objects, 3% free, 302MB/315MB, paused 5.142ms total 203.283ms
04-26 12:49:23.443 21843-21853/no.uio.ifi.viettt.mscosa I/art: Background sticky concurrent mark sweep GC freed 544821(15MB) AllocSpace objects, 0(0B) LOS objects, 3% free, 302MB/315MB, paused 5.675ms total 221.264ms
04-26 12:49:24.749 21843-21849/no.uio.ifi.viettt.mscosa W/art: Suspending all threads took: 596.964ms
04-26 12:49:24.811 21843-21853/no.uio.ifi.viettt.mscosa W/art: Suspending all threads took: 62.383ms
04-26 12:49:24.860 21843-21849/no.uio.ifi.viettt.mscosa W/art: Suspending all threads took: 46.208ms
04-26 12:49:24.930 21843-21853/no.uio.ifi.viettt.mscosa I/art: Background partial concurrent mark sweep GC freed 531859(15MB) AllocSpace objects, 0(0B) LOS objects, 5% free, 300MB/316MB, paused 63.961ms total 874.180ms
04-26 12:49:25.710 21843-21849/no.uio.ifi.viettt.mscosa W/art: Suspending all threads took: 34.532ms
04-26 12:49:25.782 21843-21853/no.uio.ifi.viettt.mscosa I/art: Background sticky concurrent mark sweep GC freed 603453(16MB) AllocSpace objects, 0(0B) LOS objects, 4% free, 301MB/316MB, paused 3.041ms total 230.121ms
04-26 12:49:26.501 21843-21853/no.uio.ifi.viettt.mscosa I/art: Background sticky concurrent mark sweep GC freed 567463(15MB) AllocSpace objects, 0(0B) LOS objects, 4% free, 303MB/316MB, paused 1.966ms total 140.868ms
04-26 12:49:27.199 21843-21849/no.uio.ifi.viettt.mscosa W/art: Suspending all threads took: 26.790ms
04-26 12:49:27.257 21843-21853/no.uio.ifi.viettt.mscosa W/art: Suspending all threads took: 58.319ms
04-26 12:49:27.410 21843-21853/no.uio.ifi.viettt.mscosa I/art: Background sticky concurrent mark sweep GC freed 488674(14MB) AllocSpace objects, 0(0B) LOS objects, 3% free, 305MB/316MB, paused 60.096ms total 240.501ms
04-26 12:49:28.750 21843-21849/no.uio.ifi.viettt.mscosa W/art: Suspending all threads took: 569.346ms
04-26 12:49:28.866 21843-21849/no.uio.ifi.viettt.mscosa W/art: Suspending all threads took: 52.883ms
04-26 12:49:28.935 21843-21853/no.uio.ifi.viettt.mscosa I/art: Background partial concurrent mark sweep GC freed 606572(17MB) AllocSpace objects, 0(0B) LOS objects, 5% free, 302MB/318MB, paused 967us total 949.058ms
04-26 12:49:29.708 21843-21849/no.uio.ifi.viettt.mscosa W/art: Suspending all threads took: 22.762ms
04-26 12:49:29.769 21843-21853/no.uio.ifi.viettt.mscosa I/art: Background sticky concurrent mark sweep GC freed 636984(17MB) AllocSpace objects, 0(0B) LOS objects, 4% free, 305MB/318MB, paused 2.478ms total 204.287ms
04-26 12:49:30.499 21843-21853/no.uio.ifi.viettt.mscosa I/art: Background sticky concurrent mark sweep GC freed 535673(15MB) AllocSpace objects, 0(0B) LOS objects, 4% free, 304MB/318MB, paused 3.177ms total 146.670ms
04-26 12:49:31.457 21843-21853/no.uio.ifi.viettt.mscosa I/art: Background sticky concurrent mark sweep GC freed 535925(15MB) AllocSpace objects, 0(0B) LOS objects, 3% free, 305MB/318MB, paused 4.040ms total 176.714ms
04-26 12:49:32.209 21843-21849/no.uio.ifi.viettt.mscosa W/art: Suspending all threads took: 15.208ms
04-26 12:49:32.284 21843-21853/no.uio.ifi.viettt.mscosa I/art: Background sticky concurrent mark sweep GC freed 492609(14MB) AllocSpace objects, 0(0B) LOS objects, 4% free, 304MB/318MB, paused 3.515ms total 190.655ms
04-26 12:49:33.085 21843-21853/no.uio.ifi.viettt.mscosa I/art: Background sticky concurrent mark sweep GC freed 476318(13MB) AllocSpace objects, 0(0B) LOS objects, 3% free, 307MB/318MB, paused 2.037ms total 180.715ms
04-26 12:49:33.736 21843-21849/no.uio.ifi.viettt.mscosa W/art: Suspending all threads took: 31.833ms
04-26 12:49:33.810 21843-21853/no.uio.ifi.viettt.mscosa I/art: Background sticky concurrent mark sweep GC freed 462830(13MB) AllocSpace objects, 0(0B) LOS objects, 4% free, 304MB/318MB, paused 5.625ms total 70.664ms
04-26 12:49:35.416 21843-21853/no.uio.ifi.viettt.mscosa I/art: Background sticky concurrent mark sweep GC freed 464186(13MB) AllocSpace objects, 0(0B) LOS objects, 3% free, 307MB/318MB, paused 1.520ms total 129.157ms
04-26 12:49:36.145 21843-21853/no.uio.ifi.viettt.mscosa I/art: Background sticky concurrent mark sweep GC freed 450182(13MB) AllocSpace objects, 0(0B) LOS objects, 3% free, 307MB/318MB, paused 2.682ms total 162.057ms
04-26 12:49:36.756 21843-21849/no.uio.ifi.viettt.mscosa W/art: Suspending all threads took: 32.662ms
04-26 12:49:37.531 21843-21853/no.uio.ifi.viettt.mscosa I/art: Background sticky concurrent mark sweep GC freed 421678(12MB) AllocSpace objects, 0(0B) LOS objects, 3% free, 307MB/318MB, paused 2.199ms total 124.218ms
04-26 12:49:38.168 21843-21853/no.uio.ifi.viettt.mscosa I/art: Background sticky concurrent mark sweep GC freed 397363(11MB) AllocSpace objects, 0(0B) LOS objects, 3% free, 307MB/318MB, paused 1.152ms total 109.477ms
04-26 12:49:38.912 21843-21853/no.uio.ifi.viettt.mscosa I/art: Background sticky concurrent mark sweep GC freed 411474(11MB) AllocSpace objects, 0(0B) LOS objects, 2% free, 308MB/318MB, paused 3.375ms total 185.387ms
04-26 12:49:39.053 21843-26362/no.uio.ifi.viettt.mscosa W/SQLiteConnectionPool: The connection pool for database '/data/user/0/no.uio.ifi.viettt.mscosa/databases/osamsc.db' has been unable to grant a connection to thread 1674 (Thread-19) with flags 0x2 for 30.000002 seconds.
                                                                                Connections: 0 active, 1 idle, 0 available.
04-26 12:49:40.100 21843-21849/no.uio.ifi.viettt.mscosa W/art: Suspending all threads took: 370.381ms
04-26 12:49:40.161 21843-21853/no.uio.ifi.viettt.mscosa W/art: Suspending all threads took: 61.303ms
04-26 12:49:40.250 21843-21849/no.uio.ifi.viettt.mscosa W/art: Suspending all threads took: 19.542ms
04-26 12:49:40.320 21843-21853/no.uio.ifi.viettt.mscosa I/art: Background partial concurrent mark sweep GC freed 551844(17MB) AllocSpace objects, 0(0B) LOS objects, 4% free, 308MB/324MB, paused 62.541ms total 922.556ms
04-26 12:49:41.108 21843-21853/no.uio.ifi.viettt.mscosa I/art: Background sticky concurrent mark sweep GC freed 637137(17MB) AllocSpace objects, 0(0B) LOS objects, 4% free, 308MB/324MB, paused 3.479ms total 154.782ms
04-26 12:49:42.051 21843-21853/no.uio.ifi.viettt.mscosa I/art: Background sticky concurrent mark sweep GC freed 613374(17MB) AllocSpace objects, 0(0B) LOS objects, 4% free, 308MB/324MB, paused 3.242ms total 118.867ms
04-26 12:49:43.023 21843-21853/no.uio.ifi.viettt.mscosa I/art: Background sticky concurrent mark sweep GC freed 577723(16MB) AllocSpace objects, 0(0B) LOS objects, 4% free, 309MB/324MB, paused 3.392ms total 128.530ms
04-26 12:49:43.031 21843-21853/no.uio.ifi.viettt.mscosa W/art: Suspending all threads took: 7.660ms
04-26 12:49:43.989 21843-21853/no.uio.ifi.viettt.mscosa I/art: Background sticky concurrent mark sweep GC freed 580924(16MB) AllocSpace objects, 0(0B) LOS objects, 4% free, 309MB/324MB, paused 3.881ms total 126.880ms
04-26 12:49:44.959 21843-21853/no.uio.ifi.viettt.mscosa I/art: Background sticky concurrent mark sweep GC freed 556950(16MB) AllocSpace objects, 0(0B) LOS objects, 4% free, 310MB/324MB, paused 4.230ms total 137.401ms
04-26 12:49:45.785 21843-21849/no.uio.ifi.viettt.mscosa W/art: Suspending all threads took: 35.162ms
04-26 12:49:45.858 21843-21853/no.uio.ifi.viettt.mscosa I/art: Background sticky concurrent mark sweep GC freed 539575(15MB) AllocSpace objects, 0(0B) LOS objects, 4% free, 308MB/324MB, paused 2.764ms total 157.205ms
04-26 12:49:46.788 21843-24270/no.uio.ifi.viettt.mscosa W/SQLiteConnectionPool: The connection pool for database '/data/user/0/no.uio.ifi.viettt.mscosa/databases/osamsc.db' has been unable to grant a connection to thread 1669 (Thread-14) with flags 0x2 for 30.001001 seconds.
                                                                                Connections: 1 active, 0 idle, 0 available.
                                                                                
                                                                                Requests in progress:
                                                                                  executeForLastInsertedRowId started 0ms ago - running, sql="INSERT INTO SAMPLE(sample_value,timestamp,r_id) VALUES (?,?,?)"
04-26 12:49:46.794 21843-2850/no.uio.ifi.viettt.mscosa W/SQLiteConnectionPool: The connection pool for database '/data/user/0/no.uio.ifi.viettt.mscosa/databases/osamsc.db' has been unable to grant a connection to thread 1686 (Thread-26) with flags 0x1 for 30.000002 seconds.
                                                                               Connections: 1 active, 0 idle, 0 available.
                                                                               
                                                                               Requests in progress:
                                                                                 executeForLastInsertedRowId started 0ms ago - running, sql="INSERT INTO SAMPLE(sample_value,timestamp,r_id) VALUES (?,?,?)"
04-26 12:49:47.248 21843-27593/no.uio.ifi.viettt.mscosa W/SQLiteConnectionPool: The connection pool for database '/data/user/0/no.uio.ifi.viettt.mscosa/databases/osamsc.db' has been unable to grant a connection to thread 1679 (Thread-23) with flags 0x2 for 30.000002 seconds.
                                                                                Connections: 1 active, 0 idle, 0 available.
                                                                                
                                                                                Requests in progress:
                                                                                  execute started 34ms ago - running, sql="COMMIT;"
04-26 12:49:47.260 21843-3610/no.uio.ifi.viettt.mscosa W/SQLiteConnectionPool: The connection pool for database '/data/user/0/no.uio.ifi.viettt.mscosa/databases/osamsc.db' has been unable to grant a connection to thread 1687 (Thread-27) with flags 0x2 for 30.002 seconds.
                                                                               Connections: 1 active, 0 idle, 0 available.
                                                                               
                                                                               Requests in progress:
                                                                                 execute started 45ms ago - running, sql="COMMIT;"
04-26 12:49:47.333 21843-31055/no.uio.ifi.viettt.mscosa I/System.out: ---------> DONE DB JOB 42952 milliseconds
04-26 12:49:47.333 21843-31055/no.uio.ifi.viettt.mscosa I/System.out: BUFF FOR DB 11
04-26 12:49:47.686 21843-21853/no.uio.ifi.viettt.mscosa I/art: Background sticky concurrent mark sweep GC freed 540363(16MB) AllocSpace objects, 0(0B) LOS objects, 3% free, 314MB/324MB, paused 4.022ms total 264.681ms
04-26 12:49:48.924 21843-21849/no.uio.ifi.viettt.mscosa W/art: Suspending all threads took: 652.694ms
04-26 12:49:48.999 21843-21853/no.uio.ifi.viettt.mscosa W/art: Suspending all threads took: 75.085ms
04-26 12:49:49.036 21843-21849/no.uio.ifi.viettt.mscosa W/art: Suspending all threads took: 35.187ms
04-26 12:49:49.108 21843-28917/no.uio.ifi.viettt.mscosa W/SQLiteConnectionPool: The connection pool for database '/data/user/0/no.uio.ifi.viettt.mscosa/databases/osamsc.db' has been unable to grant a connection to thread 1681 (Thread-25) with flags 0x2 for 30.721 seconds.
                                                                                Connections: 0 active, 1 idle, 0 available.
04-26 12:49:49.114 21843-21853/no.uio.ifi.viettt.mscosa I/art: Background partial concurrent mark sweep GC freed 557663(18MB) AllocSpace objects, 0(0B) LOS objects, 4% free, 308MB/324MB, paused 76.380ms total 939.864ms
04-26 12:49:49.494 21843-31055/no.uio.ifi.viettt.mscosa I/System.out: DONE BUFF 2160 milliseconds
04-26 12:49:49.500 21843-31055/no.uio.ifi.viettt.mscosa I/System.out: ---------> CONNECT TO DB 11
04-26 12:49:49.790 21843-21849/no.uio.ifi.viettt.mscosa W/art: Suspending all threads took: 21.789ms
04-26 12:49:50.007 21843-21853/no.uio.ifi.viettt.mscosa I/art: Background sticky concurrent mark sweep GC freed 549251(14MB) AllocSpace objects, 0(0B) LOS objects, 3% free, 312MB/324MB, paused 2.877ms total 247.129ms
04-26 12:49:50.013 21843-21853/no.uio.ifi.viettt.mscosa W/art: Suspending all threads took: 5.844ms
04-26 12:49:51.212 21843-21849/no.uio.ifi.viettt.mscosa W/art: Suspending all threads took: 436.942ms
04-26 12:49:51.272 21843-21853/no.uio.ifi.viettt.mscosa W/art: Suspending all threads took: 60.472ms
04-26 12:49:51.317 21843-21849/no.uio.ifi.viettt.mscosa W/art: Suspending all threads took: 35.388ms
04-26 12:49:51.395 21843-21853/no.uio.ifi.viettt.mscosa I/art: Background partial concurrent mark sweep GC freed 724608(20MB) AllocSpace objects, 0(0B) LOS objects, 4% free, 310MB/326MB, paused 62.026ms total 929.571ms
04-26 12:49:52.215 21843-21853/no.uio.ifi.viettt.mscosa I/art: Background sticky concurrent mark sweep GC freed 611632(17MB) AllocSpace objects, 0(0B) LOS objects, 4% free, 312MB/326MB, paused 2.927ms total 167.621ms
04-26 12:49:52.224 21843-21853/no.uio.ifi.viettt.mscosa W/art: Suspending all threads took: 6.984ms
04-26 12:49:52.999 21843-21853/no.uio.ifi.viettt.mscosa I/art: Background sticky concurrent mark sweep GC freed 552690(15MB) AllocSpace objects, 0(0B) LOS objects, 4% free, 312MB/326MB, paused 2.528ms total 120.954ms
04-26 12:49:53.791 21843-26362/no.uio.ifi.viettt.mscosa I/System.out: buffer waiting in list: 135, curr size: 22134
04-26 12:49:53.791 21843-26362/no.uio.ifi.viettt.mscosa I/DB SERVICE: 1674 request saving
04-26 12:49:53.808 21843-21849/no.uio.ifi.viettt.mscosa W/art: Suspending all threads took: 13.030ms
04-26 12:49:53.874 21843-21853/no.uio.ifi.viettt.mscosa I/art: Background sticky concurrent mark sweep GC freed 512579(14MB) AllocSpace objects, 0(0B) LOS objects, 4% free, 311MB/326MB, paused 2.764ms total 142.472ms
04-26 12:49:55.571 21843-21853/no.uio.ifi.viettt.mscosa I/art: Background sticky concurrent mark sweep GC freed 499421(14MB) AllocSpace objects, 0(0B) LOS objects, 3% free, 313MB/326MB, paused 2.612ms total 122.944ms
04-26 12:49:56.340 21843-21849/no.uio.ifi.viettt.mscosa W/art: Suspending all threads took: 28.514ms
04-26 12:49:56.406 21843-21853/no.uio.ifi.viettt.mscosa I/art: Background sticky concurrent mark sweep GC freed 474349(13MB) AllocSpace objects, 0(0B) LOS objects, 3% free, 313MB/326MB, paused 1.811ms total 166.543ms
04-26 12:49:57.151 21843-21853/no.uio.ifi.viettt.mscosa I/art: Background sticky concurrent mark sweep GC freed 472181(13MB) AllocSpace objects, 0(0B) LOS objects, 3% free, 314MB/326MB, paused 1.823ms total 105.216ms
04-26 12:49:57.885 21843-21853/no.uio.ifi.viettt.mscosa W/art: Suspending all threads took: 63.780ms
04-26 12:49:57.959 21843-21853/no.uio.ifi.viettt.mscosa I/art: Background sticky concurrent mark sweep GC freed 447964(13MB) AllocSpace objects, 0(0B) LOS objects, 3% free, 315MB/326MB, paused 65.958ms total 170.074ms
04-26 12:49:58.695 21843-21853/no.uio.ifi.viettt.mscosa I/art: Background sticky concurrent mark sweep GC freed 446806(12MB) AllocSpace objects, 0(0B) LOS objects, 3% free, 315MB/326MB, paused 2.525ms total 112.892ms
04-26 12:49:59.358 21843-21849/no.uio.ifi.viettt.mscosa W/art: Suspending all threads took: 23.792ms
04-26 12:49:59.427 21843-21853/no.uio.ifi.viettt.mscosa I/art: Background sticky concurrent mark sweep GC freed 425385(12MB) AllocSpace objects, 0(0B) LOS objects, 3% free, 314MB/326MB, paused 2.024ms total 144.592ms
04-26 12:50:00.133 21843-21853/no.uio.ifi.viettt.mscosa I/art: Background sticky concurrent mark sweep GC freed 430937(12MB) AllocSpace objects, 0(0B) LOS objects, 3% free, 315MB/326MB, paused 1.853ms total 110.684ms
04-26 12:50:01.475 21843-24270/no.uio.ifi.viettt.mscosa I/System.out: buffer waiting in list: 54, curr size: 44064
04-26 12:50:01.475 21843-24270/no.uio.ifi.viettt.mscosa I/DB SERVICE: 1669 request saving
04-26 12:50:01.969 21843-27593/no.uio.ifi.viettt.mscosa I/System.out: buffer waiting in list: 136, curr size: 2682
04-26 12:50:01.969 21843-27593/no.uio.ifi.viettt.mscosa I/DB SERVICE: 1679 request saving
04-26 12:50:02.491 21843-28917/no.uio.ifi.viettt.mscosa I/System.out: buffer waiting in list: 136, curr size: 2664
04-26 12:50:02.491 21843-28917/no.uio.ifi.viettt.mscosa I/DB SERVICE: 1681 request saving
04-26 12:50:03.371 21843-21849/no.uio.ifi.viettt.mscosa W/art: Suspending all threads took: 17.447ms
04-26 12:50:04.089 21843-21853/no.uio.ifi.viettt.mscosa I/art: Background sticky concurrent mark sweep GC freed 377233(10MB) AllocSpace objects, 0(0B) LOS objects, 2% free, 317MB/326MB, paused 3.381ms total 134.940ms
04-26 12:50:04.266 21843-21843/no.uio.ifi.viettt.mscosa V/BoostFramework: BoostFramework() : mPerf = com.qualcomm.qti.Performance@121ed4c
04-26 12:50:04.266 21843-21843/no.uio.ifi.viettt.mscosa V/BoostFramework: BoostFramework() : mPerf = com.qualcomm.qti.Performance@6876195
04-26 12:50:11.418 21843-21849/no.uio.ifi.viettt.mscosa W/art: Suspending all threads took: 8.754ms
04-26 12:50:12.425 21843-21849/no.uio.ifi.viettt.mscosa W/art: Suspending all threads took: 8.034ms
04-26 12:50:12.489 21843-21853/no.uio.ifi.viettt.mscosa W/art: Suspending all threads took: 63.648ms
04-26 12:50:12.542 21843-21853/no.uio.ifi.viettt.mscosa I/art: Background sticky concurrent mark sweep GC freed 177230(5MB) AllocSpace objects, 0(0B) LOS objects, 1% free, 322MB/326MB, paused 64.895ms total 136.700ms
04-26 12:50:13.511 21843-21849/no.uio.ifi.viettt.mscosa W/art: Suspending all threads took: 589.164ms
04-26 12:50:13.608 21843-21849/no.uio.ifi.viettt.mscosa W/art: Suspending all threads took: 38.214ms
04-26 12:50:13.682 21843-21853/no.uio.ifi.viettt.mscosa I/art: Background partial concurrent mark sweep GC freed 402781(14MB) AllocSpace objects, 0(0B) LOS objects, 4% free, 315MB/331MB, paused 1.041ms total 944.636ms
04-26 12:50:14.460 21843-21849/no.uio.ifi.viettt.mscosa W/art: Suspending all threads took: 31.616ms
04-26 12:50:14.534 21843-21853/no.uio.ifi.viettt.mscosa I/art: Background sticky concurrent mark sweep GC freed 614615(17MB) AllocSpace objects, 0(0B) LOS objects, 4% free, 317MB/331MB, paused 4.517ms total 243.006ms
04-26 12:50:15.215 21843-21853/no.uio.ifi.viettt.mscosa I/art: Background sticky concurrent mark sweep GC freed 548288(15MB) AllocSpace objects, 0(0B) LOS objects, 4% free, 317MB/331MB, paused 1.801ms total 102.053ms
04-26 12:50:16.160 21843-21853/no.uio.ifi.viettt.mscosa I/art: Background sticky concurrent mark sweep GC freed 525405(15MB) AllocSpace objects, 0(0B) LOS objects, 3% free, 319MB/331MB, paused 2.674ms total 148.292ms
04-26 12:50:17.803 21843-21853/no.uio.ifi.viettt.mscosa I/art: Background sticky concurrent mark sweep GC freed 505079(14MB) AllocSpace objects, 0(0B) LOS objects, 3% free, 319MB/331MB, paused 2.147ms total 166.698ms
04-26 12:50:18.452 21843-21849/no.uio.ifi.viettt.mscosa W/art: Suspending all threads took: 5.035ms
04-26 12:50:18.516 21843-21853/no.uio.ifi.viettt.mscosa W/art: Suspending all threads took: 63.520ms
04-26 12:50:18.632 21843-21853/no.uio.ifi.viettt.mscosa I/art: Background sticky concurrent mark sweep GC freed 461775(13MB) AllocSpace objects, 0(0B) LOS objects, 3% free, 320MB/331MB, paused 64.589ms total 208.629ms
04-26 12:50:19.984 21843-21849/no.uio.ifi.viettt.mscosa W/art: Suspending all threads took: 536.645ms
04-26 12:50:20.048 21843-21853/no.uio.ifi.viettt.mscosa W/art: Suspending all threads took: 63.852ms
04-26 12:50:20.094 21843-21849/no.uio.ifi.viettt.mscosa W/art: Suspending all threads took: 44.264ms
04-26 12:50:20.171 21843-21853/no.uio.ifi.viettt.mscosa I/art: Background partial concurrent mark sweep GC freed 590573(17MB) AllocSpace objects, 2(56KB) LOS objects, 4% free, 317MB/333MB, paused 65.154ms total 985.125ms
04-26 12:50:20.964 21843-21849/no.uio.ifi.viettt.mscosa W/art: Suspending all threads took: 9.929ms
04-26 12:50:21.033 21843-21853/no.uio.ifi.viettt.mscosa I/art: Background sticky concurrent mark sweep GC freed 601612(16MB) AllocSpace objects, 0(0B) LOS objects, 4% free, 320MB/333MB, paused 3.212ms total 230.531ms
04-26 12:50:21.766 21843-21853/no.uio.ifi.viettt.mscosa I/art: Background sticky concurrent mark sweep GC freed 582073(16MB) AllocSpace objects, 0(0B) LOS objects, 4% free, 320MB/333MB, paused 2.336ms total 176.211ms
04-26 12:50:22.477 21843-21849/no.uio.ifi.viettt.mscosa W/art: Suspending all threads took: 17.505ms
04-26 12:50:22.538 21843-21853/no.uio.ifi.viettt.mscosa W/art: Suspending all threads took: 60.634ms
04-26 12:50:22.661 21843-21853/no.uio.ifi.viettt.mscosa I/art: Background sticky concurrent mark sweep GC freed 494593(14MB) AllocSpace objects, 0(0B) LOS objects, 3% free, 321MB/333MB, paused 62.414ms total 210.212ms
04-26 12:50:24.130 21843-21849/no.uio.ifi.viettt.mscosa W/art: Suspending all threads took: 665.941ms
04-26 12:50:24.198 21843-21853/no.uio.ifi.viettt.mscosa W/art: Suspending all threads took: 67.517ms
04-26 12:50:24.243 21843-21849/no.uio.ifi.viettt.mscosa W/art: Suspending all threads took: 42.616ms
04-26 12:50:24.317 21843-21853/no.uio.ifi.viettt.mscosa I/art: Background partial concurrent mark sweep GC freed 600471(17MB) AllocSpace objects, 0(0B) LOS objects, 4% free, 318MB/334MB, paused 68.879ms total 1.025s
04-26 12:50:24.397 21843-26362/no.uio.ifi.viettt.mscosa W/SQLiteConnectionPool: The connection pool for database '/data/user/0/no.uio.ifi.viettt.mscosa/databases/osamsc.db' has been unable to grant a connection to thread 1674 (Thread-19) with flags 0x2 for 30.524002 seconds.
                                                                                Connections: 0 active, 1 idle, 0 available.
04-26 12:50:25.038 21843-21853/no.uio.ifi.viettt.mscosa W/art: Suspending all threads took: 63.364ms
04-26 12:50:25.217 21843-21853/no.uio.ifi.viettt.mscosa I/art: Background sticky concurrent mark sweep GC freed 589514(16MB) AllocSpace objects, 0(0B) LOS objects, 3% free, 323MB/334MB, paused 64.591ms total 295.869ms
04-26 12:50:26.550 21843-21849/no.uio.ifi.viettt.mscosa W/art: Suspending all threads took: 570.911ms
04-26 12:50:26.618 21843-21853/no.uio.ifi.viettt.mscosa W/art: Suspending all threads took: 68.092ms
04-26 12:50:26.666 21843-21849/no.uio.ifi.viettt.mscosa W/art: Suspending all threads took: 46.055ms
04-26 12:50:26.743 21843-21853/no.uio.ifi.viettt.mscosa I/art: Background partial concurrent mark sweep GC freed 731971(20MB) AllocSpace objects, 0(0B) LOS objects, 4% free, 319MB/335MB, paused 69.517ms total 1.042s
04-26 12:50:27.561 21843-21853/no.uio.ifi.viettt.mscosa W/art: Suspending all threads took: 67.806ms
04-26 12:50:27.712 21843-21853/no.uio.ifi.viettt.mscosa I/art: Background sticky concurrent mark sweep GC freed 554756(15MB) AllocSpace objects, 0(0B) LOS objects, 3% free, 323MB/335MB, paused 69.231ms total 257.017ms
04-26 12:50:29.042 21843-21849/no.uio.ifi.viettt.mscosa W/art: Suspending all threads took: 549.539ms
04-26 12:50:29.110 21843-21853/no.uio.ifi.viettt.mscosa W/art: Suspending all threads took: 67.659ms
04-26 12:50:29.160 21843-21849/no.uio.ifi.viettt.mscosa W/art: Suspending all threads took: 47.652ms
04-26 12:50:29.229 21843-21853/no.uio.ifi.viettt.mscosa I/art: Background partial concurrent mark sweep GC freed 709637(20MB) AllocSpace objects, 0(0B) LOS objects, 4% free, 320MB/336MB, paused 69.213ms total 974.608ms
04-26 12:50:30.045 21843-21849/no.uio.ifi.viettt.mscosa W/art: Suspending all threads took: 46.490ms
04-26 12:50:30.123 21843-21853/no.uio.ifi.viettt.mscosa I/art: Background sticky concurrent mark sweep GC freed 678594(18MB) AllocSpace objects, 0(0B) LOS objects, 4% free, 321MB/336MB, paused 5.181ms total 240.827ms
04-26 12:50:30.905 21843-21853/no.uio.ifi.viettt.mscosa I/art: Background sticky concurrent mark sweep GC freed 555272(15MB) AllocSpace objects, 0(0B) LOS objects, 3% free, 325MB/336MB, paused 3.779ms total 194.977ms
04-26 12:50:31.476 21843-24270/no.uio.ifi.viettt.mscosa W/SQLiteConnectionPool: The connection pool for database '/data/user/0/no.uio.ifi.viettt.mscosa/databases/osamsc.db' has been unable to grant a connection to thread 1669 (Thread-14) with flags 0x2 for 30.000002 seconds.
                                                                                Connections: 1 active, 0 idle, 0 available.
                                                                                
                                                                                Requests in progress:
                                                                                  executeForLastInsertedRowId started 0ms ago - running, sql="INSERT INTO SAMPLE(sample_value,timestamp,r_id) VALUES (?,?,?)"
04-26 12:50:31.477 21843-2850/no.uio.ifi.viettt.mscosa W/SQLiteConnectionPool: The connection pool for database '/data/user/0/no.uio.ifi.viettt.mscosa/databases/osamsc.db' has been unable to grant a connection to thread 1686 (Thread-26) with flags 0x1 for 30.001001 seconds.
                                                                               Connections: 1 active, 0 idle, 0 available.
                                                                               
                                                                               Requests in progress:
                                                                                 executeForLastInsertedRowId started 0ms ago - running, sql="INSERT INTO SAMPLE(sample_value,timestamp,r_id) VALUES (?,?,?)"
04-26 12:50:31.522 21843-21849/no.uio.ifi.viettt.mscosa W/art: Suspending all threads took: 21.027ms
04-26 12:50:31.713 21843-21853/no.uio.ifi.viettt.mscosa I/art: Background sticky concurrent mark sweep GC freed 485218(13MB) AllocSpace objects, 0(0B) LOS objects, 3% free, 325MB/336MB, paused 4.945ms total 212.219ms
04-26 12:50:31.970 21843-27593/no.uio.ifi.viettt.mscosa W/SQLiteConnectionPool: The connection pool for database '/data/user/0/no.uio.ifi.viettt.mscosa/databases/osamsc.db' has been unable to grant a connection to thread 1679 (Thread-23) with flags 0x2 for 30.000002 seconds.
                                                                                Connections: 1 active, 0 idle, 0 available.
                                                                                
                                                                                Requests in progress:
                                                                                  executeForLastInsertedRowId started 0ms ago - running, sql="INSERT INTO SAMPLE(sample_value,timestamp,r_id) VALUES (?,?,?)"
04-26 12:50:31.970 21843-3610/no.uio.ifi.viettt.mscosa W/SQLiteConnectionPool: The connection pool for database '/data/user/0/no.uio.ifi.viettt.mscosa/databases/osamsc.db' has been unable to grant a connection to thread 1687 (Thread-27) with flags 0x2 for 30.001001 seconds.
                                                                               Connections: 1 active, 0 idle, 0 available.
                                                                               
