04-26 12:32:31.200 21843-21843/no.uio.ifi.viettt.mscosa W/IInputConnectionWrapper: finishComposingText on inactive InputConnection
04-26 12:32:33.380 21843-26362/no.uio.ifi.viettt.mscosa I/System.out: buffer waiting in list: 0, curr size: 22038
04-26 12:32:33.381 21843-26362/no.uio.ifi.viettt.mscosa I/DB SERVICE: 1674 request saving
04-26 12:32:33.677 21843-21849/no.uio.ifi.viettt.mscosa W/art: Suspending all threads took: 7.401ms
04-26 12:32:34.229 21843-24270/no.uio.ifi.viettt.mscosa I/System.out: buffer waiting in list: 0, curr size: 44166
04-26 12:32:34.229 21843-24270/no.uio.ifi.viettt.mscosa I/DB SERVICE: 1669 request saving
04-26 12:32:36.100 21843-27593/no.uio.ifi.viettt.mscosa I/System.out: buffer waiting in list: 0, curr size: 2664
04-26 12:32:36.100 21843-27593/no.uio.ifi.viettt.mscosa I/DB SERVICE: 1679 request saving
04-26 12:32:38.216 21843-21849/no.uio.ifi.viettt.mscosa W/art: Suspending all threads took: 17.860ms
04-26 12:32:38.377 21843-26362/no.uio.ifi.viettt.mscosa I/System.out: buffer waiting in list: 0, curr size: 22446
04-26 12:32:38.377 21843-26362/no.uio.ifi.viettt.mscosa I/DB SERVICE: 1674 request saving
04-26 12:32:41.109 21843-27593/no.uio.ifi.viettt.mscosa I/System.out: buffer waiting in list: 0, curr size: 2682
04-26 12:32:41.109 21843-27593/no.uio.ifi.viettt.mscosa I/DB SERVICE: 1679 request saving
04-26 12:32:43.375 21843-26362/no.uio.ifi.viettt.mscosa I/System.out: buffer waiting in list: 0, curr size: 22200
04-26 12:32:43.376 21843-26362/no.uio.ifi.viettt.mscosa I/DB SERVICE: 1674 request saving
04-26 12:32:44.229 21843-24270/no.uio.ifi.viettt.mscosa I/System.out: buffer waiting in list: 0, curr size: 44580
04-26 12:32:44.229 21843-24270/no.uio.ifi.viettt.mscosa I/DB SERVICE: 1669 request saving
04-26 12:32:45.251 21843-21849/no.uio.ifi.viettt.mscosa W/art: Suspending all threads took: 15.472ms
04-26 12:32:46.117 21843-27593/no.uio.ifi.viettt.mscosa I/System.out: buffer waiting in list: 0, curr size: 2688
04-26 12:32:46.118 21843-27593/no.uio.ifi.viettt.mscosa I/DB SERVICE: 1679 request saving
04-26 12:32:48.383 21843-26362/no.uio.ifi.viettt.mscosa I/System.out: buffer waiting in list: 0, curr size: 22326
04-26 12:32:48.384 21843-26362/no.uio.ifi.viettt.mscosa I/DB SERVICE: 1674 request saving
04-26 12:32:51.123 21843-27593/no.uio.ifi.viettt.mscosa I/System.out: buffer waiting in list: 0, curr size: 2688
04-26 12:32:51.123 21843-27593/no.uio.ifi.viettt.mscosa I/DB SERVICE: 1679 request saving
04-26 12:32:53.376 21843-26362/no.uio.ifi.viettt.mscosa I/System.out: buffer waiting in list: 0, curr size: 22284
04-26 12:32:53.376 21843-26362/no.uio.ifi.viettt.mscosa I/DB SERVICE: 1674 request saving
04-26 12:32:54.228 21843-24270/no.uio.ifi.viettt.mscosa I/System.out: buffer waiting in list: 0, curr size: 44616
04-26 12:32:54.228 21843-24270/no.uio.ifi.viettt.mscosa I/DB SERVICE: 1669 request saving
04-26 12:32:56.130 21843-27593/no.uio.ifi.viettt.mscosa I/System.out: buffer waiting in list: 0, curr size: 2652
04-26 12:32:56.130 21843-27593/no.uio.ifi.viettt.mscosa I/DB SERVICE: 1679 request saving
04-26 12:32:56.805 21843-21849/no.uio.ifi.viettt.mscosa W/art: Suspending all threads took: 12.448ms
04-26 12:32:58.302 21843-21849/no.uio.ifi.viettt.mscosa W/art: Suspending all threads took: 7.511ms
04-26 12:32:58.377 21843-26362/no.uio.ifi.viettt.mscosa I/System.out: buffer waiting in list: 0, curr size: 22038
04-26 12:32:58.377 21843-26362/no.uio.ifi.viettt.mscosa I/DB SERVICE: 1674 request saving
04-26 12:33:01.130 21843-27593/no.uio.ifi.viettt.mscosa I/System.out: buffer waiting in list: 0, curr size: 2694
04-26 12:33:01.130 21843-27593/no.uio.ifi.viettt.mscosa I/DB SERVICE: 1679 request saving
04-26 12:33:03.377 21843-26362/no.uio.ifi.viettt.mscosa I/System.out: buffer waiting in list: 0, curr size: 22056
04-26 12:33:03.377 21843-26362/no.uio.ifi.viettt.mscosa I/DB SERVICE: 1674 request saving
04-26 12:33:04.227 21843-24270/no.uio.ifi.viettt.mscosa I/System.out: buffer waiting in list: 0, curr size: 44112
04-26 12:33:04.227 21843-24270/no.uio.ifi.viettt.mscosa I/DB SERVICE: 1669 request saving
04-26 12:33:05.329 21843-21849/no.uio.ifi.viettt.mscosa W/art: Suspending all threads took: 12.621ms
04-26 12:33:05.340 21843-21853/no.uio.ifi.viettt.mscosa W/art: Suspending all threads took: 11.159ms
04-26 12:33:05.372 21843-21853/no.uio.ifi.viettt.mscosa I/art: Background sticky concurrent mark sweep GC freed 529479(16MB) AllocSpace objects, 0(0B) LOS objects, 18% free, 69MB/85MB, paused 11.865ms total 56.547ms
04-26 12:33:06.130 21843-27593/no.uio.ifi.viettt.mscosa I/System.out: buffer waiting in list: 0, curr size: 2664
04-26 12:33:06.130 21843-27593/no.uio.ifi.viettt.mscosa I/DB SERVICE: 1679 request saving
04-26 12:33:08.376 21843-26362/no.uio.ifi.viettt.mscosa I/System.out: buffer waiting in list: 0, curr size: 22272
04-26 12:33:08.376 21843-26362/no.uio.ifi.viettt.mscosa I/DB SERVICE: 1674 request saving
04-26 12:33:09.841 21843-21849/no.uio.ifi.viettt.mscosa W/art: Suspending all threads took: 5.570ms
04-26 12:33:11.136 21843-27593/no.uio.ifi.viettt.mscosa I/System.out: buffer waiting in list: 0, curr size: 2658
04-26 12:33:11.136 21843-27593/no.uio.ifi.viettt.mscosa I/DB SERVICE: 1679 request saving
04-26 12:33:13.374 21843-26362/no.uio.ifi.viettt.mscosa I/System.out: buffer waiting in list: 0, curr size: 22170
04-26 12:33:13.374 21843-26362/no.uio.ifi.viettt.mscosa I/DB SERVICE: 1674 request saving
04-26 12:33:13.853 21843-21849/no.uio.ifi.viettt.mscosa W/art: Suspending all threads took: 5.722ms
04-26 12:33:14.228 21843-24270/no.uio.ifi.viettt.mscosa I/System.out: buffer waiting in list: 0, curr size: 44340
04-26 12:33:14.228 21843-24270/no.uio.ifi.viettt.mscosa I/DB SERVICE: 1669 request saving
04-26 12:33:16.140 21843-27593/no.uio.ifi.viettt.mscosa I/System.out: buffer waiting in list: 0, curr size: 2676
04-26 12:33:16.140 21843-27593/no.uio.ifi.viettt.mscosa I/DB SERVICE: 1679 request saving
04-26 12:33:18.379 21843-26362/no.uio.ifi.viettt.mscosa I/System.out: buffer waiting in list: 0, curr size: 22056
04-26 12:33:18.380 21843-26362/no.uio.ifi.viettt.mscosa I/DB SERVICE: 1674 request saving
04-26 12:33:19.873 21843-21849/no.uio.ifi.viettt.mscosa W/art: Suspending all threads took: 8.734ms
04-26 12:33:21.147 21843-27593/no.uio.ifi.viettt.mscosa I/System.out: buffer waiting in list: 0, curr size: 2658
04-26 12:33:21.148 21843-27593/no.uio.ifi.viettt.mscosa I/DB SERVICE: 1679 request saving
04-26 12:33:23.377 21843-26362/no.uio.ifi.viettt.mscosa I/System.out: buffer waiting in list: 0, curr size: 21972
04-26 12:33:23.378 21843-26362/no.uio.ifi.viettt.mscosa I/DB SERVICE: 1674 request saving
04-26 12:33:24.233 21843-24270/no.uio.ifi.viettt.mscosa I/System.out: buffer waiting in list: 0, curr size: 44094
04-26 12:33:24.233 21843-24270/no.uio.ifi.viettt.mscosa I/DB SERVICE: 1669 request saving
04-26 12:33:26.156 21843-27593/no.uio.ifi.viettt.mscosa I/System.out: buffer waiting in list: 0, curr size: 2670
04-26 12:33:26.156 21843-27593/no.uio.ifi.viettt.mscosa I/DB SERVICE: 1679 request saving
04-26 12:33:28.375 21843-26362/no.uio.ifi.viettt.mscosa I/System.out: buffer waiting in list: 0, curr size: 22410
04-26 12:33:28.375 21843-26362/no.uio.ifi.viettt.mscosa I/DB SERVICE: 1674 request saving
04-26 12:33:28.418 21843-21853/no.uio.ifi.viettt.mscosa W/art: Suspending all threads took: 8.485ms
04-26 12:33:28.451 21843-21853/no.uio.ifi.viettt.mscosa I/art: Background partial concurrent mark sweep GC freed 543466(17MB) AllocSpace objects, 0(0B) LOS objects, 18% free, 69MB/85MB, paused 9.604ms total 65.375ms
04-26 12:33:31.163 21843-27593/no.uio.ifi.viettt.mscosa I/System.out: buffer waiting in list: 0, curr size: 2688
04-26 12:33:31.163 21843-27593/no.uio.ifi.viettt.mscosa I/DB SERVICE: 1679 request saving
04-26 12:33:33.377 21843-26362/no.uio.ifi.viettt.mscosa I/System.out: buffer waiting in list: 0, curr size: 21978
04-26 12:33:33.377 21843-26362/no.uio.ifi.viettt.mscosa I/DB SERVICE: 1674 request saving
04-26 12:33:34.227 21843-24270/no.uio.ifi.viettt.mscosa I/System.out: buffer waiting in list: 0, curr size: 44346
04-26 12:33:34.227 21843-24270/no.uio.ifi.viettt.mscosa I/DB SERVICE: 1669 request saving
04-26 12:33:36.165 21843-27593/no.uio.ifi.viettt.mscosa I/System.out: buffer waiting in list: 0, curr size: 2652
04-26 12:33:36.165 21843-27593/no.uio.ifi.viettt.mscosa I/DB SERVICE: 1679 request saving
04-26 12:33:36.450 21843-21849/no.uio.ifi.viettt.mscosa W/art: Suspending all threads took: 16.132ms
04-26 12:33:36.458 21843-21853/no.uio.ifi.viettt.mscosa W/art: Suspending all threads took: 7.688ms
04-26 12:33:36.492 21843-21853/no.uio.ifi.viettt.mscosa I/art: Background partial concurrent mark sweep GC freed 555732(17MB) AllocSpace objects, 0(0B) LOS objects, 18% free, 70MB/86MB, paused 8.625ms total 62.060ms
04-26 12:33:38.375 21843-26362/no.uio.ifi.viettt.mscosa I/System.out: buffer waiting in list: 0, curr size: 22104
04-26 12:33:38.375 21843-26362/no.uio.ifi.viettt.mscosa I/DB SERVICE: 1674 request saving
04-26 12:33:40.455 21843-21849/no.uio.ifi.viettt.mscosa W/art: Suspending all threads took: 9.908ms
04-26 12:33:41.167 21843-27593/no.uio.ifi.viettt.mscosa I/System.out: buffer waiting in list: 0, curr size: 2682
04-26 12:33:41.169 21843-27593/no.uio.ifi.viettt.mscosa I/DB SERVICE: 1679 request saving
04-26 12:33:43.377 21843-26362/no.uio.ifi.viettt.mscosa I/System.out: buffer waiting in list: 0, curr size: 22446
04-26 12:33:43.377 21843-26362/no.uio.ifi.viettt.mscosa I/DB SERVICE: 1674 request saving
04-26 12:33:44.229 21843-24270/no.uio.ifi.viettt.mscosa I/System.out: buffer waiting in list: 0, curr size: 44514
04-26 12:33:44.230 21843-24270/no.uio.ifi.viettt.mscosa I/DB SERVICE: 1669 request saving
04-26 12:33:46.171 21843-27593/no.uio.ifi.viettt.mscosa I/System.out: buffer waiting in list: 0, curr size: 2670
04-26 12:33:46.171 21843-27593/no.uio.ifi.viettt.mscosa I/DB SERVICE: 1679 request saving
04-26 12:33:46.911 21843-28695/no.uio.ifi.viettt.mscosa I/System.out: {"metric":"mV","description":"Applied somewhere","id":1,"type":"ACG","frequency":100}
04-26 12:33:46.912 21843-28695/no.uio.ifi.viettt.mscosa I/System.out: {"metric":"mV","description":"On the chest","id":2,"type":"ECG","frequency":100}
04-26 12:33:46.912 21843-28695/no.uio.ifi.viettt.mscosa I/System.out: {"metric":"mV","description":"By Dr. N","id":3,"type":"EEG","frequency":100}
04-26 12:33:46.912 21843-28695/no.uio.ifi.viettt.mscosa I/System.out: {"metric":"V","description":"Click or not click","id":4,"type":"BTN","frequency":100}
04-26 12:33:46.912 21843-28695/no.uio.ifi.viettt.mscosa I/System.out: {"metric":"mc","description":"On somewhere","id":5,"type":"HJK","frequency":100}
04-26 12:33:46.914 21843-28695/no.uio.ifi.viettt.mscosa I/System.out: {"metric":"mc","description":"On chest","id":6,"type":"LPL","frequency":100}
04-26 12:33:48.376 21843-26362/no.uio.ifi.viettt.mscosa I/System.out: buffer waiting in list: 0, curr size: 22128
04-26 12:33:48.380 21843-26362/no.uio.ifi.viettt.mscosa I/DB SERVICE: 1674 request saving
04-26 12:33:50.352 21843-21843/no.uio.ifi.viettt.mscosa V/BoostFramework: BoostFramework() : mPerf = com.qualcomm.qti.Performance@d703ff5
04-26 12:33:50.352 21843-21843/no.uio.ifi.viettt.mscosa V/BoostFramework: BoostFramework() : mPerf = com.qualcomm.qti.Performance@8c6118a
04-26 12:33:50.505 21843-21849/no.uio.ifi.viettt.mscosa W/art: Suspending all threads took: 14.276ms
04-26 12:33:51.173 21843-27593/no.uio.ifi.viettt.mscosa I/System.out: buffer waiting in list: 0, curr size: 2700
04-26 12:33:51.176 21843-27593/no.uio.ifi.viettt.mscosa I/DB SERVICE: 1679 request saving
04-26 12:33:51.681 21843-21843/no.uio.ifi.viettt.mscosa I/Choreographer: Skipped 79 frames!  The application may be doing too much work on its main thread.
04-26 12:33:51.849 21843-21843/no.uio.ifi.viettt.mscosa W/IInputConnectionWrapper: getExtractedText on inactive InputConnection
04-26 12:33:51.889 21843-21843/no.uio.ifi.viettt.mscosa W/IInputConnectionWrapper: getTextBeforeCursor on inactive InputConnection
04-26 12:33:51.894 21843-21843/no.uio.ifi.viettt.mscosa W/IInputConnectionWrapper: getSelectedText on inactive InputConnection
04-26 12:33:51.903 21843-21843/no.uio.ifi.viettt.mscosa W/IInputConnectionWrapper: getTextAfterCursor on inactive InputConnection
04-26 12:33:51.938 21843-21843/no.uio.ifi.viettt.mscosa E/SpannableStringBuilder: SPAN_EXCLUSIVE_EXCLUSIVE spans cannot have a zero length
04-26 12:33:51.938 21843-21843/no.uio.ifi.viettt.mscosa E/SpannableStringBuilder: SPAN_EXCLUSIVE_EXCLUSIVE spans cannot have a zero length
04-26 12:33:52.092 21843-21882/no.uio.ifi.viettt.mscosa D/OpenGLRenderer: endAllActiveAnimators on 0x7f5fd85800 (MenuPopupWindow$MenuDropDownListView) with handle 0x7f5dee4260
04-26 12:33:53.252 21843-21843/no.uio.ifi.viettt.mscosa V/BoostFramework: BoostFramework() : mPerf = com.qualcomm.qti.Performance@bd3013e
04-26 12:33:53.253 21843-21843/no.uio.ifi.viettt.mscosa V/BoostFramework: BoostFramework() : mPerf = com.qualcomm.qti.Performance@72c9b9f
04-26 12:33:53.258 21843-21843/no.uio.ifi.viettt.mscosa V/BoostFramework: BoostFramework() : mPerf = com.qualcomm.qti.Performance@879f34a
04-26 12:33:53.259 21843-21843/no.uio.ifi.viettt.mscosa V/BoostFramework: BoostFramework() : mPerf = com.qualcomm.qti.Performance@94952bb
04-26 12:33:53.373 21843-26362/no.uio.ifi.viettt.mscosa I/System.out: buffer waiting in list: 0, curr size: 22308
04-26 12:33:53.373 21843-26362/no.uio.ifi.viettt.mscosa I/DB SERVICE: 1674 request saving
04-26 12:33:53.541 21843-21849/no.uio.ifi.viettt.mscosa W/art: Suspending all threads took: 27.587ms
04-26 12:33:54.234 21843-24270/no.uio.ifi.viettt.mscosa I/System.out: buffer waiting in list: 0, curr size: 44490
04-26 12:33:54.234 21843-24270/no.uio.ifi.viettt.mscosa I/DB SERVICE: 1669 request saving
04-26 12:33:55.027 21843-21849/no.uio.ifi.viettt.mscosa W/art: Suspending all threads took: 9.122ms
04-26 12:33:56.044 21843-21882/no.uio.ifi.viettt.mscosa D/OpenGLRenderer: endAllActiveAnimators on 0x7f62f50000 (AlertController$RecycleListView) with handle 0x7f5e9d2520
04-26 12:33:56.185 21843-27593/no.uio.ifi.viettt.mscosa I/System.out: buffer waiting in list: 0, curr size: 2676
04-26 12:33:56.185 21843-27593/no.uio.ifi.viettt.mscosa I/DB SERVICE: 1679 request saving
04-26 12:33:56.542 21843-21849/no.uio.ifi.viettt.mscosa W/art: Suspending all threads took: 17.207ms
04-26 12:33:58.058 21843-21849/no.uio.ifi.viettt.mscosa W/art: Suspending all threads took: 24.635ms
04-26 12:33:58.376 21843-26362/no.uio.ifi.viettt.mscosa I/System.out: buffer waiting in list: 0, curr size: 22200
04-26 12:33:58.377 21843-26362/no.uio.ifi.viettt.mscosa I/DB SERVICE: 1674 request saving
04-26 12:34:01.191 21843-27593/no.uio.ifi.viettt.mscosa I/System.out: buffer waiting in list: 0, curr size: 2694
04-26 12:34:01.192 21843-27593/no.uio.ifi.viettt.mscosa I/DB SERVICE: 1679 request saving
04-26 12:34:01.915 21843-21843/no.uio.ifi.viettt.mscosa I/System.out: STORING true
04-26 12:34:01.947 21843-28695/no.uio.ifi.viettt.mscosa I/System.out: 19
04-26 12:34:01.955 21843-28695/no.uio.ifi.viettt.mscosa I/System.out: 20
04-26 12:34:01.960 21843-21843/no.uio.ifi.viettt.mscosa W/MIUI-BLOCK-MONITOR: The msg { when=-1ms callback=android.view.View$PerformClick target=android.view.ViewRootImpl$ViewRootHandler planTime=1493202837104 dispatchTime=1493202837105 finishTime=0 } took 4856ms and took 4855ms after dispatch.
04-26 12:34:01.961 21843-21843/no.uio.ifi.viettt.mscosa I/Choreographer: Skipped 290 frames!  The application may be doing too much work on its main thread.
04-26 12:34:01.963 21843-28695/no.uio.ifi.viettt.mscosa I/System.out: 21
04-26 12:34:01.968 21843-28695/no.uio.ifi.viettt.mscosa I/System.out: 22
04-26 12:34:01.976 21843-28695/no.uio.ifi.viettt.mscosa I/System.out: 23
04-26 12:34:01.983 21843-28695/no.uio.ifi.viettt.mscosa I/System.out: 24
04-26 12:34:01.988 21843-21843/no.uio.ifi.viettt.mscosa I/DB SERVICE: Received Start Foreground Intent 
04-26 12:34:02.032 21843-21843/no.uio.ifi.viettt.mscosa W/IInputConnectionWrapper: finishComposingText on inactive InputConnection
04-26 12:34:03.386 21843-26362/no.uio.ifi.viettt.mscosa I/System.out: buffer waiting in list: 0, curr size: 22140
04-26 12:34:03.386 21843-26362/no.uio.ifi.viettt.mscosa I/DB SERVICE: 1674 request saving
04-26 12:34:04.226 21843-24270/no.uio.ifi.viettt.mscosa I/System.out: buffer waiting in list: 0, curr size: 44268
04-26 12:34:04.227 21843-24270/no.uio.ifi.viettt.mscosa I/DB SERVICE: 1669 request saving
04-26 12:34:05.579 21843-21853/no.uio.ifi.viettt.mscosa W/art: Suspending all threads took: 7.598ms
04-26 12:34:05.625 21843-21853/no.uio.ifi.viettt.mscosa I/art: Background sticky concurrent mark sweep GC freed 527887(15MB) AllocSpace objects, 0(0B) LOS objects, 17% free, 71MB/86MB, paused 8.369ms total 67.915ms
04-26 12:34:06.197 21843-27593/no.uio.ifi.viettt.mscosa I/System.out: buffer waiting in list: 0, curr size: 2676
04-26 12:34:06.197 21843-27593/no.uio.ifi.viettt.mscosa I/DB SERVICE: 1679 request saving
04-26 12:34:06.951 21843-28917/no.uio.ifi.viettt.mscosa I/System.out: buffer waiting in list: 0, curr size: 2670
04-26 12:34:06.952 21843-28917/no.uio.ifi.viettt.mscosa I/DB SERVICE: 1681 request saving
04-26 12:34:08.389 21843-26362/no.uio.ifi.viettt.mscosa I/System.out: buffer waiting in list: 0, curr size: 22554
04-26 12:34:08.390 21843-26362/no.uio.ifi.viettt.mscosa I/DB SERVICE: 1674 request saving
04-26 12:34:11.207 21843-27593/no.uio.ifi.viettt.mscosa I/System.out: buffer waiting in list: 0, curr size: 2706
04-26 12:34:11.208 21843-27593/no.uio.ifi.viettt.mscosa I/DB SERVICE: 1679 request saving
04-26 12:34:11.957 21843-28917/no.uio.ifi.viettt.mscosa I/System.out: buffer waiting in list: 0, curr size: 2682
04-26 12:34:11.958 21843-28917/no.uio.ifi.viettt.mscosa I/DB SERVICE: 1681 request saving
04-26 12:34:13.377 21843-26362/no.uio.ifi.viettt.mscosa I/System.out: buffer waiting in list: 0, curr size: 22434
04-26 12:34:13.378 21843-26362/no.uio.ifi.viettt.mscosa I/DB SERVICE: 1674 request saving
04-26 12:34:14.229 21843-24270/no.uio.ifi.viettt.mscosa I/System.out: buffer waiting in list: 0, curr size: 45006
04-26 12:34:14.229 21843-24270/no.uio.ifi.viettt.mscosa I/DB SERVICE: 1669 request saving
04-26 12:34:16.209 21843-27593/no.uio.ifi.viettt.mscosa I/System.out: buffer waiting in list: 0, curr size: 2676
04-26 12:34:16.209 21843-27593/no.uio.ifi.viettt.mscosa I/DB SERVICE: 1679 request saving
04-26 12:34:16.955 21843-28917/no.uio.ifi.viettt.mscosa I/System.out: buffer waiting in list: 0, curr size: 2688
04-26 12:34:16.956 21843-28917/no.uio.ifi.viettt.mscosa I/DB SERVICE: 1681 request saving
04-26 12:34:18.375 21843-26362/no.uio.ifi.viettt.mscosa I/System.out: buffer waiting in list: 0, curr size: 22494
04-26 12:34:18.376 21843-26362/no.uio.ifi.viettt.mscosa I/DB SERVICE: 1674 request saving
04-26 12:34:20.677 21843-21853/no.uio.ifi.viettt.mscosa W/art: Suspending all threads took: 8.318ms
04-26 12:34:20.713 21843-21853/no.uio.ifi.viettt.mscosa I/art: Background sticky concurrent mark sweep GC freed 539654(16MB) AllocSpace objects, 0(0B) LOS objects, 17% free, 70MB/86MB, paused 9.001ms total 60.838ms
04-26 12:34:21.224 21843-27593/no.uio.ifi.viettt.mscosa I/System.out: buffer waiting in list: 0, curr size: 2688
04-26 12:34:21.224 21843-27593/no.uio.ifi.viettt.mscosa I/DB SERVICE: 1679 request saving
04-26 12:34:21.960 21843-28917/no.uio.ifi.viettt.mscosa I/System.out: buffer waiting in list: 0, curr size: 2670
04-26 12:34:21.961 21843-28917/no.uio.ifi.viettt.mscosa I/DB SERVICE: 1681 request saving
04-26 12:34:23.377 21843-26362/no.uio.ifi.viettt.mscosa I/System.out: buffer waiting in list: 0, curr size: 22296
04-26 12:34:23.378 21843-26362/no.uio.ifi.viettt.mscosa I/DB SERVICE: 1674 request saving
04-26 12:34:24.211 21843-21849/no.uio.ifi.viettt.mscosa W/art: Suspending all threads took: 22.327ms
04-26 12:34:24.244 21843-24270/no.uio.ifi.viettt.mscosa I/System.out: buffer waiting in list: 0, curr size: 44760
04-26 12:34:24.244 21843-24270/no.uio.ifi.viettt.mscosa I/DB SERVICE: 1669 request saving
04-26 12:34:25.778 21843-21843/no.uio.ifi.viettt.mscosa V/BoostFramework: BoostFramework() : mPerf = com.qualcomm.qti.Performance@1df7823
04-26 12:34:25.778 21843-21843/no.uio.ifi.viettt.mscosa V/BoostFramework: BoostFramework() : mPerf = com.qualcomm.qti.Performance@d30120
04-26 12:34:26.090 21843-21882/no.uio.ifi.viettt.mscosa D/OpenGLRenderer: endAllActiveAnimators on 0x7f61a2b800 (MenuPopupWindow$MenuDropDownListView) with handle 0x7f5dee4140
04-26 12:34:26.227 21843-27593/no.uio.ifi.viettt.mscosa I/System.out: buffer waiting in list: 0, curr size: 2706
04-26 12:34:26.227 21843-27593/no.uio.ifi.viettt.mscosa I/DB SERVICE: 1679 request saving
04-26 12:34:26.963 21843-28917/no.uio.ifi.viettt.mscosa I/System.out: buffer waiting in list: 0, curr size: 2688
04-26 12:34:26.964 21843-28917/no.uio.ifi.viettt.mscosa I/DB SERVICE: 1681 request saving
04-26 12:34:28.377 21843-26362/no.uio.ifi.viettt.mscosa I/System.out: buffer waiting in list: 0, curr size: 22110
04-26 12:34:28.378 21843-26362/no.uio.ifi.viettt.mscosa I/DB SERVICE: 1674 request saving
04-26 12:34:31.231 21843-27593/no.uio.ifi.viettt.mscosa I/System.out: buffer waiting in list: 0, curr size: 2682
04-26 12:34:31.231 21843-27593/no.uio.ifi.viettt.mscosa I/DB SERVICE: 1679 request saving
04-26 12:34:31.973 21843-28917/no.uio.ifi.viettt.mscosa I/System.out: buffer waiting in list: 0, curr size: 2682
04-26 12:34:31.973 21843-28917/no.uio.ifi.viettt.mscosa I/DB SERVICE: 1681 request saving
04-26 12:34:33.397 21843-26362/no.uio.ifi.viettt.mscosa I/System.out: buffer waiting in list: 0, curr size: 22392
04-26 12:34:33.397 21843-26362/no.uio.ifi.viettt.mscosa I/DB SERVICE: 1674 request saving
04-26 12:34:34.230 21843-24270/no.uio.ifi.viettt.mscosa I/System.out: buffer waiting in list: 0, curr size: 44508
04-26 12:34:34.230 21843-24270/no.uio.ifi.viettt.mscosa I/DB SERVICE: 1669 request saving
04-26 12:34:36.240 21843-27593/no.uio.ifi.viettt.mscosa I/System.out: buffer waiting in list: 0, curr size: 2700
04-26 12:34:36.240 21843-27593/no.uio.ifi.viettt.mscosa I/DB SERVICE: 1679 request saving
04-26 12:34:36.977 21843-28917/no.uio.ifi.viettt.mscosa I/System.out: buffer waiting in list: 0, curr size: 2700
04-26 12:34:36.977 21843-28917/no.uio.ifi.viettt.mscosa I/DB SERVICE: 1681 request saving
04-26 12:34:38.379 21843-26362/no.uio.ifi.viettt.mscosa I/System.out: buffer waiting in list: 0, curr size: 22308
04-26 12:34:38.379 21843-26362/no.uio.ifi.viettt.mscosa I/DB SERVICE: 1674 request saving
04-26 12:34:41.247 21843-27593/no.uio.ifi.viettt.mscosa I/System.out: buffer waiting in list: 0, curr size: 2682
04-26 12:34:41.247 21843-27593/no.uio.ifi.viettt.mscosa I/DB SERVICE: 1679 request saving
04-26 12:34:41.988 21843-28917/no.uio.ifi.viettt.mscosa I/System.out: buffer waiting in list: 0, curr size: 2682
04-26 12:34:41.989 21843-28917/no.uio.ifi.viettt.mscosa I/DB SERVICE: 1681 request saving
04-26 12:34:43.376 21843-26362/no.uio.ifi.viettt.mscosa I/System.out: buffer waiting in list: 0, curr size: 22158
04-26 12:34:43.376 21843-26362/no.uio.ifi.viettt.mscosa I/DB SERVICE: 1674 request saving
04-26 12:34:44.229 21843-24270/no.uio.ifi.viettt.mscosa I/System.out: buffer waiting in list: 0, curr size: 44454
04-26 12:34:44.229 21843-24270/no.uio.ifi.viettt.mscosa I/DB SERVICE: 1669 request saving
04-26 12:34:46.252 21843-27593/no.uio.ifi.viettt.mscosa I/System.out: buffer waiting in list: 0, curr size: 2694
04-26 12:34:46.253 21843-27593/no.uio.ifi.viettt.mscosa I/DB SERVICE: 1679 request saving
04-26 12:34:46.991 21843-28917/no.uio.ifi.viettt.mscosa I/System.out: buffer waiting in list: 0, curr size: 2676
04-26 12:34:46.991 21843-28917/no.uio.ifi.viettt.mscosa I/DB SERVICE: 1681 request saving
04-26 12:34:48.378 21843-26362/no.uio.ifi.viettt.mscosa I/System.out: buffer waiting in list: 0, curr size: 22290
04-26 12:34:48.378 21843-26362/no.uio.ifi.viettt.mscosa I/DB SERVICE: 1674 request saving
04-26 12:34:51.252 21843-27593/no.uio.ifi.viettt.mscosa I/System.out: buffer waiting in list: 0, curr size: 2688
04-26 12:34:51.253 21843-27593/no.uio.ifi.viettt.mscosa I/DB SERVICE: 1679 request saving
04-26 12:34:52.000 21843-28917/no.uio.ifi.viettt.mscosa I/System.out: buffer waiting in list: 0, curr size: 2688
04-26 12:34:52.000 21843-28917/no.uio.ifi.viettt.mscosa I/DB SERVICE: 1681 request saving
04-26 12:34:53.376 21843-26362/no.uio.ifi.viettt.mscosa I/System.out: buffer waiting in list: 0, curr size: 22176
04-26 12:34:53.377 21843-26362/no.uio.ifi.viettt.mscosa I/DB SERVICE: 1674 request saving
04-26 12:34:54.232 21843-24270/no.uio.ifi.viettt.mscosa I/System.out: buffer waiting in list: 0, curr size: 44586
04-26 12:34:54.232 21843-24270/no.uio.ifi.viettt.mscosa I/DB SERVICE: 1669 request saving
04-26 12:34:55.879 21843-21849/no.uio.ifi.viettt.mscosa W/art: Suspending all threads took: 7.292ms
04-26 12:34:55.888 21843-21853/no.uio.ifi.viettt.mscosa W/art: Suspending all threads took: 8.762ms
04-26 12:34:55.939 21843-21853/no.uio.ifi.viettt.mscosa I/art: Background sticky concurrent mark sweep GC freed 511789(15MB) AllocSpace objects, 0(0B) LOS objects, 16% free, 70MB/85MB, paused 9.509ms total 78.614ms
04-26 12:34:56.257 21843-27593/no.uio.ifi.viettt.mscosa I/System.out: buffer waiting in list: 0, curr size: 2676
04-26 12:34:56.257 21843-27593/no.uio.ifi.viettt.mscosa I/DB SERVICE: 1679 request saving
04-26 12:34:57.013 21843-28917/no.uio.ifi.viettt.mscosa I/System.out: buffer waiting in list: 0, curr size: 2682
04-26 12:34:57.013 21843-28917/no.uio.ifi.viettt.mscosa I/DB SERVICE: 1681 request saving
04-26 12:34:57.390 21843-21849/no.uio.ifi.viettt.mscosa W/art: Suspending all threads took: 15.277ms
04-26 12:34:58.407 21843-26362/no.uio.ifi.viettt.mscosa I/System.out: buffer waiting in list: 0, curr size: 22458
04-26 12:34:58.407 21843-26362/no.uio.ifi.viettt.mscosa I/DB SERVICE: 1674 request saving
04-26 12:34:58.891 21843-21849/no.uio.ifi.viettt.mscosa W/art: Suspending all threads took: 6.392ms
04-26 12:35:00.398 21843-21853/no.uio.ifi.viettt.mscosa W/art: Suspending all threads took: 7.264ms
04-26 12:35:00.439 21843-21853/no.uio.ifi.viettt.mscosa I/art: Background sticky concurrent mark sweep GC freed 529625(16MB) AllocSpace objects, 0(0B) LOS objects, 17% free, 70MB/85MB, paused 8.343ms total 60.813ms
04-26 12:35:01.258 21843-27593/no.uio.ifi.viettt.mscosa I/System.out: buffer waiting in list: 0, curr size: 2682
04-26 12:35:01.259 21843-27593/no.uio.ifi.viettt.mscosa I/DB SERVICE: 1679 request saving
04-26 12:35:01.903 21843-21853/no.uio.ifi.viettt.mscosa W/art: Suspending all threads took: 9.698ms
04-26 12:35:01.942 21843-21853/no.uio.ifi.viettt.mscosa I/art: Background sticky concurrent mark sweep GC freed 535355(16MB) AllocSpace objects, 0(0B) LOS objects, 17% free, 71MB/86MB, paused 10.730ms total 75.699ms
04-26 12:35:02.015 21843-28917/no.uio.ifi.viettt.mscosa I/System.out: buffer waiting in list: 0, curr size: 2664
04-26 12:35:02.015 21843-28917/no.uio.ifi.viettt.mscosa I/DB SERVICE: 1681 request saving
04-26 12:35:03.379 21843-26362/no.uio.ifi.viettt.mscosa I/System.out: buffer waiting in list: 0, curr size: 22428
04-26 12:35:03.379 21843-26362/no.uio.ifi.viettt.mscosa I/DB SERVICE: 1674 request saving
04-26 12:35:04.231 21843-24270/no.uio.ifi.viettt.mscosa I/System.out: buffer waiting in list: 0, curr size: 44778
04-26 12:35:04.231 21843-24270/no.uio.ifi.viettt.mscosa I/DB SERVICE: 1669 request saving
04-26 12:35:06.262 21843-27593/no.uio.ifi.viettt.mscosa I/System.out: buffer waiting in list: 0, curr size: 2688
04-26 12:35:06.263 21843-27593/no.uio.ifi.viettt.mscosa I/DB SERVICE: 1679 request saving
04-26 12:35:07.020 21843-28917/no.uio.ifi.viettt.mscosa I/System.out: buffer waiting in list: 0, curr size: 2676
04-26 12:35:07.021 21843-28917/no.uio.ifi.viettt.mscosa I/DB SERVICE: 1681 request saving
04-26 12:35:08.377 21843-26362/no.uio.ifi.viettt.mscosa I/System.out: buffer waiting in list: 0, curr size: 21990
04-26 12:35:08.377 21843-26362/no.uio.ifi.viettt.mscosa I/DB SERVICE: 1674 request saving
04-26 12:35:11.263 21843-27593/no.uio.ifi.viettt.mscosa I/System.out: buffer waiting in list: 0, curr size: 2670
04-26 12:35:11.263 21843-27593/no.uio.ifi.viettt.mscosa I/DB SERVICE: 1679 request saving
04-26 12:35:12.030 21843-28917/no.uio.ifi.viettt.mscosa I/System.out: buffer waiting in list: 0, curr size: 2664
04-26 12:35:12.030 21843-28917/no.uio.ifi.viettt.mscosa I/DB SERVICE: 1681 request saving
04-26 12:35:13.387 21843-26362/no.uio.ifi.viettt.mscosa I/System.out: buffer waiting in list: 0, curr size: 22026
04-26 12:35:13.387 21843-26362/no.uio.ifi.viettt.mscosa I/DB SERVICE: 1674 request saving
04-26 12:35:14.231 21843-24270/no.uio.ifi.viettt.mscosa I/System.out: buffer waiting in list: 0, curr size: 43992
04-26 12:35:14.231 21843-24270/no.uio.ifi.viettt.mscosa I/DB SERVICE: 1669 request saving
04-26 12:35:16.267 21843-27593/no.uio.ifi.viettt.mscosa I/System.out: buffer waiting in list: 0, curr size: 2658
04-26 12:35:16.267 21843-27593/no.uio.ifi.viettt.mscosa I/DB SERVICE: 1679 request saving
04-26 12:35:17.028 21843-28917/no.uio.ifi.viettt.mscosa I/System.out: buffer waiting in list: 0, curr size: 2658
04-26 12:35:17.028 21843-28917/no.uio.ifi.viettt.mscosa I/DB SERVICE: 1681 request saving
04-26 12:35:17.465 21843-21849/no.uio.ifi.viettt.mscosa W/art: Suspending all threads took: 6.677ms
04-26 12:35:17.473 21843-21853/no.uio.ifi.viettt.mscosa W/art: Suspending all threads took: 8.272ms
04-26 12:35:17.505 21843-21853/no.uio.ifi.viettt.mscosa I/art: Background partial concurrent mark sweep GC freed 553848(17MB) AllocSpace objects, 0(0B) LOS objects, 18% free, 70MB/86MB, paused 8.923ms total 65.656ms
04-26 12:35:18.377 21843-26362/no.uio.ifi.viettt.mscosa I/System.out: buffer waiting in list: 0, curr size: 22074
04-26 12:35:18.378 21843-26362/no.uio.ifi.viettt.mscosa I/DB SERVICE: 1674 request saving
04-26 12:35:18.987 21843-21849/no.uio.ifi.viettt.mscosa W/art: Suspending all threads took: 18.441ms
04-26 12:35:20.505 21843-21849/no.uio.ifi.viettt.mscosa W/art: Suspending all threads took: 27.270ms
04-26 12:35:21.266 21843-27593/no.uio.ifi.viettt.mscosa I/System.out: buffer waiting in list: 0, curr size: 2670
04-26 12:35:21.266 21843-27593/no.uio.ifi.viettt.mscosa I/DB SERVICE: 1679 request saving
04-26 12:35:21.986 21843-21849/no.uio.ifi.viettt.mscosa W/art: Suspending all threads took: 5.598ms
04-26 12:35:21.999 21843-21853/no.uio.ifi.viettt.mscosa W/art: Suspending all threads took: 12.081ms
04-26 12:35:22.031 21843-28917/no.uio.ifi.viettt.mscosa I/System.out: buffer waiting in list: 0, curr size: 2664
04-26 12:35:22.031 21843-28917/no.uio.ifi.viettt.mscosa I/DB SERVICE: 1681 request saving
04-26 12:35:22.052 21843-21853/no.uio.ifi.viettt.mscosa I/art: Background sticky concurrent mark sweep GC freed 541921(16MB) AllocSpace objects, 0(0B) LOS objects, 17% free, 71MB/86MB, paused 13.233ms total 86.627ms
04-26 12:35:23.377 21843-26362/no.uio.ifi.viettt.mscosa I/System.out: buffer waiting in list: 0, curr size: 22320
04-26 12:35:23.378 21843-26362/no.uio.ifi.viettt.mscosa I/DB SERVICE: 1674 request saving
04-26 12:35:23.995 21843-21849/no.uio.ifi.viettt.mscosa W/art: Suspending all threads took: 8.278ms
04-26 12:35:24.232 21843-24270/no.uio.ifi.viettt.mscosa I/System.out: buffer waiting in list: 0, curr size: 44454
04-26 12:35:24.232 21843-24270/no.uio.ifi.viettt.mscosa I/DB SERVICE: 1669 request saving
04-26 12:35:25.507 21843-21849/no.uio.ifi.viettt.mscosa W/art: Suspending all threads took: 15.723ms
04-26 12:35:26.275 21843-27593/no.uio.ifi.viettt.mscosa I/System.out: buffer waiting in list: 0, curr size: 2700
04-26 12:35:26.275 21843-27593/no.uio.ifi.viettt.mscosa I/DB SERVICE: 1679 request saving
04-26 12:35:27.033 21843-28917/no.uio.ifi.viettt.mscosa I/System.out: buffer waiting in list: 0, curr size: 2694
04-26 12:35:27.033 21843-28917/no.uio.ifi.viettt.mscosa I/DB SERVICE: 1681 request saving
04-26 12:35:28.382 21843-26362/no.uio.ifi.viettt.mscosa I/System.out: buffer waiting in list: 0, curr size: 22302
04-26 12:35:28.382 21843-26362/no.uio.ifi.viettt.mscosa I/DB SERVICE: 1674 request saving
04-26 12:35:31.279 21843-27593/no.uio.ifi.viettt.mscosa I/System.out: buffer waiting in list: 0, curr size: 2688
04-26 12:35:31.279 21843-27593/no.uio.ifi.viettt.mscosa I/DB SERVICE: 1679 request saving
04-26 12:35:32.034 21843-28917/no.uio.ifi.viettt.mscosa I/System.out: buffer waiting in list: 0, curr size: 2682
04-26 12:35:32.034 21843-28917/no.uio.ifi.viettt.mscosa I/DB SERVICE: 1681 request saving
04-26 12:35:33.378 21843-26362/no.uio.ifi.viettt.mscosa I/System.out: buffer waiting in list: 0, curr size: 22212
04-26 12:35:33.379 21843-26362/no.uio.ifi.viettt.mscosa I/DB SERVICE: 1674 request saving
04-26 12:35:34.242 21843-24270/no.uio.ifi.viettt.mscosa I/System.out: buffer waiting in list: 0, curr size: 44484
04-26 12:35:34.252 21843-24270/no.uio.ifi.viettt.mscosa I/DB SERVICE: 1669 request saving
04-26 12:35:36.286 21843-27593/no.uio.ifi.viettt.mscosa I/System.out: buffer waiting in list: 0, curr size: 2688
04-26 12:35:36.288 21843-27593/no.uio.ifi.viettt.mscosa I/DB SERVICE: 1679 request saving
04-26 12:35:36.324 21843-21843/no.uio.ifi.viettt.mscosa I/Timeline: Timeline: Activity_launch_request time:57969420
04-26 12:35:37.040 21843-28917/no.uio.ifi.viettt.mscosa I/System.out: buffer waiting in list: 0, curr size: 2694
04-26 12:35:37.040 21843-28917/no.uio.ifi.viettt.mscosa I/DB SERVICE: 1681 request saving
04-26 12:35:38.396 21843-26362/no.uio.ifi.viettt.mscosa I/System.out: buffer waiting in list: 0, curr size: 22050
04-26 12:35:38.396 21843-26362/no.uio.ifi.viettt.mscosa I/DB SERVICE: 1674 request saving
04-26 12:35:39.397 21843-21853/no.uio.ifi.viettt.mscosa I/art: Background partial concurrent mark sweep GC freed 625028(18MB) AllocSpace objects, 0(0B) LOS objects, 18% free, 70MB/86MB, paused 1.207ms total 128.523ms
04-26 12:35:42.307 21843-21849/no.uio.ifi.viettt.mscosa W/art: Suspending all threads took: 202.078ms
04-26 12:35:42.326 21843-21853/no.uio.ifi.viettt.mscosa I/art: Background sticky concurrent mark sweep GC freed 618744(17MB) AllocSpace objects, 0(0B) LOS objects, 18% free, 70MB/86MB, paused 1.952ms total 597.141ms
04-26 12:35:44.884 21843-24270/no.uio.ifi.viettt.mscosa I/System.out: buffer waiting in list: 0, curr size: 38496
04-26 12:35:44.884 21843-24270/no.uio.ifi.viettt.mscosa I/DB SERVICE: 1669 request saving
04-26 12:35:44.919 21843-21853/no.uio.ifi.viettt.mscosa I/art: Background sticky concurrent mark sweep GC freed 703133(19MB) AllocSpace objects, 0(0B) LOS objects, 16% free, 73MB/88MB, paused 1.775ms total 109.073ms
04-26 12:35:45.020 21843-27593/no.uio.ifi.viettt.mscosa I/System.out: buffer waiting in list: 0, curr size: 2670
04-26 12:35:45.020 21843-27593/no.uio.ifi.viettt.mscosa I/DB SERVICE: 1679 request saving
04-26 12:35:45.312 21843-28917/no.uio.ifi.viettt.mscosa I/System.out: buffer waiting in list: 0, curr size: 2670
04-26 12:35:45.312 21843-28917/no.uio.ifi.viettt.mscosa I/DB SERVICE: 1681 request saving
04-26 12:35:46.629 21843-21843/no.uio.ifi.viettt.mscosa V/BoostFramework: BoostFramework() : mPerf = com.qualcomm.qti.Performance@763b046
04-26 12:35:46.629 21843-21843/no.uio.ifi.viettt.mscosa V/BoostFramework: BoostFramework() : mPerf = com.qualcomm.qti.Performance@14b9207
04-26 12:35:47.275 21843-26362/no.uio.ifi.viettt.mscosa I/System.out: buffer waiting in list: 0, curr size: 19998
04-26 12:35:47.275 21843-26362/no.uio.ifi.viettt.mscosa I/DB SERVICE: 1674 request saving
04-26 12:35:50.658 21843-21849/no.uio.ifi.viettt.mscosa W/art: Suspending all threads took: 27.899ms
04-26 12:35:50.909 21843-27593/no.uio.ifi.viettt.mscosa I/System.out: buffer waiting in list: 0, curr size: 2604
04-26 12:35:50.909 21843-27593/no.uio.ifi.viettt.mscosa I/DB SERVICE: 1679 request saving
04-26 12:35:51.142 21843-28917/no.uio.ifi.viettt.mscosa I/System.out: buffer waiting in list: 0, curr size: 2622
04-26 12:35:51.142 21843-28917/no.uio.ifi.viettt.mscosa I/DB SERVICE: 1681 request saving
04-26 12:35:52.844 21843-26362/no.uio.ifi.viettt.mscosa I/System.out: buffer waiting in list: 0, curr size: 21960
04-26 12:35:52.844 21843-26362/no.uio.ifi.viettt.mscosa I/DB SERVICE: 1674 request saving
04-26 12:35:53.102 21843-27593/no.uio.ifi.viettt.mscosa I/System.out: buffer waiting in list: 0, curr size: 2694
04-26 12:35:53.102 21843-27593/no.uio.ifi.viettt.mscosa I/DB SERVICE: 1679 request saving
04-26 12:35:53.108 21843-30472/no.uio.ifi.viettt.mscosa I/System.out: Startdate not recorded                                                          
04-26 12:35:53.359 21843-28917/no.uio.ifi.viettt.mscosa I/System.out: buffer waiting in list: 0, curr size: 2682
04-26 12:35:53.359 21843-28917/no.uio.ifi.viettt.mscosa I/DB SERVICE: 1681 request saving
04-26 12:35:53.671 21843-21849/no.uio.ifi.viettt.mscosa W/art: Suspending all threads took: 23.005ms
04-26 12:35:54.235 21843-24270/no.uio.ifi.viettt.mscosa I/System.out: buffer waiting in list: 0, curr size: 44562
04-26 12:35:54.236 21843-24270/no.uio.ifi.viettt.mscosa I/DB SERVICE: 1669 request saving
04-26 12:35:55.429 21843-26362/no.uio.ifi.viettt.mscosa I/System.out: buffer waiting in list: 0, curr size: 22434
04-26 12:35:55.430 21843-26362/no.uio.ifi.viettt.mscosa I/DB SERVICE: 1674 request saving
04-26 12:35:56.308 21843-27593/no.uio.ifi.viettt.mscosa I/System.out: buffer waiting in list: 0, curr size: 2688
04-26 12:35:56.309 21843-27593/no.uio.ifi.viettt.mscosa I/DB SERVICE: 1679 request saving
04-26 12:35:57.057 21843-28917/no.uio.ifi.viettt.mscosa I/System.out: buffer waiting in list: 0, curr size: 2676
04-26 12:35:57.057 21843-28917/no.uio.ifi.viettt.mscosa I/DB SERVICE: 1681 request saving
04-26 12:36:00.188 21843-21849/no.uio.ifi.viettt.mscosa W/art: Suspending all threads took: 18.250ms
04-26 12:36:01.686 21843-21849/no.uio.ifi.viettt.mscosa W/art: Suspending all threads took: 7.484ms
04-26 12:36:01.880 21843-26362/no.uio.ifi.viettt.mscosa I/System.out: buffer waiting in list: 0, curr size: 22398
04-26 12:36:01.880 21843-26362/no.uio.ifi.viettt.mscosa I/DB SERVICE: 1674 request saving
04-26 12:36:02.160 21843-27593/no.uio.ifi.viettt.mscosa I/System.out: buffer waiting in list: 0, curr size: 2682
04-26 12:36:02.160 21843-27593/no.uio.ifi.viettt.mscosa I/DB SERVICE: 1679 request saving
04-26 12:36:02.418 21843-28917/no.uio.ifi.viettt.mscosa I/System.out: buffer waiting in list: 0, curr size: 2676
04-26 12:36:02.418 21843-28917/no.uio.ifi.viettt.mscosa I/DB SERVICE: 1681 request saving
04-26 12:36:03.209 21843-21849/no.uio.ifi.viettt.mscosa W/art: Suspending all threads took: 23.864ms
04-26 12:36:04.237 21843-24270/no.uio.ifi.viettt.mscosa I/System.out: buffer waiting in list: 0, curr size: 44778
04-26 12:36:04.237 21843-24270/no.uio.ifi.viettt.mscosa I/DB SERVICE: 1669 request saving
04-26 12:36:04.439 21843-26362/no.uio.ifi.viettt.mscosa I/System.out: buffer waiting in list: 0, curr size: 22374
04-26 12:36:04.439 21843-26362/no.uio.ifi.viettt.mscosa I/DB SERVICE: 1674 request saving
04-26 12:36:05.204 21843-21849/no.uio.ifi.viettt.mscosa W/art: Suspending all threads took: 7.230ms
04-26 12:36:06.329 21843-27593/no.uio.ifi.viettt.mscosa I/System.out: buffer waiting in list: 0, curr size: 2682
04-26 12:36:06.329 21843-27593/no.uio.ifi.viettt.mscosa I/DB SERVICE: 1679 request saving
04-26 12:36:07.101 21843-28917/no.uio.ifi.viettt.mscosa I/System.out: buffer waiting in list: 0, curr size: 2682
04-26 12:36:07.101 21843-28917/no.uio.ifi.viettt.mscosa I/DB SERVICE: 1681 request saving
04-26 12:36:07.660 21843-21853/no.uio.ifi.viettt.mscosa I/art: Background partial concurrent mark sweep GC freed 570473(17MB) AllocSpace objects, 0(0B) LOS objects, 18% free, 70MB/86MB, paused 1.620ms total 101.692ms
04-26 12:36:10.740 21843-26362/no.uio.ifi.viettt.mscosa I/System.out: buffer waiting in list: 0, curr size: 22080
04-26 12:36:10.740 21843-26362/no.uio.ifi.viettt.mscosa I/DB SERVICE: 1674 request saving
04-26 12:36:11.319 21843-27593/no.uio.ifi.viettt.mscosa I/System.out: buffer waiting in list: 0, curr size: 2676
04-26 12:36:11.320 21843-27593/no.uio.ifi.viettt.mscosa I/DB SERVICE: 1679 request saving
04-26 12:36:12.099 21843-28917/no.uio.ifi.viettt.mscosa I/System.out: buffer waiting in list: 0, curr size: 2664
04-26 12:36:12.099 21843-28917/no.uio.ifi.viettt.mscosa I/DB SERVICE: 1681 request saving
04-26 12:36:12.247 21843-21849/no.uio.ifi.viettt.mscosa W/art: Suspending all threads took: 16.616ms
04-26 12:36:13.843 21843-30472/no.uio.ifi.viettt.mscosa I/System.out: BUFF FOR DB 0
04-26 12:36:14.233 21843-26362/no.uio.ifi.viettt.mscosa I/System.out: buffer waiting in list: 0, curr size: 22182
04-26 12:36:14.234 21843-26362/no.uio.ifi.viettt.mscosa I/DB SERVICE: 1674 request saving
04-26 12:36:14.241 21843-24270/no.uio.ifi.viettt.mscosa I/System.out: buffer waiting in list: 0, curr size: 44274
04-26 12:36:14.241 21843-24270/no.uio.ifi.viettt.mscosa I/DB SERVICE: 1669 request saving
04-26 12:36:14.326 21843-30472/no.uio.ifi.viettt.mscosa I/System.out: DONE BUFF 483 milliseconds
04-26 12:36:14.327 21843-30472/no.uio.ifi.viettt.mscosa I/System.out: ---------> CONNECT TO DB 0
04-26 12:36:16.321 21843-27593/no.uio.ifi.viettt.mscosa I/System.out: buffer waiting in list: 0, curr size: 2670
04-26 12:36:16.321 21843-27593/no.uio.ifi.viettt.mscosa I/DB SERVICE: 1679 request saving
04-26 12:36:17.090 21843-28917/no.uio.ifi.viettt.mscosa I/System.out: buffer waiting in list: 0, curr size: 2658
04-26 12:36:17.090 21843-28917/no.uio.ifi.viettt.mscosa I/DB SERVICE: 1681 request saving
04-26 12:36:17.290 21843-21849/no.uio.ifi.viettt.mscosa W/art: Suspending all threads took: 29.316ms
04-26 12:36:17.302 21843-21853/no.uio.ifi.viettt.mscosa W/art: Suspending all threads took: 12.643ms
04-26 12:36:17.349 21843-21853/no.uio.ifi.viettt.mscosa I/art: Background partial concurrent mark sweep GC freed 501328(15MB) AllocSpace objects, 0(0B) LOS objects, 17% free, 76MB/92MB, paused 13.215ms total 92.761ms
04-26 12:36:18.844 21843-21843/no.uio.ifi.viettt.mscosa I/Timeline: Timeline: Activity_launch_request time:58011940
04-26 12:36:19.230 21843-26362/no.uio.ifi.viettt.mscosa I/System.out: buffer waiting in list: 0, curr size: 22098
04-26 12:36:19.230 21843-26362/no.uio.ifi.viettt.mscosa I/DB SERVICE: 1674 request saving
04-26 12:36:19.781 21843-21849/no.uio.ifi.viettt.mscosa W/art: Suspending all threads took: 13.615ms
04-26 12:36:19.792 21843-21853/no.uio.ifi.viettt.mscosa I/art: Background partial concurrent mark sweep GC freed 565604(17MB) AllocSpace objects, 0(0B) LOS objects, 17% free, 75MB/91MB, paused 682us total 103.682ms
04-26 12:36:23.299 21843-21849/no.uio.ifi.viettt.mscosa W/art: Suspending all threads took: 19.964ms
04-26 12:36:23.362 21843-21853/no.uio.ifi.viettt.mscosa I/art: Background partial concurrent mark sweep GC freed 538731(16MB) AllocSpace objects, 2(80KB) LOS objects, 17% free, 77MB/93MB, paused 1.856ms total 104.718ms
04-26 12:36:24.237 21843-24270/no.uio.ifi.viettt.mscosa I/System.out: buffer waiting in list: 0, curr size: 44088
04-26 12:36:24.238 21843-24270/no.uio.ifi.viettt.mscosa I/DB SERVICE: 1669 request saving
04-26 12:36:33.745 21843-30472/no.uio.ifi.viettt.mscosa I/System.out: ---------> DONE DB JOB 19418 milliseconds
04-26 12:36:33.745 21843-30472/no.uio.ifi.viettt.mscosa I/System.out: BUFF FOR DB 1
04-26 12:36:34.003 21843-27593/no.uio.ifi.viettt.mscosa I/System.out: buffer waiting in list: 2, curr size: 2658
04-26 12:36:34.003 21843-27593/no.uio.ifi.viettt.mscosa I/DB SERVICE: 1679 request saving
04-26 12:36:34.295 21843-28917/no.uio.ifi.viettt.mscosa I/System.out: buffer waiting in list: 2, curr size: 2670
04-26 12:36:34.296 21843-28917/no.uio.ifi.viettt.mscosa I/DB SERVICE: 1681 request saving
04-26 12:36:34.296 21843-30472/no.uio.ifi.viettt.mscosa I/System.out: DONE BUFF 551 milliseconds
04-26 12:36:34.296 21843-30472/no.uio.ifi.viettt.mscosa I/System.out: ---------> CONNECT TO DB 1
04-26 12:36:36.184 21843-26362/no.uio.ifi.viettt.mscosa I/System.out: buffer waiting in list: 2, curr size: 21996
04-26 12:36:36.184 21843-26362/no.uio.ifi.viettt.mscosa I/DB SERVICE: 1674 request saving
04-26 12:36:38.350 21843-21849/no.uio.ifi.viettt.mscosa W/art: Suspending all threads took: 9.474ms
04-26 12:36:39.991 21843-24270/no.uio.ifi.viettt.mscosa I/System.out: buffer waiting in list: 0, curr size: 44028
04-26 12:36:39.991 21843-24270/no.uio.ifi.viettt.mscosa I/DB SERVICE: 1669 request saving
04-26 12:36:40.220 21843-27593/no.uio.ifi.viettt.mscosa I/System.out: buffer waiting in list: 2, curr size: 2676
04-26 12:36:40.221 21843-27593/no.uio.ifi.viettt.mscosa I/DB SERVICE: 1679 request saving
04-26 12:36:40.462 21843-28917/no.uio.ifi.viettt.mscosa I/System.out: buffer waiting in list: 2, curr size: 2682
04-26 12:36:40.462 21843-28917/no.uio.ifi.viettt.mscosa I/DB SERVICE: 1681 request saving
04-26 12:36:45.123 21843-21853/no.uio.ifi.viettt.mscosa I/art: Background partial concurrent mark sweep GC freed 565291(17MB) AllocSpace objects, 0(0B) LOS objects, 16% free, 80MB/96MB, paused 1.044ms total 119.192ms
04-26 12:36:51.956 21843-21849/no.uio.ifi.viettt.mscosa W/art: Suspending all threads took: 25.608ms
04-26 12:36:53.101 21843-30472/no.uio.ifi.viettt.mscosa I/System.out: ---------> DONE DB JOB 18805 milliseconds
04-26 12:36:53.102 21843-30472/no.uio.ifi.viettt.mscosa I/System.out: BUFF FOR DB 2
04-26 12:36:53.715 21843-30472/no.uio.ifi.viettt.mscosa I/System.out: DONE BUFF 613 milliseconds
04-26 12:36:53.715 21843-30472/no.uio.ifi.viettt.mscosa I/System.out: ---------> CONNECT TO DB 2
04-26 12:36:55.191 21843-26362/no.uio.ifi.viettt.mscosa I/System.out: buffer waiting in list: 5, curr size: 21954
04-26 12:36:55.191 21843-26362/no.uio.ifi.viettt.mscosa I/DB SERVICE: 1674 request saving
04-26 12:36:55.200 21843-31055/no.uio.ifi.viettt.mscosa I/System.out: Startdate not recorded                                                          
04-26 12:36:55.457 21843-21853/no.uio.ifi.viettt.mscosa W/art: Suspending all threads took: 9.560ms
04-26 12:36:55.502 21843-21853/no.uio.ifi.viettt.mscosa I/art: Background partial concurrent mark sweep GC freed 575846(17MB) AllocSpace objects, 0(0B) LOS objects, 16% free, 83MB/99MB, paused 10.133ms total 106.831ms
04-26 12:36:56.969 21843-21853/no.uio.ifi.viettt.mscosa W/art: Suspending all threads took: 11.140ms
04-26 12:36:57.009 21843-21853/no.uio.ifi.viettt.mscosa I/art: Background sticky concurrent mark sweep GC freed 549697(16MB) AllocSpace objects, 0(0B) LOS objects, 15% free, 83MB/99MB, paused 12.480ms total 71.969ms
04-26 12:36:59.132 21843-24270/no.uio.ifi.viettt.mscosa I/System.out: buffer waiting in list: 1, curr size: 43746
04-26 12:36:59.132 21843-24270/no.uio.ifi.viettt.mscosa I/DB SERVICE: 1669 request saving
04-26 12:36:59.401 21843-27593/no.uio.ifi.viettt.mscosa I/System.out: buffer waiting in list: 5, curr size: 2670
04-26 12:36:59.402 21843-27593/no.uio.ifi.viettt.mscosa I/DB SERVICE: 1679 request saving
04-26 12:36:59.661 21843-28917/no.uio.ifi.viettt.mscosa I/System.out: buffer waiting in list: 5, curr size: 2664
04-26 12:36:59.661 21843-28917/no.uio.ifi.viettt.mscosa I/DB SERVICE: 1681 request saving
04-26 12:37:02.388 21843-21853/no.uio.ifi.viettt.mscosa I/art: Background partial concurrent mark sweep GC freed 555816(17MB) AllocSpace objects, 0(0B) LOS objects, 16% free, 83MB/99MB, paused 1.971ms total 100.592ms
04-26 12:37:04.718 21843-21853/no.uio.ifi.viettt.mscosa I/art: Background partial concurrent mark sweep GC freed 556654(17MB) AllocSpace objects, 0(0B) LOS objects, 15% free, 84MB/100MB, paused 807us total 107.316ms
04-26 12:37:07.020 21843-21849/no.uio.ifi.viettt.mscosa W/art: Suspending all threads took: 6.763ms
04-26 12:37:07.793 21843-21853/no.uio.ifi.viettt.mscosa I/art: Background partial concurrent mark sweep GC freed 528547(16MB) AllocSpace objects, 0(0B) LOS objects, 15% free, 85MB/101MB, paused 414us total 107.100ms
04-26 12:37:08.541 21843-21849/no.uio.ifi.viettt.mscosa W/art: Suspending all threads took: 24.313ms
04-26 12:37:09.360 21843-21853/no.uio.ifi.viettt.mscosa I/art: Background partial concurrent mark sweep GC freed 584616(18MB) AllocSpace objects, 0(0B) LOS objects, 15% free, 85MB/101MB, paused 2.088ms total 117.177ms
04-26 12:37:12.359 21843-30472/no.uio.ifi.viettt.mscosa I/System.out: ---------> DONE DB JOB 18643 milliseconds
04-26 12:37:12.359 21843-30472/no.uio.ifi.viettt.mscosa I/System.out: BUFF FOR DB 3
04-26 12:37:12.389 21843-21853/no.uio.ifi.viettt.mscosa I/art: Background partial concurrent mark sweep GC freed 525492(16MB) AllocSpace objects, 0(0B) LOS objects, 15% free, 87MB/103MB, paused 2.671ms total 108.294ms
04-26 12:37:13.009 21843-30472/no.uio.ifi.viettt.mscosa I/System.out: DONE BUFF 650 milliseconds
04-26 12:37:13.010 21843-30472/no.uio.ifi.viettt.mscosa I/System.out: ---------> CONNECT TO DB 3
04-26 12:37:13.537 21843-21853/no.uio.ifi.viettt.mscosa I/art: Background partial concurrent mark sweep GC freed 573783(18MB) AllocSpace objects, 0(0B) LOS objects, 15% free, 87MB/103MB, paused 1.931ms total 118.820ms
04-26 12:37:14.341 21843-26362/no.uio.ifi.viettt.mscosa I/System.out: buffer waiting in list: 8, curr size: 22032
04-26 12:37:14.341 21843-26362/no.uio.ifi.viettt.mscosa I/DB SERVICE: 1674 request saving
04-26 12:37:15.050 21843-21849/no.uio.ifi.viettt.mscosa W/art: Suspending all threads took: 5.028ms
04-26 12:37:15.061 21843-21853/no.uio.ifi.viettt.mscosa W/art: Suspending all threads took: 11.440ms
04-26 12:37:15.095 21843-21853/no.uio.ifi.viettt.mscosa I/art: Background sticky concurrent mark sweep GC freed 524642(16MB) AllocSpace objects, 0(0B) LOS objects, 14% free, 88MB/103MB, paused 12.571ms total 63.040ms
04-26 12:37:15.488 21843-21843/no.uio.ifi.viettt.mscosa V/BoostFramework: BoostFramework() : mPerf = com.qualcomm.qti.Performance@623fb33
04-26 12:37:15.488 21843-21843/no.uio.ifi.viettt.mscosa V/BoostFramework: BoostFramework() : mPerf = com.qualcomm.qti.Performance@4daef0
