                                                                               Requests in progress:
                                                                                 executeForLastInsertedRowId started 1ms ago - running, sql="INSERT INTO SAMPLE(sample_value,timestamp,r_id) VALUES (?,?,?)"
04-26 12:50:32.491 21843-28917/no.uio.ifi.viettt.mscosa W/SQLiteConnectionPool: The connection pool for database '/data/user/0/no.uio.ifi.viettt.mscosa/databases/osamsc.db' has been unable to grant a connection to thread 1681 (Thread-25) with flags 0x2 for 30.000002 seconds.
                                                                                Connections: 0 active, 1 idle, 0 available.
04-26 12:50:33.026 21843-21849/no.uio.ifi.viettt.mscosa W/art: Suspending all threads took: 524.976ms
04-26 12:50:33.089 21843-21853/no.uio.ifi.viettt.mscosa W/art: Suspending all threads took: 63.621ms
04-26 12:50:33.134 21843-21849/no.uio.ifi.viettt.mscosa W/art: Suspending all threads took: 43.312ms
04-26 12:50:33.214 21843-21853/no.uio.ifi.viettt.mscosa I/art: Background partial concurrent mark sweep GC freed 590428(17MB) AllocSpace objects, 0(0B) LOS objects, 4% free, 322MB/338MB, paused 64.791ms total 926.484ms
04-26 12:50:34.040 21843-21849/no.uio.ifi.viettt.mscosa W/art: Suspending all threads took: 31.189ms
04-26 12:50:34.108 21843-21853/no.uio.ifi.viettt.mscosa I/art: Background sticky concurrent mark sweep GC freed 579664(16MB) AllocSpace objects, 0(0B) LOS objects, 4% free, 323MB/338MB, paused 3.274ms total 214.608ms
04-26 12:50:34.782 21843-31055/no.uio.ifi.viettt.mscosa I/System.out: ---------> DONE DB JOB 45282 milliseconds
04-26 12:50:34.782 21843-31055/no.uio.ifi.viettt.mscosa I/System.out: BUFF FOR DB 12
04-26 12:50:34.852 21843-21853/no.uio.ifi.viettt.mscosa I/art: Background sticky concurrent mark sweep GC freed 551312(15MB) AllocSpace objects, 0(0B) LOS objects, 3% free, 325MB/338MB, paused 2.214ms total 158.812ms
04-26 12:50:35.509 21843-21853/no.uio.ifi.viettt.mscosa I/art: Background sticky concurrent mark sweep GC freed 417986(12MB) AllocSpace objects, 0(0B) LOS objects, 2% free, 328MB/338MB, paused 4.549ms total 129.011ms
04-26 12:50:35.944 21843-31055/no.uio.ifi.viettt.mscosa I/System.out: DONE BUFF 1162 milliseconds
04-26 12:50:35.944 21843-31055/no.uio.ifi.viettt.mscosa I/System.out: ---------> CONNECT TO DB 12
04-26 12:50:36.039 21843-21849/no.uio.ifi.viettt.mscosa W/art: Suspending all threads took: 13.979ms
04-26 12:50:36.107 21843-21853/no.uio.ifi.viettt.mscosa I/art: Background sticky concurrent mark sweep GC freed 323317(9MB) AllocSpace objects, 0(0B) LOS objects, 2% free, 329MB/338MB, paused 3.537ms total 140.186ms
04-26 12:50:37.388 21843-21849/no.uio.ifi.viettt.mscosa W/art: Suspending all threads took: 371.596ms
04-26 12:50:37.452 21843-21853/no.uio.ifi.viettt.mscosa W/art: Suspending all threads took: 64.379ms
04-26 12:50:37.545 21843-21849/no.uio.ifi.viettt.mscosa W/art: Suspending all threads took: 26.949ms
04-26 12:50:37.618 21843-21853/no.uio.ifi.viettt.mscosa I/art: Background partial concurrent mark sweep GC freed 712121(22MB) AllocSpace objects, 0(0B) LOS objects, 4% free, 325MB/341MB, paused 65.862ms total 1.034s
04-26 12:50:38.440 21843-21853/no.uio.ifi.viettt.mscosa I/art: Background sticky concurrent mark sweep GC freed 640456(17MB) AllocSpace objects, 0(0B) LOS objects, 4% free, 326MB/341MB, paused 2.850ms total 186.468ms
04-26 12:50:39.394 21843-21853/no.uio.ifi.viettt.mscosa I/art: Background sticky concurrent mark sweep GC freed 572736(16MB) AllocSpace objects, 0(0B) LOS objects, 4% free, 326MB/341MB, paused 2.895ms total 161.997ms
04-26 12:50:40.233 21843-26362/no.uio.ifi.viettt.mscosa I/System.out: buffer waiting in list: 144, curr size: 22074
04-26 12:50:40.233 21843-26362/no.uio.ifi.viettt.mscosa I/DB SERVICE: 1674 request saving
04-26 12:50:40.316 21843-21853/no.uio.ifi.viettt.mscosa I/art: Background sticky concurrent mark sweep GC freed 550368(15MB) AllocSpace objects, 0(0B) LOS objects, 4% free, 326MB/341MB, paused 3.233ms total 107.690ms
04-26 12:50:41.294 21843-21853/no.uio.ifi.viettt.mscosa I/art: Background sticky concurrent mark sweep GC freed 561384(16MB) AllocSpace objects, 0(0B) LOS objects, 4% free, 327MB/341MB, paused 3.061ms total 146.034ms
04-26 12:50:41.304 21843-21853/no.uio.ifi.viettt.mscosa W/art: Suspending all threads took: 9.825ms
04-26 12:50:42.062 21843-21849/no.uio.ifi.viettt.mscosa W/art: Suspending all threads took: 22.463ms
04-26 12:50:42.128 21843-21853/no.uio.ifi.viettt.mscosa W/art: Suspending all threads took: 65.587ms
04-26 12:50:42.220 21843-21853/no.uio.ifi.viettt.mscosa I/art: Background sticky concurrent mark sweep GC freed 504684(14MB) AllocSpace objects, 0(0B) LOS objects, 3% free, 328MB/341MB, paused 66.656ms total 181.198ms
04-26 12:50:43.873 21843-21853/no.uio.ifi.viettt.mscosa I/art: Background sticky concurrent mark sweep GC freed 519549(15MB) AllocSpace objects, 0(0B) LOS objects, 3% free, 328MB/341MB, paused 3.790ms total 111.974ms
04-26 12:50:44.574 21843-21849/no.uio.ifi.viettt.mscosa W/art: Suspending all threads took: 17.187ms
04-26 12:50:44.648 21843-21853/no.uio.ifi.viettt.mscosa W/art: Suspending all threads took: 74.558ms
04-26 12:50:44.738 21843-21853/no.uio.ifi.viettt.mscosa I/art: Background sticky concurrent mark sweep GC freed 469830(13MB) AllocSpace objects, 0(0B) LOS objects, 3% free, 329MB/341MB, paused 75.875ms total 191.985ms
04-26 12:50:45.490 21843-21853/no.uio.ifi.viettt.mscosa I/art: Background sticky concurrent mark sweep GC freed 484856(14MB) AllocSpace objects, 0(0B) LOS objects, 3% free, 329MB/341MB, paused 2.543ms total 140.432ms
04-26 12:50:46.263 21843-21853/no.uio.ifi.viettt.mscosa I/art: Background sticky concurrent mark sweep GC freed 469131(13MB) AllocSpace objects, 0(0B) LOS objects, 3% free, 329MB/341MB, paused 2.851ms total 108.433ms
04-26 12:50:47.539 21843-24270/no.uio.ifi.viettt.mscosa I/System.out: buffer waiting in list: 58, curr size: 44328
04-26 12:50:47.539 21843-24270/no.uio.ifi.viettt.mscosa I/DB SERVICE: 1669 request saving
04-26 12:50:47.826 21843-21853/no.uio.ifi.viettt.mscosa I/art: Background sticky concurrent mark sweep GC freed 460054(13MB) AllocSpace objects, 0(0B) LOS objects, 3% free, 330MB/341MB, paused 2.310ms total 141.888ms
04-26 12:50:48.242 21843-27593/no.uio.ifi.viettt.mscosa I/System.out: buffer waiting in list: 145, curr size: 2688
04-26 12:50:48.242 21843-27593/no.uio.ifi.viettt.mscosa I/DB SERVICE: 1679 request saving
04-26 12:50:48.254 21843-3610/no.uio.ifi.viettt.mscosa I/System.out: 32
04-26 12:50:48.819 21843-28917/no.uio.ifi.viettt.mscosa I/System.out: buffer waiting in list: 145, curr size: 2676
04-26 12:50:48.819 21843-28917/no.uio.ifi.viettt.mscosa I/DB SERVICE: 1681 request saving
04-26 12:50:49.320 21843-21853/no.uio.ifi.viettt.mscosa I/art: Background sticky concurrent mark sweep GC freed 443808(12MB) AllocSpace objects, 0(0B) LOS objects, 2% free, 331MB/341MB, paused 2.514ms total 135.894ms
04-26 12:50:50.591 21843-21849/no.uio.ifi.viettt.mscosa W/art: Suspending all threads took: 19.878ms
04-26 12:50:50.666 21843-21853/no.uio.ifi.viettt.mscosa I/art: Background sticky concurrent mark sweep GC freed 392462(11MB) AllocSpace objects, 0(0B) LOS objects, 3% free, 330MB/341MB, paused 2.102ms total 163.012ms
04-26 12:50:51.299 21843-21853/no.uio.ifi.viettt.mscosa I/art: Background sticky concurrent mark sweep GC freed 396064(11MB) AllocSpace objects, 0(0B) LOS objects, 2% free, 331MB/341MB, paused 2.886ms total 111.352ms
04-26 12:50:53.114 21843-21849/no.uio.ifi.viettt.mscosa W/art: Suspending all threads took: 24.527ms
04-26 12:50:53.186 21843-21853/no.uio.ifi.viettt.mscosa I/art: Background sticky concurrent mark sweep GC freed 352467(10MB) AllocSpace objects, 0(0B) LOS objects, 2% free, 331MB/341MB, paused 4.747ms total 135.511ms
04-26 12:50:54.388 21843-21853/no.uio.ifi.viettt.mscosa I/art: Background sticky concurrent mark sweep GC freed 356713(10MB) AllocSpace objects, 0(0B) LOS objects, 2% free, 333MB/341MB, paused 2.422ms total 138.520ms
04-26 12:50:57.843 21843-21853/no.uio.ifi.viettt.mscosa W/art: Suspending all threads took: 5.222ms
04-26 12:50:57.874 21843-21853/no.uio.ifi.viettt.mscosa I/art: Background sticky concurrent mark sweep GC freed 273883(7MB) AllocSpace objects, 0(0B) LOS objects, 2% free, 334MB/341MB, paused 6.917ms total 63.515ms
04-26 12:50:58.863 21843-21853/no.uio.ifi.viettt.mscosa I/art: Background sticky concurrent mark sweep GC freed 296611(8MB) AllocSpace objects, 0(0B) LOS objects, 1% free, 336MB/341MB, paused 2.949ms total 142.283ms
04-26 12:51:00.054 21843-21849/no.uio.ifi.viettt.mscosa W/art: Suspending all threads took: 430.583ms
04-26 12:51:00.118 21843-21853/no.uio.ifi.viettt.mscosa W/art: Suspending all threads took: 64.190ms
04-26 12:51:00.168 21843-21849/no.uio.ifi.viettt.mscosa W/art: Suspending all threads took: 38.629ms
04-26 12:51:00.251 21843-21853/no.uio.ifi.viettt.mscosa I/art: Background partial concurrent mark sweep GC freed 617318(20MB) AllocSpace objects, 0(0B) LOS objects, 4% free, 329MB/345MB, paused 65.515ms total 1.054s
04-26 12:51:00.634 21843-21849/no.uio.ifi.viettt.mscosa W/art: Suspending all threads took: 6.802ms
04-26 12:51:01.131 21843-21853/no.uio.ifi.viettt.mscosa I/art: Background sticky concurrent mark sweep GC freed 607246(16MB) AllocSpace objects, 0(0B) LOS objects, 3% free, 334MB/345MB, paused 3.153ms total 236.414ms
04-26 12:51:01.918 21843-21853/no.uio.ifi.viettt.mscosa I/art: Background sticky concurrent mark sweep GC freed 557750(15MB) AllocSpace objects, 0(0B) LOS objects, 3% free, 332MB/345MB, paused 2.981ms total 165.982ms
04-26 12:51:02.678 21843-21849/no.uio.ifi.viettt.mscosa W/art: Suspending all threads took: 36.238ms
04-26 12:51:02.765 21843-21853/no.uio.ifi.viettt.mscosa I/art: Background sticky concurrent mark sweep GC freed 520321(15MB) AllocSpace objects, 0(0B) LOS objects, 4% free, 330MB/345MB, paused 2.881ms total 175.008ms
04-26 12:51:03.589 21843-21853/no.uio.ifi.viettt.mscosa I/art: Background sticky concurrent mark sweep GC freed 534109(15MB) AllocSpace objects, 0(0B) LOS objects, 3% free, 332MB/345MB, paused 1.995ms total 116.288ms
04-26 12:51:04.433 21843-21853/no.uio.ifi.viettt.mscosa I/art: Background sticky concurrent mark sweep GC freed 503338(14MB) AllocSpace objects, 0(0B) LOS objects, 3% free, 332MB/345MB, paused 1.265ms total 110.275ms
04-26 12:51:05.185 21843-21849/no.uio.ifi.viettt.mscosa W/art: Suspending all threads took: 27.605ms
04-26 12:51:06.105 21843-21853/no.uio.ifi.viettt.mscosa I/art: Background sticky concurrent mark sweep GC freed 485687(13MB) AllocSpace objects, 0(0B) LOS objects, 3% free, 333MB/345MB, paused 1.916ms total 134.257ms
04-26 12:51:06.941 21843-21853/no.uio.ifi.viettt.mscosa I/art: Background sticky concurrent mark sweep GC freed 467609(13MB) AllocSpace objects, 0(0B) LOS objects, 3% free, 334MB/345MB, paused 2.910ms total 164.334ms
04-26 12:51:07.589 21843-21853/no.uio.ifi.viettt.mscosa I/art: Background sticky concurrent mark sweep GC freed 442620(12MB) AllocSpace objects, 0(0B) LOS objects, 3% free, 334MB/345MB, paused 2.705ms total 112.482ms
04-26 12:51:08.403 21843-21853/no.uio.ifi.viettt.mscosa I/art: Background sticky concurrent mark sweep GC freed 465253(13MB) AllocSpace objects, 0(0B) LOS objects, 3% free, 334MB/345MB, paused 2.560ms total 149.613ms
04-26 12:51:09.072 21843-21853/no.uio.ifi.viettt.mscosa I/art: Background sticky concurrent mark sweep GC freed 418420(12MB) AllocSpace objects, 0(0B) LOS objects, 3% free, 334MB/345MB, paused 3.244ms total 111.176ms
04-26 12:51:09.718 21843-21849/no.uio.ifi.viettt.mscosa W/art: Suspending all threads took: 31.212ms
04-26 12:51:09.796 21843-21853/no.uio.ifi.viettt.mscosa I/art: Background sticky concurrent mark sweep GC freed 411248(11MB) AllocSpace objects, 0(0B) LOS objects, 3% free, 333MB/345MB, paused 2.637ms total 143.041ms
04-26 12:51:10.271 21843-26362/no.uio.ifi.viettt.mscosa W/SQLiteConnectionPool: The connection pool for database '/data/user/0/no.uio.ifi.viettt.mscosa/databases/osamsc.db' has been unable to grant a connection to thread 1674 (Thread-19) with flags 0x2 for 30.035002 seconds.
                                                                                Connections: 1 active, 0 idle, 0 available.
                                                                                
                                                                                Requests in progress:
                                                                                  executeForLastInsertedRowId started 0ms ago - running, sql="INSERT INTO SAMPLE(sample_value,timestamp,r_id) VALUES (?,?,?)"
04-26 12:51:10.480 21843-21853/no.uio.ifi.viettt.mscosa I/art: Background sticky concurrent mark sweep GC freed 411413(11MB) AllocSpace objects, 0(0B) LOS objects, 2% free, 335MB/345MB, paused 2.979ms total 126.225ms
04-26 12:51:11.725 21843-21849/no.uio.ifi.viettt.mscosa W/art: Suspending all threads took: 26.748ms
04-26 12:51:14.208 21843-21849/no.uio.ifi.viettt.mscosa W/art: Suspending all threads took: 5.681ms
04-26 12:51:14.288 21843-21853/no.uio.ifi.viettt.mscosa I/art: Background sticky concurrent mark sweep GC freed 341696(9MB) AllocSpace objects, 0(0B) LOS objects, 2% free, 337MB/345MB, paused 2.200ms total 170.062ms
04-26 12:51:15.698 21843-21849/no.uio.ifi.viettt.mscosa W/art: Suspending all threads took: 487.811ms
04-26 12:51:15.765 21843-21853/no.uio.ifi.viettt.mscosa W/art: Suspending all threads took: 67.494ms
04-26 12:51:15.814 21843-21849/no.uio.ifi.viettt.mscosa W/art: Suspending all threads took: 47.105ms
04-26 12:51:15.887 21843-21853/no.uio.ifi.viettt.mscosa I/art: Background partial concurrent mark sweep GC freed 608941(18MB) AllocSpace objects, 0(0B) LOS objects, 4% free, 334MB/350MB, paused 68.645ms total 1.107s
04-26 12:51:16.695 21843-21853/no.uio.ifi.viettt.mscosa I/art: Background sticky concurrent mark sweep GC freed 636138(17MB) AllocSpace objects, 0(0B) LOS objects, 3% free, 337MB/350MB, paused 1.792ms total 206.952ms
04-26 12:51:16.704 21843-21853/no.uio.ifi.viettt.mscosa W/art: Suspending all threads took: 9.266ms
04-26 12:51:17.529 21843-21853/no.uio.ifi.viettt.mscosa I/art: Background sticky concurrent mark sweep GC freed 543206(15MB) AllocSpace objects, 0(0B) LOS objects, 3% free, 337MB/350MB, paused 3.210ms total 155.049ms
04-26 12:51:17.534 21843-21853/no.uio.ifi.viettt.mscosa W/art: Suspending all threads took: 5.120ms
04-26 12:51:17.606 21843-24270/no.uio.ifi.viettt.mscosa W/SQLiteConnectionPool: The connection pool for database '/data/user/0/no.uio.ifi.viettt.mscosa/databases/osamsc.db' has been unable to grant a connection to thread 1669 (Thread-14) with flags 0x2 for 30.067001 seconds.
                                                                                Connections: 0 active, 1 idle, 0 available.
04-26 12:51:17.610 21843-2850/no.uio.ifi.viettt.mscosa W/SQLiteConnectionPool: The connection pool for database '/data/user/0/no.uio.ifi.viettt.mscosa/databases/osamsc.db' has been unable to grant a connection to thread 1686 (Thread-26) with flags 0x1 for 30.071001 seconds.
                                                                               Connections: 0 active, 1 idle, 0 available.
04-26 12:51:18.293 21843-27593/no.uio.ifi.viettt.mscosa W/SQLiteConnectionPool: The connection pool for database '/data/user/0/no.uio.ifi.viettt.mscosa/databases/osamsc.db' has been unable to grant a connection to thread 1679 (Thread-23) with flags 0x2 for 30.050001 seconds.
                                                                                Connections: 0 active, 1 idle, 0 available.
04-26 12:51:18.293 21843-31055/no.uio.ifi.viettt.mscosa I/System.out: ---------> DONE DB JOB 42349 milliseconds
04-26 12:51:18.293 21843-31055/no.uio.ifi.viettt.mscosa I/System.out: BUFF FOR DB 13
04-26 12:51:18.311 21843-3610/no.uio.ifi.viettt.mscosa W/SQLiteConnectionPool: The connection pool for database '/data/user/0/no.uio.ifi.viettt.mscosa/databases/osamsc.db' has been unable to grant a connection to thread 1687 (Thread-27) with flags 0x2 for 30.056002 seconds.
                                                                               Connections: 0 active, 1 idle, 0 available.
04-26 12:51:18.522 21843-21853/no.uio.ifi.viettt.mscosa I/art: Background sticky concurrent mark sweep GC freed 529704(15MB) AllocSpace objects, 0(0B) LOS objects, 3% free, 340MB/350MB, paused 3.096ms total 232.741ms
04-26 12:51:18.819 21843-28917/no.uio.ifi.viettt.mscosa W/SQLiteConnectionPool: The connection pool for database '/data/user/0/no.uio.ifi.viettt.mscosa/databases/osamsc.db' has been unable to grant a connection to thread 1681 (Thread-25) with flags 0x2 for 30.000002 seconds.
                                                                                Connections: 0 active, 1 idle, 0 available.
04-26 12:51:19.180 21843-21853/no.uio.ifi.viettt.mscosa I/art: Background sticky concurrent mark sweep GC freed 404275(12MB) AllocSpace objects, 0(0B) LOS objects, 2% free, 342MB/350MB, paused 6.104ms total 171.313ms
04-26 12:51:19.738 21843-21849/no.uio.ifi.viettt.mscosa W/art: Suspending all threads took: 21.335ms
04-26 12:51:19.819 21843-21853/no.uio.ifi.viettt.mscosa W/art: Suspending all threads took: 81.559ms
04-26 12:51:19.839 21843-31055/no.uio.ifi.viettt.mscosa I/System.out: DONE BUFF 1546 milliseconds
04-26 12:51:19.840 21843-31055/no.uio.ifi.viettt.mscosa I/System.out: ---------> CONNECT TO DB 13
04-26 12:51:19.902 21843-21853/no.uio.ifi.viettt.mscosa I/art: Background sticky concurrent mark sweep GC freed 292701(8MB) AllocSpace objects, 0(0B) LOS objects, 1% free, 343MB/350MB, paused 83.061ms total 221.777ms
04-26 12:51:21.196 21843-21849/no.uio.ifi.viettt.mscosa W/art: Suspending all threads took: 961.943ms
04-26 12:51:21.284 21843-21853/no.uio.ifi.viettt.mscosa W/art: Suspending all threads took: 87.564ms
04-26 12:51:21.324 21843-21849/no.uio.ifi.viettt.mscosa W/art: Suspending all threads took: 38.391ms
04-26 12:51:21.531 21843-21853/no.uio.ifi.viettt.mscosa I/art: Background partial concurrent mark sweep GC freed 440477(14MB) AllocSpace objects, 0(0B) LOS objects, 4% free, 336MB/352MB, paused 89.175ms total 1.205s
04-26 12:51:21.626 21843-21843/no.uio.ifi.viettt.mscosa I/Choreographer: Skipped 82 frames!  The application may be doing too much work on its main thread.
04-26 12:51:22.650 21843-21853/no.uio.ifi.viettt.mscosa I/art: Background sticky concurrent mark sweep GC freed 594078(16MB) AllocSpace objects, 0(0B) LOS objects, 3% free, 339MB/352MB, paused 3.684ms total 197.018ms
04-26 12:51:22.661 21843-21853/no.uio.ifi.viettt.mscosa W/art: Suspending all threads took: 10.839ms
04-26 12:51:23.278 21843-21849/no.uio.ifi.viettt.mscosa W/art: Suspending all threads took: 47.033ms
04-26 12:51:23.353 21843-21853/no.uio.ifi.viettt.mscosa I/art: Background sticky concurrent mark sweep GC freed 590884(16MB) AllocSpace objects, 0(0B) LOS objects, 4% free, 337MB/352MB, paused 3.175ms total 184.988ms
04-26 12:51:24.102 21843-21853/no.uio.ifi.viettt.mscosa I/art: Background sticky concurrent mark sweep GC freed 534129(15MB) AllocSpace objects, 0(0B) LOS objects, 3% free, 339MB/352MB, paused 3.104ms total 139.611ms
04-26 12:51:24.771 21843-21849/no.uio.ifi.viettt.mscosa W/art: Suspending all threads took: 33.246ms
04-26 12:51:24.845 21843-21853/no.uio.ifi.viettt.mscosa I/art: Background sticky concurrent mark sweep GC freed 522434(14MB) AllocSpace objects, 0(0B) LOS objects, 3% free, 338MB/352MB, paused 2.803ms total 164.261ms
04-26 12:51:25.550 21843-21853/no.uio.ifi.viettt.mscosa I/art: Background sticky concurrent mark sweep GC freed 499039(13MB) AllocSpace objects, 0(0B) LOS objects, 3% free, 340MB/352MB, paused 2.077ms total 109.161ms
04-26 12:51:25.966 21843-26362/no.uio.ifi.viettt.mscosa I/System.out: buffer waiting in list: 152, curr size: 22026
04-26 12:51:25.967 21843-26362/no.uio.ifi.viettt.mscosa I/DB SERVICE: 1674 request saving
04-26 12:51:26.279 21843-21849/no.uio.ifi.viettt.mscosa W/art: Suspending all threads took: 30.982ms
04-26 12:51:27.109 21843-21853/no.uio.ifi.viettt.mscosa I/art: Background sticky concurrent mark sweep GC freed 471286(13MB) AllocSpace objects, 0(0B) LOS objects, 3% free, 340MB/352MB, paused 2.130ms total 117.316ms
04-26 12:51:27.781 21843-21849/no.uio.ifi.viettt.mscosa W/art: Suspending all threads took: 25.812ms
04-26 12:51:28.599 21843-21853/no.uio.ifi.viettt.mscosa I/art: Background sticky concurrent mark sweep GC freed 456817(13MB) AllocSpace objects, 0(0B) LOS objects, 3% free, 340MB/352MB, paused 2.445ms total 103.358ms
04-26 12:51:29.273 21843-21849/no.uio.ifi.viettt.mscosa W/art: Suspending all threads took: 9.650ms
04-26 12:51:29.353 21843-21853/no.uio.ifi.viettt.mscosa I/art: Background sticky concurrent mark sweep GC freed 414171(12MB) AllocSpace objects, 0(0B) LOS objects, 3% free, 341MB/352MB, paused 3.464ms total 158.684ms
04-26 12:51:30.011 21843-21853/no.uio.ifi.viettt.mscosa I/art: Background sticky concurrent mark sweep GC freed 407751(11MB) AllocSpace objects, 0(0B) LOS objects, 2% free, 342MB/352MB, paused 1.464ms total 109.554ms
